<html>
<body>
<pre>
<h1>µVision Build Log</h1>
<h2>Tool Versions:</h2>
IDE-Version: ¦ÌVision V5.25.2.0
Copyright (C) 2018 ARM Ltd and ARM Germany GmbH. All rights reserved.
License Information: zz zz, zz, LIC=VGXG8-3C62R-45MT5-GGR6X-X5RIF-UHTI9
 
Tool Versions:
Toolchain:       MDK-ARM Plus  Version: 5.25.2.0
Toolchain Path:  D:\Keil_v5\ARM\ARMCC\Bin
C Compiler:      Armcc.exe V5.06 update 6 (build 750)
Assembler:       Armasm.exe V5.06 update 6 (build 750)
Linker/Locator:  ArmLink.exe V5.06 update 6 (build 750)
Library Manager: ArmAr.exe V5.06 update 6 (build 750)
Hex Converter:   FromElf.exe V5.06 update 6 (build 750)
CPU DLL:         SARMCM3.DLL V5.25.2.0
Dialog DLL:      DARMSTM.DLL V1.68.0.0
Target DLL:      Segger\JL2CM3.dll V2.99.29.0
Dialog DLL:      TARMSTM.DLL V1.66.0.0
 
<h2>Project:</h2>
D:\Project\MyProject1\Modbus\STM32f103zet6\USER\TOUCH.uvprojx
Project File Date:  03/31/2020

<h2>Output:</h2>
*** Using Compiler 'V5.06 update 6 (build 750)', folder: 'D:\Keil_v5\ARM\ARMCC\Bin'
Build target 'TOUCH'
compiling system_stm32f10x.c...
compiling myiic.c...
compiling led.c...
compiling spi.c...
compiling bsp_amg88xx.c...
compiling stm32f10x_it.c...
compiling main.c...
compiling key.c...
compiling w25qxx.c...
compiling touch.c...
compiling lcd.c...
compiling FONT.c...
compiling Dis_Picture.c...
compiling Picture.c...
compiling Text.c...
compiling tim3.c...
compiling delay.c...
compiling misc.c...
compiling usart.c...
compiling stm32f10x_gpio.c...
compiling stm32f10x_fsmc.c...
compiling stm32f10x_rcc.c...
compiling stm32f10x_spi.c...
compiling core_cm3.c...
compiling stm32f10x_usart.c...
compiling sys.c...
compiling stm32f10x_tim.c...
compiling MD_RTU_APP.c...
compiling MD_RTU_CRC16.c...
compiling GBK_LibDrive.c...
compiling MD_RTU_Queue.c...
compiling MD_RTU_RegCoil.c...
compiling MD_RTU_Fun.c...
compiling MD_RTU_User_Fun.c...
compiling MDM_RTU_APP.c...
compiling MDM_RTU_Fun.c...
compiling MDM_RTU_User_Fun.c...
compiling MD_RTU_Serial.c...
compiling MDM_RTU_Serial.c...
linking...
Program Size: Code=15900 RO-data=7068 RW-data=228 ZI-data=6052  
FromELF: creating hex file...
"..\OBJ\TOUCH.axf" - 0 Error(s), 0 Warning(s).

<h2>Software Packages used:</h2>

Package Vendor: Keil
                http://www.keil.com/pack/Keil.STM32F1xx_DFP.2.1.0.pack
                Keil.STM32F1xx_DFP.2.1.0
                STMicroelectronics STM32F1 Series Device Support, Drivers and Examples

<h2>Collection of Component include folders:</h2>
  .\RTE\_TOUCH
  D:\Keil_v5\ARM\PACK\Keil\STM32F1xx_DFP\2.1.0\Device\Include

<h2>Collection of Component Files used:</h2>
Build Time Elapsed:  00:00:11
</pre>
</body>
</html>
