Component: ARM Compiler 5.06 update 7 (build 960) Tool: armlink [4d3601]

==============================================================================

Section Cross References

    main.o(i.main) refers to misc.o(i.NVIC_PriorityGroupConfig) for NVIC_PriorityGroupConfig
    main.o(i.main) refers to mdm_rtu_app.o(i.MDM_RTU_APPInit) for MDM_RTU_APPInit
    main.o(i.main) refers to tim3.o(i.TIM3_Int_Init) for TIM3_Int_Init
    main.o(i.main) refers to mdm_rtu_app.o(i.MDM_RTU_Loop) for MDM_RTU_Loop
    main.o(i.main) refers to mdm_rtu_rw_man.o(i.MDM_RW_CtrlLoop) for MDM_RW_CtrlLoop
    system_stm32f10x.o(i.SetSysClock) refers to system_stm32f10x.o(i.SetSysClockTo72) for SetSysClockTo72
    system_stm32f10x.o(i.SystemCoreClockUpdate) refers to system_stm32f10x.o(.data) for SystemCoreClock
    system_stm32f10x.o(i.SystemInit) refers to system_stm32f10x.o(i.SetSysClock) for SetSysClock
    tim3.o(i.TIM3_IRQHandler) refers to stm32f10x_tim.o(i.TIM_GetITStatus) for TIM_GetITStatus
    tim3.o(i.TIM3_IRQHandler) refers to stm32f10x_tim.o(i.TIM_ClearITPendingBit) for TIM_ClearITPendingBit
    tim3.o(i.TIM3_IRQHandler) refers to mdm_rtu_serial.o(i.MDMTimeHandler100US) for MDMTimeHandler100US
    tim3.o(i.TIM3_IRQHandler) refers to tim3.o(.data) for sys_tick_100us
    tim3.o(i.TIM3_Int_Init) refers to stm32f10x_rcc.o(i.RCC_APB1PeriphClockCmd) for RCC_APB1PeriphClockCmd
    tim3.o(i.TIM3_Int_Init) refers to stm32f10x_tim.o(i.TIM_TimeBaseInit) for TIM_TimeBaseInit
    tim3.o(i.TIM3_Int_Init) refers to stm32f10x_tim.o(i.TIM_ITConfig) for TIM_ITConfig
    tim3.o(i.TIM3_Int_Init) refers to misc.o(i.NVIC_Init) for NVIC_Init
    tim3.o(i.TIM3_Int_Init) refers to stm32f10x_tim.o(i.TIM_Cmd) for TIM_Cmd
    usart3.o(i.RS485RWConvInit) refers to stm32f10x_rcc.o(i.RCC_APB2PeriphClockCmd) for RCC_APB2PeriphClockCmd
    usart3.o(i.RS485RWConvInit) refers to stm32f10x_bkp.o(i.BKP_TamperPinCmd) for BKP_TamperPinCmd
    usart3.o(i.RS485RWConvInit) refers to stm32f10x_bkp.o(i.BKP_ITConfig) for BKP_ITConfig
    usart3.o(i.RS485RWConvInit) refers to stm32f10x_gpio.o(i.GPIO_Init) for GPIO_Init
    usart3.o(i.RS485RWConvInit) refers to stm32f10x_gpio.o(i.GPIO_ResetBits) for GPIO_ResetBits
    usart3.o(i.USART3_IRQHandler) refers to stm32f10x_usart.o(i.USART_GetITStatus) for USART_GetITStatus
    usart3.o(i.USART3_IRQHandler) refers to stm32f10x_usart.o(i.USART_ReceiveData) for USART_ReceiveData
    usart3.o(i.USART3_IRQHandler) refers to mdm_rtu_serial.o(i.MDMSerialRecvByte) for MDMSerialRecvByte
    usart3.o(i.init_usart3) refers to stm32f10x_rcc.o(i.RCC_APB2PeriphClockCmd) for RCC_APB2PeriphClockCmd
    usart3.o(i.init_usart3) refers to stm32f10x_rcc.o(i.RCC_APB1PeriphClockCmd) for RCC_APB1PeriphClockCmd
    usart3.o(i.init_usart3) refers to stm32f10x_gpio.o(i.GPIO_Init) for GPIO_Init
    usart3.o(i.init_usart3) refers to stm32f10x_usart.o(i.USART_Init) for USART_Init
    usart3.o(i.init_usart3) refers to stm32f10x_usart.o(i.USART_ITConfig) for USART_ITConfig
    usart3.o(i.init_usart3) refers to stm32f10x_usart.o(i.USART_Cmd) for USART_Cmd
    usart3.o(i.init_usart3) refers to misc.o(i.NVIC_Init) for NVIC_Init
    usart3.o(i.init_usart3) refers to usart3.o(i.RS485RWConvInit) for RS485RWConvInit
    usart3.o(i.usart3_send_byte) refers to stm32f10x_usart.o(i.USART_GetFlagStatus) for USART_GetFlagStatus
    usart3.o(i.usart3_send_byte) refers to stm32f10x_usart.o(i.USART_SendData) for USART_SendData
    usart3.o(i.usart3_send_bytes) refers to usart3.o(i.usart3_send_byte) for usart3_send_byte
    usart3.o(i.usart3_send_string) refers to usart3.o(i.usart3_send_byte) for usart3_send_byte
    delay.o(i.delay_init) refers to misc.o(i.SysTick_CLKSourceConfig) for SysTick_CLKSourceConfig
    delay.o(i.delay_init) refers to system_stm32f10x.o(.data) for SystemCoreClock
    delay.o(i.delay_init) refers to delay.o(.data) for fac_us
    delay.o(i.delay_ms) refers to delay.o(.data) for fac_ms
    delay.o(i.delay_us) refers to delay.o(.data) for fac_us
    usart.o(i.RS485RWConvInit1) refers to stm32f10x_rcc.o(i.RCC_APB2PeriphClockCmd) for RCC_APB2PeriphClockCmd
    usart.o(i.RS485RWConvInit1) refers to stm32f10x_gpio.o(i.GPIO_Init) for GPIO_Init
    usart.o(i.RS485RWConvInit1) refers to stm32f10x_gpio.o(i.GPIO_ResetBits) for GPIO_ResetBits
    usart.o(i.USART1_IRQHandler) refers to stm32f10x_usart.o(i.USART_GetITStatus) for USART_GetITStatus
    usart.o(i.USART1_IRQHandler) refers to stm32f10x_usart.o(i.USART_ReceiveData) for USART_ReceiveData
    usart.o(i.USART1_IRQHandler) refers to mdm_rtu_serial.o(i.MDMSerialRecvByte) for MDMSerialRecvByte
    usart.o(i.USART1_IRQHandler) refers to stm32f10x_usart.o(i.USART_SendData) for USART_SendData
    usart.o(i.USART1_IRQHandler) refers to stm32f10x_usart.o(i.USART_ITConfig) for USART_ITConfig
    usart.o(i.USART1_IRQHandler) refers to usart.o(.data) for sendI
    usart.o(i.uart_init) refers to stm32f10x_rcc.o(i.RCC_APB2PeriphClockCmd) for RCC_APB2PeriphClockCmd
[...]
    rtos_task.o(i.OSScheduleCTRL) refers to rtos_task.o(i.OSEnterExclusiveMode) for OSEnterExclusiveMode
    rtos_task.o(i.OSScheduleCTRL) refers to rtos_task.o(i.OSExitExclusiveMode) for OSExitExclusiveMode
    rtos_task.o(i.OSScheduleCTRL) refers to rtos_task.o(.data) for OSScheduleSW
    rtos_task.o(i.OSScheduleProcess) refers to rtos_task.o(i.OSProcess) for OSProcess
    rtos_task.o(i.OSScheduleProcess) refers to rtos_task.o(i.OSSchedule) for OSSchedule
    rtos_task.o(i.OSScheduleProcess) refers to rtos_task.o(.data) for OSScheduleSW
    rtos_task.o(i.OSStart) refers to rtos_task.o(i.OSCreateTask) for OSCreateTask
    rtos_task.o(i.OSStart) refers to rtos_core.o(.emb_text) for StartRTOS
    rtos_task.o(i.OSStart) refers to rtos_task.o(i.OSIdle) for OSIdle
    rtos_task.o(i.OSStart) refers to rtos_task.o(.data) for OSScheduleSW
    rtos_task.o(i.OSSystickCount) refers to rtos_task.o(.data) for sysClkCount
    rtos_task.o(i.OSTaskDel) refers to rtos_core.o(.emb_text) for DisableInterrupt
    rtos_task.o(i.OSTaskDel) refers to rtos_mem.o(i.OSFree) for OSFree
    rtos_task.o(i.OSTaskDel) refers to rtos_task.o(.bss) for TASK_TCB_LIST
    rtos_task.o(i.OSTaskDel) refers to rtos_task.o(.data) for TCBIng
    rtos_task.o(i.OSTaskDelay) refers to rtos_core.o(.emb_text) for DisableInterrupt
    rtos_task.o(i.OSTaskDelay) refers to rtos_task.o(.data) for TCBIng
    rtos_task.o(i.OSTaskEnd) refers to rtos_task.o(i.OSTaskDel) for OSTaskDel
    rtos_task.o(i.OSTaskEnd) refers to rtos_task.o(i.OSTaskDelay) for OSTaskDelay
    rtos_task.o(i.OSTaskEnd) refers to rtos_timer.o(i.TimerReset) for TimerReset
    rtos_task.o(i.OSTaskEnd) refers to rtos_task.o(.data) for TCBIng
    rtos_task.o(i.OSTaskSW) refers to rtos_task.o(.data) for TCBIng
    rtos_task.o(i.OSTaskSW) refers to rtos_task.o(.bss) for TASK_TCB_LIST
    rtos_timer.o(i.TimerCreate) refers to rtos_mem.o(i.OSMalloc) for OSMalloc
    rtos_timer.o(i.TimerCreate) refers to rtos_mem.o(i.OSFree) for OSFree
    rtos_timer.o(i.TimerCreate) refers to rtos_task.o(i.OSCreateBaseManual) for OSCreateBaseManual
    rtos_timer.o(i.TimerCreate) refers to rtos_task.o(i.OSEnterExclusiveMode) for OSEnterExclusiveMode
    rtos_timer.o(i.TimerCreate) refers to rtos_task.o(i.OSExitExclusiveMode) for OSExitExclusiveMode
    rtos_timer.o(i.TimerDel) refers to rtos_task.o(i.OSTaskDel) for OSTaskDel
    rtos_timer.o(i.TimerReset) refers to rtos_task.o(i.OSEnterExclusiveMode) for OSEnterExclusiveMode
    rtos_timer.o(i.TimerReset) refers to rtos_task.o(i.OSExitExclusiveMode) for OSExitExclusiveMode
    rtos_timer.o(i.TimerReset) refers to rtos_core.o(.emb_text) for OpenSchedule
    rtos_timer.o(i.TimerReset) refers to rtos_task.o(i.OSTaskEnd) for OSTaskEnd
    rtos_timer.o(i.TimerSetCycleVal) refers to rtos_task.o(i.OSEnterExclusiveMode) for OSEnterExclusiveMode
    rtos_timer.o(i.TimerSetCycleVal) refers to rtos_task.o(i.OSExitExclusiveMode) for OSExitExclusiveMode
    rtos_timer.o(i.TimerStart) refers to rtos_task.o(i.OSEnterExclusiveMode) for OSEnterExclusiveMode
    rtos_timer.o(i.TimerStart) refers to rtos_task.o(i.OSExitExclusiveMode) for OSExitExclusiveMode
    rtos_timer.o(i.TimerStop) refers to rtos_task.o(i.OSEnterExclusiveMode) for OSEnterExclusiveMode
    rtos_timer.o(i.TimerStop) refers to rtos_task.o(i.OSExitExclusiveMode) for OSExitExclusiveMode
    entry.o(.ARM.Collect$$$$00000000) refers (Special) to entry10a.o(.ARM.Collect$$$$0000000F) for __rt_final_cpp
    entry.o(.ARM.Collect$$$$00000000) refers (Special) to entry11a.o(.ARM.Collect$$$$00000011) for __rt_final_exit
    entry.o(.ARM.Collect$$$$00000000) refers (Special) to entry12b.o(.ARM.Collect$$$$0000000E) for __rt_lib_shutdown_fini
    entry.o(.ARM.Collect$$$$00000000) refers (Special) to entry7b.o(.ARM.Collect$$$$00000008) for _main_clock
    entry.o(.ARM.Collect$$$$00000000) refers (Special) to entry8b.o(.ARM.Collect$$$$0000000A) for _main_cpp_init
    entry.o(.ARM.Collect$$$$00000000) refers (Special) to entry9a.o(.ARM.Collect$$$$0000000B) for _main_init
    entry.o(.ARM.Collect$$$$00000000) refers (Special) to entry5.o(.ARM.Collect$$$$00000004) for _main_scatterload
    entry.o(.ARM.Collect$$$$00000000) refers (Special) to entry2.o(.ARM.Collect$$$$00000001) for _main_stk
    fadd.o(.text) refers (Special) to iusefp.o(.text) for __I$use$fp
    fadd.o(.text) refers to fepilogue.o(.text) for _float_epilogue
    fmul.o(.text) refers (Special) to iusefp.o(.text) for __I$use$fp
    fdiv.o(.text) refers (Special) to iusefp.o(.text) for __I$use$fp
    fdiv.o(.text) refers to fepilogue.o(.text) for _float_round
    dmul.o(.text) refers (Special) to iusefp.o(.text) for __I$use$fp
    dmul.o(.text) refers to depilogue.o(.text) for _double_epilogue
    ddiv.o(.text) refers (Special) to iusefp.o(.text) for __I$use$fp
    ddiv.o(.text) refers to depilogue.o(.text) for _double_round
    fflti.o(.text) refers (Special) to iusefp.o(.text) for __I$use$fp
    fflti.o(.text) refers to fepilogue.o(.text) for _float_epilogue
    ffltui.o(.text) refers (Special) to iusefp.o(.text) for __I$use$fp
    ffltui.o(.text) refers to fepilogue.o(.text) for _float_epilogue
    ffixi.o(.text) refers (Special) to iusefp.o(.text) for __I$use$fp
    ffixui.o(.text) refers (Special) to iusefp.o(.text) for __I$use$fp
    f2d.o(.text) refers (Special) to iusefp.o(.text) for __I$use$fp
    d2f.o(.text) refers (Special) to iusefp.o(.text) for __I$use$fp
    d2f.o(.text) refers to fepilogue.o(.text) for _float_round
    cfcmple.o(.text) refers (Special) to iusefp.o(.text) for __I$use$fp
    entry2.o(.ARM.Collect$$$$00000001) refers to entry2.o(.ARM.Collect$$$$00002712) for __lit__00000000
    entry2.o(.ARM.Collect$$$$00002712) refers to startup_stm32f10x_md.o(STACK) for __initial_sp
    entry2.o(__vectab_stack_and_reset_area) refers to startup_stm32f10x_md.o(STACK) for __initial_sp
    entry2.o(__vectab_stack_and_reset_area) refers to entry.o(.ARM.Collect$$$$00000000) for __main
    entry5.o(.ARM.Collect$$$$00000004) refers to init.o(.text) for __scatterload
    entry9a.o(.ARM.Collect$$$$0000000B) refers to main.o(i.main) for main
    entry9b.o(.ARM.Collect$$$$0000000C) refers to main.o(i.main) for main
    depilogue.o(.text) refers to llshl.o(.text) for __aeabi_llsl
    depilogue.o(.text) refers to llushr.o(.text) for __aeabi_llsr
    init.o(.text) refers to entry5.o(.ARM.Collect$$$$00000004) for __main_after_scatterload


==============================================================================

Removing Unused input sections from the image.

    Removing system_stm32f10x.o(i.SystemCoreClockUpdate), (164 bytes).
    Removing system_stm32f10x.o(.data), (20 bytes).
    Removing usart3.o(i.usart3_send_string), (22 bytes).
    Removing delay.o(i.delay_init), (68 bytes).
    Removing delay.o(i.delay_ms), (76 bytes).
    Removing delay.o(i.delay_us), (76 bytes).
    Removing delay.o(.data), (4 bytes).
    Removing sys.o(.emb_text), (6 bytes).
    Removing sys.o(i.INTX_DISABLE), (4 bytes).
    Removing sys.o(i.INTX_ENABLE), (4 bytes).
    Removing sys.o(i.WFI_SET), (4 bytes).
    Removing usart.o(i.RS485RWConvInit1), (56 bytes).
    Removing usart.o(i._sys_exit), (4 bytes).
    Removing usart.o(i.fputc), (28 bytes).
    Removing usart.o(i.uart_init), (164 bytes).
    Removing usart.o(i.uart_send_bytes), (60 bytes).
    Removing usart.o(i.uart_send_bytes_by_isr), (68 bytes).
    Removing core_cm3.o(.emb_text), (32 bytes).
    Removing startup_stm32f10x_md.o(HEAP), (512 bytes).
    Removing misc.o(i.NVIC_SetVectorTable), (20 bytes).
    Removing misc.o(i.NVIC_SystemLPConfig), (32 bytes).
    Removing misc.o(i.SysTick_CLKSourceConfig), (40 bytes).
    Removing stm32f10x_fsmc.o(i.FSMC_ClearFlag), (64 bytes).
    Removing stm32f10x_fsmc.o(i.FSMC_ClearITPendingBit), (72 bytes).
    Removing stm32f10x_fsmc.o(i.FSMC_GetECC), (28 bytes).
    Removing stm32f10x_fsmc.o(i.FSMC_GetFlagStatus), (56 bytes).
    Removing stm32f10x_fsmc.o(i.FSMC_GetITStatus), (68 bytes).
    Removing stm32f10x_fsmc.o(i.FSMC_ITConfig), (128 bytes).
    Removing stm32f10x_fsmc.o(i.FSMC_NANDCmd), (92 bytes).
    Removing stm32f10x_fsmc.o(i.FSMC_NANDDeInit), (68 bytes).
    Removing stm32f10x_fsmc.o(i.FSMC_NANDECCCmd), (92 bytes).
    Removing stm32f10x_fsmc.o(i.FSMC_NANDInit), (136 bytes).
    Removing stm32f10x_fsmc.o(i.FSMC_NANDStructInit), (54 bytes).
    Removing stm32f10x_fsmc.o(i.FSMC_NORSRAMCmd), (52 bytes).
    Removing stm32f10x_fsmc.o(i.FSMC_NORSRAMDeInit), (54 bytes).
    Removing stm32f10x_fsmc.o(i.FSMC_NORSRAMInit), (230 bytes).
    Removing stm32f10x_fsmc.o(i.FSMC_NORSRAMStructInit), (114 bytes).
    Removing stm32f10x_fsmc.o(i.FSMC_PCCARDCmd), (48 bytes).
    Removing stm32f10x_fsmc.o(i.FSMC_PCCARDDeInit), (40 bytes).
    Removing stm32f10x_fsmc.o(i.FSMC_PCCARDInit), (132 bytes).
    Removing stm32f10x_fsmc.o(i.FSMC_PCCARDStructInit), (60 bytes).
    Removing stm32f10x_gpio.o(i.GPIO_AFIODeInit), (20 bytes).
    Removing stm32f10x_gpio.o(i.GPIO_DeInit), (200 bytes).
    Removing stm32f10x_gpio.o(i.GPIO_ETH_MediaInterfaceConfig), (12 bytes).
    Removing stm32f10x_gpio.o(i.GPIO_EXTILineConfig), (64 bytes).
    Removing stm32f10x_gpio.o(i.GPIO_EventOutputCmd), (12 bytes).
    Removing stm32f10x_gpio.o(i.GPIO_EventOutputConfig), (32 bytes).
    Removing stm32f10x_gpio.o(i.GPIO_PinLockConfig), (18 bytes).
    Removing stm32f10x_gpio.o(i.GPIO_PinRemapConfig), (144 bytes).
    Removing stm32f10x_gpio.o(i.GPIO_ReadInputData), (8 bytes).
    Removing stm32f10x_gpio.o(i.GPIO_ReadInputDataBit), (18 bytes).
    Removing stm32f10x_gpio.o(i.GPIO_ReadOutputData), (8 bytes).
    Removing stm32f10x_gpio.o(i.GPIO_ReadOutputDataBit), (18 bytes).
    Removing stm32f10x_gpio.o(i.GPIO_SetBits), (4 bytes).
    Removing stm32f10x_gpio.o(i.GPIO_StructInit), (16 bytes).
    Removing stm32f10x_gpio.o(i.GPIO_Write), (4 bytes).
    Removing stm32f10x_gpio.o(i.GPIO_WriteBit), (10 bytes).
    Removing stm32f10x_rcc.o(i.RCC_ADCCLKConfig), (24 bytes).
    Removing stm32f10x_rcc.o(i.RCC_AHBPeriphClockCmd), (32 bytes).
    Removing stm32f10x_rcc.o(i.RCC_APB1PeriphResetCmd), (32 bytes).
    Removing stm32f10x_rcc.o(i.RCC_APB2PeriphResetCmd), (32 bytes).
    Removing stm32f10x_rcc.o(i.RCC_AdjustHSICalibrationValue), (24 bytes).
    Removing stm32f10x_rcc.o(i.RCC_BackupResetCmd), (12 bytes).
    Removing stm32f10x_rcc.o(i.RCC_ClearFlag), (20 bytes).
    Removing stm32f10x_rcc.o(i.RCC_ClearITPendingBit), (12 bytes).
    Removing stm32f10x_rcc.o(i.RCC_ClockSecuritySystemCmd), (12 bytes).
    Removing stm32f10x_rcc.o(i.RCC_DeInit), (76 bytes).
    Removing stm32f10x_rcc.o(i.RCC_GetFlagStatus), (60 bytes).
    Removing stm32f10x_rcc.o(i.RCC_GetITStatus), (24 bytes).
    Removing stm32f10x_rcc.o(i.RCC_GetSYSCLKSource), (16 bytes).
    Removing stm32f10x_rcc.o(i.RCC_HCLKConfig), (24 bytes).
    Removing stm32f10x_rcc.o(i.RCC_HSEConfig), (76 bytes).
    Removing stm32f10x_rcc.o(i.RCC_HSICmd), (12 bytes).
    Removing stm32f10x_rcc.o(i.RCC_ITConfig), (32 bytes).
    Removing stm32f10x_rcc.o(i.RCC_LSEConfig), (52 bytes).
    Removing stm32f10x_rcc.o(i.RCC_LSICmd), (12 bytes).
    Removing stm32f10x_rcc.o(i.RCC_MCOConfig), (12 bytes).
    Removing stm32f10x_rcc.o(i.RCC_PCLK1Config), (24 bytes).
    Removing stm32f10x_rcc.o(i.RCC_PCLK2Config), (24 bytes).
    Removing stm32f10x_rcc.o(i.RCC_PLLCmd), (12 bytes).
    Removing stm32f10x_rcc.o(i.RCC_PLLConfig), (28 bytes).
    Removing stm32f10x_rcc.o(i.RCC_RTCCLKCmd), (12 bytes).
    Removing stm32f10x_rcc.o(i.RCC_RTCCLKConfig), (16 bytes).
    Removing stm32f10x_rcc.o(i.RCC_SYSCLKConfig), (24 bytes).
    Removing stm32f10x_rcc.o(i.RCC_USBCLKConfig), (12 bytes).
    Removing stm32f10x_rcc.o(i.RCC_WaitForHSEStartUp), (56 bytes).
    Removing stm32f10x_spi.o(i.I2S_Cmd), (24 bytes).
    Removing stm32f10x_spi.o(i.I2S_Init), (232 bytes).
    Removing stm32f10x_spi.o(i.I2S_StructInit), (20 bytes).
    Removing stm32f10x_spi.o(i.SPI_BiDirectionalLineConfig), (28 bytes).
    Removing stm32f10x_spi.o(i.SPI_CalculateCRC), (24 bytes).
    Removing stm32f10x_spi.o(i.SPI_Cmd), (24 bytes).
    Removing stm32f10x_spi.o(i.SPI_DataSizeConfig), (18 bytes).
    Removing stm32f10x_spi.o(i.SPI_GetCRC), (16 bytes).
    Removing stm32f10x_spi.o(i.SPI_GetCRCPolynomial), (6 bytes).
    Removing stm32f10x_spi.o(i.SPI_I2S_ClearFlag), (6 bytes).
    Removing stm32f10x_spi.o(i.SPI_I2S_ClearITPendingBit), (20 bytes).
    Removing stm32f10x_spi.o(i.SPI_I2S_DMACmd), (18 bytes).
    Removing stm32f10x_spi.o(i.SPI_I2S_DeInit), (88 bytes).
    Removing stm32f10x_spi.o(i.SPI_I2S_GetFlagStatus), (18 bytes).
    Removing stm32f10x_spi.o(i.SPI_I2S_GetITStatus), (52 bytes).
    Removing stm32f10x_spi.o(i.SPI_I2S_ITConfig), (32 bytes).
    Removing stm32f10x_spi.o(i.SPI_I2S_ReceiveData), (6 bytes).
    Removing stm32f10x_spi.o(i.SPI_I2S_SendData), (4 bytes).
    Removing stm32f10x_spi.o(i.SPI_Init), (60 bytes).
    Removing stm32f10x_spi.o(i.SPI_NSSInternalSoftwareConfig), (30 bytes).
    Removing stm32f10x_spi.o(i.SPI_SSOutputCmd), (24 bytes).
    Removing stm32f10x_spi.o(i.SPI_StructInit), (24 bytes).
    Removing stm32f10x_spi.o(i.SPI_TransmitCRC), (10 bytes).
    Removing stm32f10x_usart.o(i.USART_ClearFlag), (18 bytes).
    Removing stm32f10x_usart.o(i.USART_ClearITPendingBit), (30 bytes).
    Removing stm32f10x_usart.o(i.USART_ClockInit), (34 bytes).
    Removing stm32f10x_usart.o(i.USART_ClockStructInit), (12 bytes).
    Removing stm32f10x_usart.o(i.USART_DMACmd), (18 bytes).
    Removing stm32f10x_usart.o(i.USART_DeInit), (156 bytes).
    Removing stm32f10x_usart.o(i.USART_HalfDuplexCmd), (24 bytes).
    Removing stm32f10x_usart.o(i.USART_IrDACmd), (24 bytes).
    Removing stm32f10x_usart.o(i.USART_IrDAConfig), (18 bytes).
    Removing stm32f10x_usart.o(i.USART_LINBreakDetectLengthConfig), (18 bytes).
    Removing stm32f10x_usart.o(i.USART_LINCmd), (24 bytes).
    Removing stm32f10x_usart.o(i.USART_OneBitMethodCmd), (24 bytes).
    Removing stm32f10x_usart.o(i.USART_OverSampling8Cmd), (22 bytes).
    Removing stm32f10x_usart.o(i.USART_ReceiverWakeUpCmd), (24 bytes).
    Removing stm32f10x_usart.o(i.USART_SendBreak), (10 bytes).
    Removing stm32f10x_usart.o(i.USART_SetAddress), (18 bytes).
    Removing stm32f10x_usart.o(i.USART_SetGuardTime), (16 bytes).
    Removing stm32f10x_usart.o(i.USART_SetPrescaler), (16 bytes).
    Removing stm32f10x_usart.o(i.USART_SmartCardCmd), (24 bytes).
    Removing stm32f10x_usart.o(i.USART_SmartCardNACKCmd), (24 bytes).
    Removing stm32f10x_usart.o(i.USART_StructInit), (24 bytes).
    Removing stm32f10x_usart.o(i.USART_WakeUpConfig), (18 bytes).
    Removing stm32f10x_tim.o(i.TI1_Config), (128 bytes).
    Removing stm32f10x_tim.o(i.TI2_Config), (152 bytes).
    Removing stm32f10x_tim.o(i.TI3_Config), (144 bytes).
    Removing stm32f10x_tim.o(i.TI4_Config), (152 bytes).
    Removing stm32f10x_tim.o(i.TIM_ARRPreloadConfig), (24 bytes).
    Removing stm32f10x_tim.o(i.TIM_BDTRConfig), (32 bytes).
    Removing stm32f10x_tim.o(i.TIM_BDTRStructInit), (18 bytes).
    Removing stm32f10x_tim.o(i.TIM_CCPreloadControl), (24 bytes).
    Removing stm32f10x_tim.o(i.TIM_CCxCmd), (30 bytes).
    Removing stm32f10x_tim.o(i.TIM_CCxNCmd), (30 bytes).
    Removing stm32f10x_tim.o(i.TIM_ClearFlag), (6 bytes).
    Removing stm32f10x_tim.o(i.TIM_ClearOC1Ref), (18 bytes).
    Removing stm32f10x_tim.o(i.TIM_ClearOC2Ref), (24 bytes).
    Removing stm32f10x_tim.o(i.TIM_ClearOC3Ref), (18 bytes).
    Removing stm32f10x_tim.o(i.TIM_ClearOC4Ref), (24 bytes).
    Removing stm32f10x_tim.o(i.TIM_CounterModeConfig), (18 bytes).
    Removing stm32f10x_tim.o(i.TIM_CtrlPWMOutputs), (30 bytes).
    Removing stm32f10x_tim.o(i.TIM_DMACmd), (18 bytes).
    Removing stm32f10x_tim.o(i.TIM_DMAConfig), (10 bytes).
    Removing stm32f10x_tim.o(i.TIM_DeInit), (488 bytes).
    Removing stm32f10x_tim.o(i.TIM_ETRClockMode1Config), (54 bytes).
    Removing stm32f10x_tim.o(i.TIM_ETRClockMode2Config), (32 bytes).
    Removing stm32f10x_tim.o(i.TIM_ETRConfig), (28 bytes).
    Removing stm32f10x_tim.o(i.TIM_EncoderInterfaceConfig), (66 bytes).
    Removing stm32f10x_tim.o(i.TIM_ForcedOC1Config), (18 bytes).
    Removing stm32f10x_tim.o(i.TIM_ForcedOC2Config), (26 bytes).
    Removing stm32f10x_tim.o(i.TIM_ForcedOC3Config), (18 bytes).
    Removing stm32f10x_tim.o(i.TIM_ForcedOC4Config), (26 bytes).
    Removing stm32f10x_tim.o(i.TIM_GenerateEvent), (4 bytes).
    Removing stm32f10x_tim.o(i.TIM_GetCapture1), (6 bytes).
    Removing stm32f10x_tim.o(i.TIM_GetCapture2), (6 bytes).
    Removing stm32f10x_tim.o(i.TIM_GetCapture3), (6 bytes).
    Removing stm32f10x_tim.o(i.TIM_GetCapture4), (8 bytes).
    Removing stm32f10x_tim.o(i.TIM_GetCounter), (6 bytes).
    Removing stm32f10x_tim.o(i.TIM_GetFlagStatus), (18 bytes).
    Removing stm32f10x_tim.o(i.TIM_GetPrescaler), (6 bytes).
    Removing stm32f10x_tim.o(i.TIM_ICInit), (172 bytes).
    Removing stm32f10x_tim.o(i.TIM_ICStructInit), (18 bytes).
    Removing stm32f10x_tim.o(i.TIM_ITRxExternalClockConfig), (24 bytes).
    Removing stm32f10x_tim.o(i.TIM_InternalClockConfig), (12 bytes).
    Removing stm32f10x_tim.o(i.TIM_OC1FastConfig), (18 bytes).
    Removing stm32f10x_tim.o(i.TIM_OC1Init), (152 bytes).
    Removing stm32f10x_tim.o(i.TIM_OC1NPolarityConfig), (18 bytes).
    Removing stm32f10x_tim.o(i.TIM_OC1PolarityConfig), (18 bytes).
    Removing stm32f10x_tim.o(i.TIM_OC1PreloadConfig), (18 bytes).
    Removing stm32f10x_tim.o(i.TIM_OC2FastConfig), (26 bytes).
    Removing stm32f10x_tim.o(i.TIM_OC2Init), (164 bytes).
    Removing stm32f10x_tim.o(i.TIM_OC2NPolarityConfig), (26 bytes).
    Removing stm32f10x_tim.o(i.TIM_OC2PolarityConfig), (26 bytes).
    Removing stm32f10x_tim.o(i.TIM_OC2PreloadConfig), (26 bytes).
    Removing stm32f10x_tim.o(i.TIM_OC3FastConfig), (18 bytes).
    Removing stm32f10x_tim.o(i.TIM_OC3Init), (160 bytes).
    Removing stm32f10x_tim.o(i.TIM_OC3NPolarityConfig), (26 bytes).
    Removing stm32f10x_tim.o(i.TIM_OC3PolarityConfig), (26 bytes).
    Removing stm32f10x_tim.o(i.TIM_OC3PreloadConfig), (18 bytes).
    Removing stm32f10x_tim.o(i.TIM_OC4FastConfig), (26 bytes).
    Removing stm32f10x_tim.o(i.TIM_OC4Init), (124 bytes).
    Removing stm32f10x_tim.o(i.TIM_OC4PolarityConfig), (26 bytes).
    Removing stm32f10x_tim.o(i.TIM_OC4PreloadConfig), (26 bytes).
    Removing stm32f10x_tim.o(i.TIM_OCStructInit), (20 bytes).
    Removing stm32f10x_tim.o(i.TIM_PWMIConfig), (124 bytes).
    Removing stm32f10x_tim.o(i.TIM_PrescalerConfig), (6 bytes).
    Removing stm32f10x_tim.o(i.TIM_SelectCCDMA), (24 bytes).
    Removing stm32f10x_tim.o(i.TIM_SelectCOM), (24 bytes).
    Removing stm32f10x_tim.o(i.TIM_SelectHallSensor), (24 bytes).
    Removing stm32f10x_tim.o(i.TIM_SelectInputTrigger), (18 bytes).
    Removing stm32f10x_tim.o(i.TIM_SelectMasterSlaveMode), (18 bytes).
    Removing stm32f10x_tim.o(i.TIM_SelectOCxM), (82 bytes).
    Removing stm32f10x_tim.o(i.TIM_SelectOnePulseMode), (18 bytes).
    Removing stm32f10x_tim.o(i.TIM_SelectOutputTrigger), (18 bytes).
    Removing stm32f10x_tim.o(i.TIM_SelectSlaveMode), (18 bytes).
    Removing stm32f10x_tim.o(i.TIM_SetAutoreload), (4 bytes).
    Removing stm32f10x_tim.o(i.TIM_SetClockDivision), (18 bytes).
    Removing stm32f10x_tim.o(i.TIM_SetCompare1), (4 bytes).
    Removing stm32f10x_tim.o(i.TIM_SetCompare2), (4 bytes).
    Removing stm32f10x_tim.o(i.TIM_SetCompare3), (4 bytes).
    Removing stm32f10x_tim.o(i.TIM_SetCompare4), (6 bytes).
    Removing stm32f10x_tim.o(i.TIM_SetCounter), (4 bytes).
    Removing stm32f10x_tim.o(i.TIM_SetIC1Prescaler), (18 bytes).
    Removing stm32f10x_tim.o(i.TIM_SetIC2Prescaler), (26 bytes).
    Removing stm32f10x_tim.o(i.TIM_SetIC3Prescaler), (18 bytes).
    Removing stm32f10x_tim.o(i.TIM_SetIC4Prescaler), (26 bytes).
    Removing stm32f10x_tim.o(i.TIM_TIxExternalClockConfig), (62 bytes).
    Removing stm32f10x_tim.o(i.TIM_TimeBaseStructInit), (18 bytes).
    Removing stm32f10x_tim.o(i.TIM_UpdateDisableConfig), (24 bytes).
    Removing stm32f10x_tim.o(i.TIM_UpdateRequestConfig), (24 bytes).
    Removing stm32f10x_bkp.o(i.BKP_ClearFlag), (20 bytes).
    Removing stm32f10x_bkp.o(i.BKP_ClearITPendingBit), (20 bytes).
    Removing stm32f10x_bkp.o(i.BKP_DeInit), (16 bytes).
    Removing stm32f10x_bkp.o(i.BKP_GetFlagStatus), (12 bytes).
    Removing stm32f10x_bkp.o(i.BKP_GetITStatus), (12 bytes).
    Removing stm32f10x_bkp.o(i.BKP_RTCOutputConfig), (28 bytes).
    Removing stm32f10x_bkp.o(i.BKP_ReadBackupRegister), (28 bytes).
    Removing stm32f10x_bkp.o(i.BKP_SetRTCCalibrationValue), (28 bytes).
    Removing stm32f10x_bkp.o(i.BKP_TamperPinLevelConfig), (12 bytes).
    Removing stm32f10x_bkp.o(i.BKP_WriteBackupRegister), (28 bytes).
    Removing md_rtu_maptable.o(i.MapTableDel), (52 bytes).
    Removing md_rtu_queue.o(i.MDQueueEmpty), (28 bytes).
    Removing md_rtu_queue.o(i.MDdeQueueF), (136 bytes).
    Removing md_rtu_queue.o(i.MDenQueueH), (142 bytes).
    Removing md_rtu_queue.o(i.MDgetTailQueue), (180 bytes).
    Removing mds_rtu_fun.o(i.MDS_RTU_AddMapItem), (28 bytes).
    Removing mds_rtu_fun.o(i.MDS_RTU_Init), (348 bytes).
    Removing mds_rtu_fun.o(i.MDS_RTU_Process), (344 bytes).
    Removing mds_rtu_fun.o(i.MDS_RTU_QueueInit), (50 bytes).
    Removing mds_rtu_fun.o(i.MDS_RTU_ReadDataProcess), (974 bytes).
    Removing mds_rtu_fun.o(i.MDS_RTU_RecvByte), (70 bytes).
    Removing mds_rtu_fun.o(i.MDS_RTU_SendErrorCode), (194 bytes).
    Removing mds_rtu_fun.o(i.MDS_RTU_SerialProcess), (220 bytes).
    Removing mds_rtu_fun.o(i.MDS_RTU_SetWriteListenFun), (10 bytes).
    Removing mds_rtu_fun.o(i.MDS_RTU_TimeHandler), (220 bytes).
    Removing mds_rtu_fun.o(i.MDS_RTU_WriteDataProcess), (1444 bytes).
    Removing mds_rtu_user_fun.o(i.MDS_RTU_ReadBits), (310 bytes).
    Removing mds_rtu_user_fun.o(i.MDS_RTU_ReadCoils), (28 bytes).
    Removing mds_rtu_user_fun.o(i.MDS_RTU_ReadHoldRegs), (28 bytes).
    Removing mds_rtu_user_fun.o(i.MDS_RTU_ReadInput), (28 bytes).
    Removing mds_rtu_user_fun.o(i.MDS_RTU_ReadInputRegs), (28 bytes).
    Removing mds_rtu_user_fun.o(i.MDS_RTU_ReadRegs), (178 bytes).
    Removing mds_rtu_user_fun.o(i.MDS_RTU_WriteBit), (288 bytes).
    Removing mds_rtu_user_fun.o(i.MDS_RTU_WriteBits), (362 bytes).
    Removing mds_rtu_user_fun.o(i.MDS_RTU_WriteCoil), (22 bytes).
    Removing mds_rtu_user_fun.o(i.MDS_RTU_WriteCoils), (28 bytes).
    Removing mds_rtu_user_fun.o(i.MDS_RTU_WriteHoldReg), (22 bytes).
    Removing mds_rtu_user_fun.o(i.MDS_RTU_WriteHoldRegs), (32 bytes).
    Removing mds_rtu_user_fun.o(i.MDS_RTU_WriteInput), (22 bytes).
    Removing mds_rtu_user_fun.o(i.MDS_RTU_WriteInputReg), (22 bytes).
    Removing mds_rtu_user_fun.o(i.MDS_RTU_WriteInputRegs), (32 bytes).
    Removing mds_rtu_user_fun.o(i.MDS_RTU_WriteInputs), (28 bytes).
    Removing mds_rtu_user_fun.o(i.MDS_RTU_WriteReg), (148 bytes).
    Removing mds_rtu_user_fun.o(i.MDS_RTU_WriteRegs), (212 bytes).
    Removing mdm_rtu_fun.o(i.MDM_RTU_CB_ClrDisFlag), (16 bytes).
    Removing mdm_rtu_fun.o(i.MDM_RTU_CB_SetDisPollEnFlag), (28 bytes).
    Removing mdm_rtu_fun.o(i.MDM_RTU_MixReadCoil), (34 bytes).
    Removing mdm_rtu_fun.o(i.MDM_RTU_MixReadHoldReg), (34 bytes).
    Removing mdm_rtu_fun.o(i.MDM_RTU_MixReadInput), (34 bytes).
    Removing mdm_rtu_fun.o(i.MDM_RTU_MixReadInputReg), (34 bytes).
    Removing mdm_rtu_fun.o(i.MDM_RTU_MixWriteCoils), (36 bytes).
    Removing mdm_rtu_fun.o(i.MDM_RTU_MixWriteRegs), (36 bytes).
    Removing mdm_rtu_fun.o(i.MDM_RTU_MixWriteSingleCoil), (44 bytes).
    Removing mdm_rtu_fun.o(i.MDM_RTU_MixWriteSingleReg), (34 bytes).
    Removing mdm_rtu_fun.o(i.MDM_RTU_NB_ReadHoldReg), (34 bytes).
    Removing mdm_rtu_fun.o(i.MDM_RTU_NB_ReadInput), (34 bytes).
    Removing mdm_rtu_fun.o(i.MDM_RTU_NB_ReadInputReg), (34 bytes).
    Removing mdm_rtu_fun.o(i.MDM_RTU_NB_WriteSingleCoil), (44 bytes).
    Removing mdm_rtu_fun.o(i.MDM_RTU_NB_WriteSingleReg), (34 bytes).
    Removing mdm_rtu_fun.o(i.MDM_RTU_RW), (102 bytes).
    Removing mdm_rtu_fun.o(i.MDM_RTU_RW_MIX), (144 bytes).
    Removing mdm_rtu_fun.o(i.MDM_RTU_ReadByte), (54 bytes).
    Removing mdm_rtu_fun.o(i.MDM_RTU_ReadCoil), (34 bytes).
    Removing mdm_rtu_fun.o(i.MDM_RTU_ReadHoldReg), (34 bytes).
    Removing mdm_rtu_fun.o(i.MDM_RTU_ReadInput), (34 bytes).
    Removing mdm_rtu_fun.o(i.MDM_RTU_ReadInputReg), (34 bytes).
    Removing mdm_rtu_fun.o(i.MDM_RTU_WriteCoils), (36 bytes).
    Removing mdm_rtu_fun.o(i.MDM_RTU_WriteRegs), (36 bytes).
    Removing mdm_rtu_fun.o(i.MDM_RTU_WriteSingleCoil), (44 bytes).
    Removing mdm_rtu_fun.o(i.MDM_RTU_WriteSingleReg), (34 bytes).
    Removing mdm_rtu_fun.o(i.ModubusRTUClear), (36 bytes).
    Removing mdm_rtu_rw_man.o(i.MDM_RW_CtrlDelRW), (18 bytes).
    Removing mdm_rtu_rw_man.o(i.MDM_RW_CtrlFindByFunAddr), (56 bytes).
    Removing mdm_rtu_rw_man.o(i.MDM_RW_CtrlResetRetranFlag), (16 bytes).
    Removing mdm_rtu_rw_man.o(i.MDM_RW_CtrlSetRWOnceFlag), (28 bytes).
    Removing mdm_rtu_user_fun.o(i.MDM_RTU_ReadRegs), (196 bytes).
    Removing mds_rtu_serial.o(i.MDSInitSerial), (64 bytes).
    Removing mds_rtu_serial.o(i.MDSSerialRecvByte), (36 bytes).
    Removing mds_rtu_serial.o(i.MDSSerialSWRecv_Send), (2 bytes).
    Removing mds_rtu_serial.o(i.MDSSerialSendBytes), (16 bytes).
    Removing mds_rtu_serial.o(i.MDSTimeHandler100US), (36 bytes).
    Removing mds_rtu_serial.o(.data), (4 bytes).
    Removing mds_rtu_serial_1.o(i.MDSInitSerial_1), (64 bytes).
    Removing mds_rtu_serial_1.o(i.MDSSerialRecvByte_1), (36 bytes).
    Removing mds_rtu_serial_1.o(i.MDSSerialSWRecv_Send_1), (12 bytes).
    Removing mds_rtu_serial_1.o(i.MDSSerialSendBytes_1), (16 bytes).
    Removing mds_rtu_serial_1.o(i.MDSTimeHandler100US_1), (36 bytes).
    Removing mds_rtu_serial_1.o(.data), (4 bytes).
    Removing mds_rtu_app.o(i.MDSAPPWriteFunciton), (120 bytes).
    Removing mds_rtu_app.o(i.MDS_RTU_APPInit), (152 bytes).
    Removing mds_rtu_app.o(i.MDS_RTU_Loop), (20 bytes).
    Removing mds_rtu_app.o(i.MDS_RTU_UserUpdate), (60 bytes).
    Removing mds_rtu_app.o(.bss), (1176 bytes).
    Removing mds_rtu_app.o(.constdata), (10 bytes).
    Removing mds_rtu_app.o(.data), (192 bytes).
    Removing mds_rtu_app_1.o(i.MDSAPPWriteFunciton), (120 bytes).
    Removing mds_rtu_app_1.o(i.MDS_RTU_APPInit_1), (152 bytes).
    Removing mds_rtu_app_1.o(i.MDS_RTU_Loop_1), (20 bytes).
    Removing mds_rtu_app_1.o(i.MDS_RTU_UserUpdate), (60 bytes).
    Removing mds_rtu_app_1.o(.bss), (1176 bytes).
    Removing mds_rtu_app_1.o(.constdata), (10 bytes).
    Removing mds_rtu_app_1.o(.data), (192 bytes).
    Removing rtos_mem.o(i.InitMem), (28 bytes).
    Removing rtos_mem.o(i.OSFree), (12 bytes).
    Removing rtos_mem.o(i.OSMalloc), (12 bytes).
    Removing rtos_mem.o(i._free), (60 bytes).
    Removing rtos_mem.o(i._malloc), (172 bytes).
    Removing rtos_mem.o(.bss), (10240 bytes).
    Removing rtos_msg.o(i.MsgCreate), (28 bytes).
    Removing rtos_msg.o(i.MsgFree), (12 bytes).
    Removing rtos_msg.o(i.MsgGet), (136 bytes).
    Removing rtos_msg.o(i.MsgIsEmpty), (18 bytes).
    Removing rtos_msg.o(i.MsgIsFull), (32 bytes).
    Removing rtos_msg.o(i.MsgLen), (26 bytes).
    Removing rtos_msg.o(i.MsgPut), (130 bytes).
    Removing rtos_mutex.o(i.MutexCreate), (24 bytes).
    Removing rtos_mutex.o(i.MutexFree), (18 bytes).
    Removing rtos_mutex.o(i.MutexLock), (72 bytes).
    Removing rtos_mutex.o(i.MutexUnlock), (26 bytes).
    Removing rtos_sem.o(i.SemCreate), (28 bytes).
    Removing rtos_sem.o(i.SemFree), (12 bytes).
    Removing rtos_sem.o(i.SemPend), (76 bytes).
    Removing rtos_sem.o(i.SemPost), (40 bytes).
    Removing rtos_task.o(i.OSCreateBase), (104 bytes).
    Removing rtos_task.o(i.OSCreateBaseManual), (256 bytes).
    Removing rtos_task.o(i.OSCreateTask), (28 bytes).
    Removing rtos_task.o(i.OSEnterExclusiveMode), (32 bytes).
    Removing rtos_task.o(i.OSExitExclusiveMode), (44 bytes).
    Removing rtos_task.o(i.OSFindTasckCB), (32 bytes).
    Removing rtos_task.o(i.OSIdle), (6 bytes).
    Removing rtos_task.o(i.OSInit), (20 bytes).
    Removing rtos_task.o(i.OSIsRun), (12 bytes).
    Removing rtos_task.o(i.OSScheduleCTRL), (24 bytes).
    Removing rtos_task.o(i.OSStart), (40 bytes).
    Removing rtos_task.o(i.OSSystickCount), (12 bytes).
    Removing rtos_task.o(i.OSTaskDel), (84 bytes).
    Removing rtos_task.o(i.OSTaskDelay), (32 bytes).
    Removing rtos_task.o(i.OSTaskEnd), (72 bytes).
    Removing rtos_timer.o(i.TimerCreate), (126 bytes).
    Removing rtos_timer.o(i.TimerDel), (8 bytes).
    Removing rtos_timer.o(i.TimerReset), (192 bytes).
    Removing rtos_timer.o(i.TimerSetCycleVal), (26 bytes).
    Removing rtos_timer.o(i.TimerStart), (26 bytes).
    Removing rtos_timer.o(i.TimerStop), (26 bytes).
    Removing fdiv.o(.text), (124 bytes).
    Removing cfcmple.o(.text), (20 bytes).

363 unused section(s) (total 33604 bytes) removed from the image.

==============================================================================

Image Symbol Table

    Local Symbols

    Symbol Name                              Value     Ov Type        Size  Object(Section)

    ../clib/microlib/init/entry.s            0x00000000   Number         0  entry8b.o ABSOLUTE
    ../clib/microlib/init/entry.s            0x00000000   Number         0  entry7b.o ABSOLUTE
    ../clib/microlib/init/entry.s            0x00000000   Number         0  entry9a.o ABSOLUTE
    ../clib/microlib/init/entry.s            0x00000000   Number         0  entry8a.o ABSOLUTE
    ../clib/microlib/init/entry.s            0x00000000   Number         0  entry9b.o ABSOLUTE
    ../clib/microlib/init/entry.s            0x00000000   Number         0  entry10a.o ABSOLUTE
    ../clib/microlib/init/entry.s            0x00000000   Number         0  entry10b.o ABSOLUTE
    ../clib/microlib/init/entry.s            0x00000000   Number         0  entry.o ABSOLUTE
    ../clib/microlib/init/entry.s            0x00000000   Number         0  entry11a.o ABSOLUTE
    ../clib/microlib/init/entry.s            0x00000000   Number         0  entry11b.o ABSOLUTE
    ../clib/microlib/init/entry.s            0x00000000   Number         0  entry12a.o ABSOLUTE
    ../clib/microlib/init/entry.s            0x00000000   Number         0  entry12b.o ABSOLUTE
    ../clib/microlib/init/entry.s            0x00000000   Number         0  entry7a.o ABSOLUTE
    ../clib/microlib/init/entry.s            0x00000000   Number         0  entry5.o ABSOLUTE
    ../clib/microlib/init/entry.s            0x00000000   Number         0  entry2.o ABSOLUTE
    ../clib/microlib/longlong.c              0x00000000   Number         0  llshl.o ABSOLUTE
    ../clib/microlib/longlong.c              0x00000000   Number         0  llushr.o ABSOLUTE
    ../clib/microlib/stubs.s                 0x00000000   Number         0  useno.o ABSOLUTE
    ../clib/microlib/stubs.s                 0x00000000   Number         0  iusefp.o ABSOLUTE
    ../fplib/microlib/d2f.c                  0x00000000   Number         0  d2f.o ABSOLUTE
    ../fplib/microlib/f2d.c                  0x00000000   Number         0  f2d.o ABSOLUTE
    ../fplib/microlib/fpadd.c                0x00000000   Number         0  fadd.o ABSOLUTE
    ../fplib/microlib/fpdiv.c                0x00000000   Number         0  ddiv.o ABSOLUTE
    ../fplib/microlib/fpdiv.c                0x00000000   Number         0  fdiv.o ABSOLUTE
    ../fplib/microlib/fpepilogue.c           0x00000000   Number         0  fepilogue.o ABSOLUTE
    ../fplib/microlib/fpepilogue.c           0x00000000   Number         0  depilogue.o ABSOLUTE
    ../fplib/microlib/fpfix.c                0x00000000   Number         0  ffixui.o ABSOLUTE
    ../fplib/microlib/fpfix.c                0x00000000   Number         0  ffixi.o ABSOLUTE
    ../fplib/microlib/fpflt.c                0x00000000   Number         0  ffltui.o ABSOLUTE
    ../fplib/microlib/fpflt.c                0x00000000   Number         0  fflti.o ABSOLUTE
    ../fplib/microlib/fpmul.c                0x00000000   Number         0  dmul.o ABSOLUTE
    ../fplib/microlib/fpmul.c                0x00000000   Number         0  fmul.o ABSOLUTE
    ..\CORE\core_cm3.c                       0x00000000   Number         0  core_cm3.o ABSOLUTE
    ..\CORE\startup_stm32f10x_md.s           0x00000000   Number         0  startup_stm32f10x_md.o ABSOLUTE
    ..\Modbus\Example\MDM_RTU_APP.c          0x00000000   Number         0  mdm_rtu_app.o ABSOLUTE
    ..\Modbus\Example\MDS_RTU_APP.c          0x00000000   Number         0  mds_rtu_app.o ABSOLUTE
    ..\Modbus\Example\MDS_RTU_APP_1.c        0x00000000   Number         0  mds_rtu_app_1.o ABSOLUTE
    ..\Modbus\Modbus\ModbusBase\MD_RTU_CRC16.c 0x00000000   Number         0  md_rtu_crc16.o ABSOLUTE
    ..\Modbus\Modbus\ModbusBase\MD_RTU_MapTable.c 0x00000000   Number         0  md_rtu_maptable.o ABSOLUTE
    ..\Modbus\Modbus\ModbusBase\MD_RTU_Queue.c 0x00000000   Number         0  md_rtu_queue.o ABSOLUTE
    ..\Modbus\Modbus\ModbusRTUMaster\MDM_RTU_Fun.c 0x00000000   Number         0  mdm_rtu_fun.o ABSOLUTE
    ..\Modbus\Modbus\ModbusRTUMaster\MDM_RTU_RW_Man.c 0x00000000   Number         0  mdm_rtu_rw_man.o ABSOLUTE
    ..\Modbus\Modbus\ModbusRTUMaster\MDM_RTU_User_Fun.c 0x00000000   Number         0  mdm_rtu_user_fun.o ABSOLUTE
    ..\Modbus\Modbus\ModbusRTUSlave\MDS_RTU_Fun.c 0x00000000   Number         0  mds_rtu_fun.o ABSOLUTE
    ..\Modbus\Modbus\ModbusRTUSlave\MDS_RTU_User_Fun.c 0x00000000   Number         0  mds_rtu_user_fun.o ABSOLUTE
    ..\Modbus\Port\MDM_RTU_Serial.c          0x00000000   Number         0  mdm_rtu_serial.o ABSOLUTE
    ..\Modbus\Port\MDS_RTU_Serial.c          0x00000000   Number         0  mds_rtu_serial.o ABSOLUTE
    ..\Modbus\Port\MDS_RTU_Serial_1.c        0x00000000   Number         0  mds_rtu_serial_1.o ABSOLUTE
    ..\Modbus\Port\MD_RTU_SysInterface.c     0x00000000   Number         0  md_rtu_sysinterface.o ABSOLUTE
    ..\STM32F10x_FWLib\src\misc.c            0x00000000   Number         0  misc.o ABSOLUTE
    ..\STM32F10x_FWLib\src\stm32f10x_bkp.c   0x00000000   Number         0  stm32f10x_bkp.o ABSOLUTE
    ..\STM32F10x_FWLib\src\stm32f10x_fsmc.c  0x00000000   Number         0  stm32f10x_fsmc.o ABSOLUTE
    ..\STM32F10x_FWLib\src\stm32f10x_gpio.c  0x00000000   Number         0  stm32f10x_gpio.o ABSOLUTE
    ..\STM32F10x_FWLib\src\stm32f10x_rcc.c   0x00000000   Number         0  stm32f10x_rcc.o ABSOLUTE
    ..\STM32F10x_FWLib\src\stm32f10x_spi.c   0x00000000   Number         0  stm32f10x_spi.o ABSOLUTE
    ..\STM32F10x_FWLib\src\stm32f10x_tim.c   0x00000000   Number         0  stm32f10x_tim.o ABSOLUTE
    ..\STM32F10x_FWLib\src\stm32f10x_usart.c 0x00000000   Number         0  stm32f10x_usart.o ABSOLUTE
    ..\SYSTEM\delay\delay.c                  0x00000000   Number         0  delay.o ABSOLUTE
    ..\SYSTEM\sys\sys.c                      0x00000000   Number         0  sys.o ABSOLUTE
    ..\SYSTEM\usart\usart.c                  0x00000000   Number         0  usart.o ABSOLUTE
    ..\XTinyRTOS\src\RTOS_core.c             0x00000000   Number         0  rtos_core.o ABSOLUTE
    ..\XTinyRTOS\src\RTOS_mem.c              0x00000000   Number         0  rtos_mem.o ABSOLUTE
    ..\XTinyRTOS\src\RTOS_msg.c              0x00000000   Number         0  rtos_msg.o ABSOLUTE
    ..\XTinyRTOS\src\RTOS_mutex.c            0x00000000   Number         0  rtos_mutex.o ABSOLUTE
    ..\XTinyRTOS\src\RTOS_sem.c              0x00000000   Number         0  rtos_sem.o ABSOLUTE
    ..\XTinyRTOS\src\RTOS_task.c             0x00000000   Number         0  rtos_task.o ABSOLUTE
    ..\XTinyRTOS\src\RTOS_timer.c            0x00000000   Number         0  rtos_timer.o ABSOLUTE
    ..\\CORE\\core_cm3.c                     0x00000000   Number         0  core_cm3.o ABSOLUTE
    ..\\SYSTEM\\sys\\sys.c                   0x00000000   Number         0  sys.o ABSOLUTE
    ..\\XTinyRTOS\\src\\RTOS_core.c          0x00000000   Number         0  rtos_core.o ABSOLUTE
    cfcmple.s                                0x00000000   Number         0  cfcmple.o ABSOLUTE
    dc.s                                     0x00000000   Number         0  dc.o ABSOLUTE
    handlers.s                               0x00000000   Number         0  handlers.o ABSOLUTE
    init.s                                   0x00000000   Number         0  init.o ABSOLUTE
    main.c                                   0x00000000   Number         0  main.o ABSOLUTE
    stm32f10x_it.c                           0x00000000   Number         0  stm32f10x_it.o ABSOLUTE
    system_stm32f10x.c                       0x00000000   Number         0  system_stm32f10x.o ABSOLUTE
    tim3.c                                   0x00000000   Number         0  tim3.o ABSOLUTE
    usart3.c                                 0x00000000   Number         0  usart3.o ABSOLUTE
    RESET                                    0x08000000   Section      236  startup_stm32f10x_md.o(RESET)
    .ARM.Collect$$$$00000000                 0x080000ec   Section        0  entry.o(.ARM.Collect$$$$00000000)
    .ARM.Collect$$$$00000001                 0x080000ec   Section        4  entry2.o(.ARM.Collect$$$$00000001)
    .ARM.Collect$$$$00000004                 0x080000f0   Section        4  entry5.o(.ARM.Collect$$$$00000004)
    .ARM.Collect$$$$00000008                 0x080000f4   Section        0  entry7b.o(.ARM.Collect$$$$00000008)
    .ARM.Collect$$$$0000000A                 0x080000f4   Section        0  entry8b.o(.ARM.Collect$$$$0000000A)
    .ARM.Collect$$$$0000000B                 0x080000f4   Section        8  entry9a.o(.ARM.Collect$$$$0000000B)
    .ARM.Collect$$$$0000000E                 0x080000fc   Section        4  entry12b.o(.ARM.Collect$$$$0000000E)
    .ARM.Collect$$$$0000000F                 0x08000100   Section        0  entry10a.o(.ARM.Collect$$$$0000000F)
    .ARM.Collect$$$$00000011                 0x08000100   Section        0  entry11a.o(.ARM.Collect$$$$00000011)
    .ARM.Collect$$$$00002712                 0x08000100   Section        4  entry2.o(.ARM.Collect$$$$00002712)
    __lit__00000000                          0x08000100   Data           4  entry2.o(.ARM.Collect$$$$00002712)
    .emb_text                                0x08000104   Section      128  rtos_core.o(.emb_text)
    .text                                    0x08000184   Section       36  startup_stm32f10x_md.o(.text)
    .text                                    0x080001a8   Section        0  fadd.o(.text)
    .text                                    0x08000258   Section        0  fmul.o(.text)
    .text                                    0x080002bc   Section        0  dmul.o(.text)
    .text                                    0x080003a0   Section        0  ddiv.o(.text)
    .text                                    0x0800047e   Section        0  fflti.o(.text)
    .text                                    0x08000490   Section        0  ffltui.o(.text)
    .text                                    0x0800049a   Section        0  ffixi.o(.text)
    .text                                    0x080004cc   Section        0  ffixui.o(.text)
    .text                                    0x080004f4   Section        0  f2d.o(.text)
    .text                                    0x0800051a   Section        0  d2f.o(.text)
    .text                                    0x08000552   Section        0  fepilogue.o(.text)
    .text                                    0x08000552   Section        0  iusefp.o(.text)
    .text                                    0x080005c0   Section        0  depilogue.o(.text)
    .text                                    0x0800067c   Section       36  init.o(.text)
    .text                                    0x080006a0   Section        0  llshl.o(.text)
    .text                                    0x080006be   Section        0  llushr.o(.text)
    i.BKP_ITConfig                           0x080006e0   Section        0  stm32f10x_bkp.o(i.BKP_ITConfig)
    i.BKP_TamperPinCmd                       0x080006ec   Section        0  stm32f10x_bkp.o(i.BKP_TamperPinCmd)
    i.BusFault_Handler                       0x080006f8   Section        0  stm32f10x_it.o(i.BusFault_Handler)
    i.DebugMon_Handler                       0x080006fc   Section        0  stm32f10x_it.o(i.DebugMon_Handler)
    i.GPIO_Init                              0x080006fe   Section        0  stm32f10x_gpio.o(i.GPIO_Init)
    i.GPIO_ResetBits                         0x08000814   Section        0  stm32f10x_gpio.o(i.GPIO_ResetBits)
    i.HardFault_Handler                      0x08000818   Section        0  stm32f10x_it.o(i.HardFault_Handler)
    i.MDInitQueue                            0x0800081c   Section        0  md_rtu_queue.o(i.MDInitQueue)
    i.MDMInitSerial                          0x08000838   Section        0  mdm_rtu_serial.o(i.MDMInitSerial)
    i.MDMSerialRecvByte                      0x08000878   Section        0  mdm_rtu_serial.o(i.MDMSerialRecvByte)
    i.MDMSerialSWRecv_Send                   0x0800089c   Section        0  mdm_rtu_serial.o(i.MDMSerialSWRecv_Send)
    i.MDMSerialSendBytes                     0x080008a8   Section        0  mdm_rtu_serial.o(i.MDMSerialSendBytes)
    i.MDMTimeHandler100US                    0x080008b8   Section        0  mdm_rtu_serial.o(i.MDMTimeHandler100US)
    i.MDM_RTUUserRead                        0x080008dc   Section        0  mdm_rtu_app.o(i.MDM_RTUUserRead)
    MDM_RTUUserRead                          0x080008dd   Thumb Code    64  mdm_rtu_app.o(i.MDM_RTUUserRead)
    i.MDM_RTUUserWrite                       0x08000920   Section        0  mdm_rtu_app.o(i.MDM_RTUUserWrite)
    MDM_RTUUserWrite                         0x08000921   Thumb Code    76  mdm_rtu_app.o(i.MDM_RTUUserWrite)
    i.MDM_RTU_APPInit                        0x0800097c   Section        0  mdm_rtu_app.o(i.MDM_RTU_APPInit)
    i.MDM_RTU_AddMapItem                     0x08000a90   Section        0  mdm_rtu_fun.o(i.MDM_RTU_AddMapItem)
    i.MDM_RTU_CB_Init                        0x08000ab0   Section        0  mdm_rtu_fun.o(i.MDM_RTU_CB_Init)
    i.MDM_RTU_CB_OverTimeReset               0x08000adc   Section        0  mdm_rtu_fun.o(i.MDM_RTU_CB_OverTimeReset)
    i.MDM_RTU_Init                           0x08000af4   Section        0  mdm_rtu_fun.o(i.MDM_RTU_Init)
    i.MDM_RTU_InsideWriteBits                0x08000c44   Section        0  mdm_rtu_fun.o(i.MDM_RTU_InsideWriteBits)
    i.MDM_RTU_InsideWriteRegs                0x08000dbe   Section        0  mdm_rtu_fun.o(i.MDM_RTU_InsideWriteRegs)
    i.MDM_RTU_Loop                           0x08000ea6   Section        0  mdm_rtu_app.o(i.MDM_RTU_Loop)
    i.MDM_RTU_NB_RW                          0x08000eae   Section        0  mdm_rtu_fun.o(i.MDM_RTU_NB_RW)
    MDM_RTU_NB_RW                            0x08000eaf   Thumb Code  1136  mdm_rtu_fun.o(i.MDM_RTU_NB_RW)
    i.MDM_RTU_NB_RW_CtrlTest0                0x08001320   Section        0  mdm_rtu_app.o(i.MDM_RTU_NB_RW_CtrlTest0)
    MDM_RTU_NB_RW_CtrlTest0                  0x08001321   Thumb Code    52  mdm_rtu_app.o(i.MDM_RTU_NB_RW_CtrlTest0)
    i.MDM_RTU_NB_RW_CtrlTest1                0x08001360   Section        0  mdm_rtu_app.o(i.MDM_RTU_NB_RW_CtrlTest1)
    MDM_RTU_NB_RW_CtrlTest1                  0x08001361   Thumb Code    52  mdm_rtu_app.o(i.MDM_RTU_NB_RW_CtrlTest1)
    i.MDM_RTU_NB_ReadCoil                    0x080013a0   Section        0  mdm_rtu_fun.o(i.MDM_RTU_NB_ReadCoil)
    i.MDM_RTU_NB_WriteCoils                  0x080013c2   Section        0  mdm_rtu_fun.o(i.MDM_RTU_NB_WriteCoils)
    i.MDM_RTU_NB_WriteRegs                   0x080013e6   Section        0  mdm_rtu_fun.o(i.MDM_RTU_NB_WriteRegs)
    i.MDM_RTU_QueueInit                      0x0800140a   Section        0  mdm_rtu_fun.o(i.MDM_RTU_QueueInit)
    i.MDM_RTU_ReadBits                       0x08001426   Section        0  mdm_rtu_user_fun.o(i.MDM_RTU_ReadBits)
    i.MDM_RTU_ReadFun                        0x0800156e   Section        0  mdm_rtu_fun.o(i.MDM_RTU_ReadFun)
    MDM_RTU_ReadFun                          0x0800156f   Thumb Code   280  mdm_rtu_fun.o(i.MDM_RTU_ReadFun)
    i.MDM_RTU_ReadUint16                     0x08001686   Section        0  mdm_rtu_fun.o(i.MDM_RTU_ReadUint16)
    i.MDM_RTU_RecvByte                       0x080016e0   Section        0  mdm_rtu_fun.o(i.MDM_RTU_RecvByte)
    i.MDM_RTU_TimeHandler                    0x08001726   Section        0  mdm_rtu_fun.o(i.MDM_RTU_TimeHandler)
    i.MDM_RTU_UserUpdate                     0x0800177a   Section        0  mdm_rtu_app.o(i.MDM_RTU_UserUpdate)
    MDM_RTU_UserUpdate                       0x0800177b   Thumb Code    12  mdm_rtu_app.o(i.MDM_RTU_UserUpdate)
    i.MDM_RTU_WriteFun                       0x08001786   Section        0  mdm_rtu_fun.o(i.MDM_RTU_WriteFun)
    MDM_RTU_WriteFun                         0x08001787   Thumb Code   500  mdm_rtu_fun.o(i.MDM_RTU_WriteFun)
    i.MDM_RTU_WriteSingleFun                 0x0800197a   Section        0  mdm_rtu_fun.o(i.MDM_RTU_WriteSingleFun)
    MDM_RTU_WriteSingleFun                   0x0800197b   Thumb Code   280  mdm_rtu_fun.o(i.MDM_RTU_WriteSingleFun)
    i.MDM_RW_CtrlAddRW                       0x08001a92   Section        0  mdm_rtu_rw_man.o(i.MDM_RW_CtrlAddRW)
    i.MDM_RW_CtrlLoop                        0x08001ab4   Section        0  mdm_rtu_rw_man.o(i.MDM_RW_CtrlLoop)
    i.MDM_RW_CtrlNew                         0x08001b40   Section        0  mdm_rtu_rw_man.o(i.MDM_RW_CtrlNew)
    MDM_RW_CtrlNew                           0x08001b41   Thumb Code    58  mdm_rtu_rw_man.o(i.MDM_RW_CtrlNew)
    i.MDQueueLength                          0x08001b80   Section        0  md_rtu_queue.o(i.MDQueueLength)
    i.MDResetQueue                           0x08001ba2   Section        0  md_rtu_queue.o(i.MDResetQueue)
    i.MD_CRC16Update                         0x08001bb0   Section        0  md_rtu_crc16.o(i.MD_CRC16Update)
    i.MDdeQueue                              0x08001bc8   Section        0  md_rtu_queue.o(i.MDdeQueue)
    i.MDenQueue                              0x08001c4e   Section        0  md_rtu_queue.o(i.MDenQueue)
    i.MapTableAdd                            0x08001cd8   Section        0  md_rtu_maptable.o(i.MapTableAdd)
    i.MemManage_Handler                      0x08001d08   Section        0  stm32f10x_it.o(i.MemManage_Handler)
    i.NMI_Handler                            0x08001d0c   Section        0  stm32f10x_it.o(i.NMI_Handler)
    i.NVIC_Init                              0x08001d10   Section        0  misc.o(i.NVIC_Init)
    i.NVIC_PriorityGroupConfig               0x08001d80   Section        0  misc.o(i.NVIC_PriorityGroupConfig)
    i.OSProcess                              0x08001d94   Section        0  rtos_task.o(i.OSProcess)
    i.OSSchedule                             0x08001e10   Section        0  rtos_task.o(i.OSSchedule)
    i.OSScheduleProcess                      0x08001e24   Section        0  rtos_task.o(i.OSScheduleProcess)
    i.OSTaskSW                               0x08001e3c   Section        0  rtos_task.o(i.OSTaskSW)
    i.RCC_APB1PeriphClockCmd                 0x08001f4c   Section        0  stm32f10x_rcc.o(i.RCC_APB1PeriphClockCmd)
    i.RCC_APB2PeriphClockCmd                 0x08001f6c   Section        0  stm32f10x_rcc.o(i.RCC_APB2PeriphClockCmd)
    i.RCC_GetClocksFreq                      0x08001f8c   Section        0  stm32f10x_rcc.o(i.RCC_GetClocksFreq)
    i.RS485RWConvInit                        0x08002060   Section        0  usart3.o(i.RS485RWConvInit)
    i.SVC_Handler                            0x080020a4   Section        0  stm32f10x_it.o(i.SVC_Handler)
    i.SetSysClock                            0x080020a6   Section        0  system_stm32f10x.o(i.SetSysClock)
    SetSysClock                              0x080020a7   Thumb Code     8  system_stm32f10x.o(i.SetSysClock)
    i.SetSysClockTo72                        0x080020b0   Section        0  system_stm32f10x.o(i.SetSysClockTo72)
    SetSysClockTo72                          0x080020b1   Thumb Code   214  system_stm32f10x.o(i.SetSysClockTo72)
    i.SysTick_Handler                        0x08002190   Section        0  rtos_core.o(i.SysTick_Handler)
    i.SystemInit                             0x08002198   Section        0  system_stm32f10x.o(i.SystemInit)
    i.TIM3_IRQHandler                        0x080021f8   Section        0  tim3.o(i.TIM3_IRQHandler)
    i.TIM3_Int_Init                          0x08002228   Section        0  tim3.o(i.TIM3_Int_Init)
    i.TIM_ClearITPendingBit                  0x08002288   Section        0  stm32f10x_tim.o(i.TIM_ClearITPendingBit)
    i.TIM_Cmd                                0x0800228e   Section        0  stm32f10x_tim.o(i.TIM_Cmd)
    i.TIM_GetITStatus                        0x080022a6   Section        0  stm32f10x_tim.o(i.TIM_GetITStatus)
    i.TIM_ITConfig                           0x080022c8   Section        0  stm32f10x_tim.o(i.TIM_ITConfig)
    i.TIM_TimeBaseInit                       0x080022dc   Section        0  stm32f10x_tim.o(i.TIM_TimeBaseInit)
    i.USART1_IRQHandler                      0x08002380   Section        0  usart.o(i.USART1_IRQHandler)
    i.USART3_IRQHandler                      0x080023f4   Section        0  usart3.o(i.USART3_IRQHandler)
    i.USART_Cmd                              0x08002418   Section        0  stm32f10x_usart.o(i.USART_Cmd)
    i.USART_GetFlagStatus                    0x08002430   Section        0  stm32f10x_usart.o(i.USART_GetFlagStatus)
    i.USART_GetITStatus                      0x0800244a   Section        0  stm32f10x_usart.o(i.USART_GetITStatus)
    i.USART_ITConfig                         0x0800249e   Section        0  stm32f10x_usart.o(i.USART_ITConfig)
    i.USART_Init                             0x080024e8   Section        0  stm32f10x_usart.o(i.USART_Init)
    i.USART_ReceiveData                      0x080025c0   Section        0  stm32f10x_usart.o(i.USART_ReceiveData)
    i.USART_SendData                         0x080025ca   Section        0  stm32f10x_usart.o(i.USART_SendData)
    i.UsageFault_Handler                     0x080025d2   Section        0  stm32f10x_it.o(i.UsageFault_Handler)
    i.__scatterload_copy                     0x080025d6   Section       14  handlers.o(i.__scatterload_copy)
    i.__scatterload_null                     0x080025e4   Section        2  handlers.o(i.__scatterload_null)
    i.__scatterload_zeroinit                 0x080025e6   Section       14  handlers.o(i.__scatterload_zeroinit)
    i.init_usart3                            0x080025f4   Section        0  usart3.o(i.init_usart3)
    i.main                                   0x080026a0   Section        0  main.o(i.main)
    i.usart3_send_byte                       0x080026c0   Section        0  usart3.o(i.usart3_send_byte)
    i.usart3_send_bytes                      0x080026f0   Section        0  usart3.o(i.usart3_send_bytes)
    .constdata                               0x08002708   Section      512  md_rtu_crc16.o(.constdata)
    crc16_table                              0x08002708   Data         512  md_rtu_crc16.o(.constdata)
    .data                                    0x20000000   Section        4  tim3.o(.data)
    .data                                    0x20000004   Section       13  usart.o(.data)
    .data                                    0x20000011   Section       20  stm32f10x_rcc.o(.data)
    APBAHBPrescTable                         0x20000011   Data          16  stm32f10x_rcc.o(.data)
    ADCPrescTable                            0x20000021   Data           4  stm32f10x_rcc.o(.data)
    .data                                    0x20000028   Section        4  mdm_rtu_serial.o(.data)
    .data                                    0x2000002c   Section      202  mdm_rtu_app.o(.data)
    mapTableDataMaster0                      0x2000002c   Data           8  mdm_rtu_app.o(.data)
    mapTableItemMaster0                      0x20000034   Data          12  mdm_rtu_app.o(.data)
    regDataMaster1                           0x20000040   Data          64  mdm_rtu_app.o(.data)
    mapTableItemMaster1                      0x20000080   Data          12  mdm_rtu_app.o(.data)
    regDataMaster2                           0x2000008c   Data          64  mdm_rtu_app.o(.data)
    mapTableItemMaster2                      0x200000cc   Data          12  mdm_rtu_app.o(.data)
    .data                                    0x200000f8   Section       24  rtos_task.o(.data)
    back_task_tcb                            0x2000010c   Data           4  rtos_task.o(.data)
    .bss                                     0x20000110   Section      320  mdm_rtu_rw_man.o(.bss)
    .bss                                     0x20000250   Section      765  mdm_rtu_app.o(.bss)
    MDSRecvQueueData                         0x2000044c   Data         257  mdm_rtu_app.o(.bss)
    .bss                                     0x20000550   Section       64  rtos_task.o(.bss)
    STACK                                    0x20000590   Section     2048  startup_stm32f10x_md.o(STACK)

    Global Symbols

    Symbol Name                              Value     Ov Type        Size  Object(Section)

    BuildAttributes$$THM_ISAv4$P$D$K$B$S$PE$A:L22UL41UL21$X:L11$S22US41US21$IEEE1$IW$USESV6$~STKCKD$USESV7$~SHL$OTIME$ROPI$EBA8$MICROLIB$REQ8$PRES8$EABIv2 0x00000000   Number         0  anon$$obj.o ABSOLUTE
    __ARM_use_no_argv                        0x00000000   Number         0  main.o ABSOLUTE
    __use_no_errno                           0x00000000   Number         0  useno.o ABSOLUTE
    __use_no_exception_handling              0x00000000   Number         0  useno.o ABSOLUTE
    __use_no_fp                              0x00000000   Number         0  useno.o ABSOLUTE
    __use_no_heap                            0x00000000   Number         0  useno.o ABSOLUTE
    __use_no_heap_region                     0x00000000   Number         0  useno.o ABSOLUTE
    __use_no_semihosting                     0x00000000   Number         0  useno.o ABSOLUTE
    __use_no_semihosting_swi                 0x00000000   Number         0  useno.o ABSOLUTE
    __use_no_signal_handling                 0x00000000   Number         0  useno.o ABSOLUTE
    __arm_fini_                               - Undefined Weak Reference
    __cpp_initialize__aeabi_                  - Undefined Weak Reference
    __cxa_finalize                            - Undefined Weak Reference
    __decompress                              - Undefined Weak Reference
    _clock_init                               - Undefined Weak Reference
    _microlib_exit                            - Undefined Weak Reference
    __Vectors_Size                           0x000000ec   Number         0  startup_stm32f10x_md.o ABSOLUTE
    __Vectors                                0x08000000   Data           4  startup_stm32f10x_md.o(RESET)
    __Vectors_End                            0x080000ec   Data           0  startup_stm32f10x_md.o(RESET)
    __main                                   0x080000ed   Thumb Code     0  entry.o(.ARM.Collect$$$$00000000)
    _main_stk                                0x080000ed   Thumb Code     0  entry2.o(.ARM.Collect$$$$00000001)
    _main_scatterload                        0x080000f1   Thumb Code     0  entry5.o(.ARM.Collect$$$$00000004)
    __main_after_scatterload                 0x080000f5   Thumb Code     0  entry5.o(.ARM.Collect$$$$00000004)
    _main_clock                              0x080000f5   Thumb Code     0  entry7b.o(.ARM.Collect$$$$00000008)
    _main_cpp_init                           0x080000f5   Thumb Code     0  entry8b.o(.ARM.Collect$$$$0000000A)
    _main_init                               0x080000f5   Thumb Code     0  entry9a.o(.ARM.Collect$$$$0000000B)
    __rt_lib_shutdown_fini                   0x080000fd   Thumb Code     0  entry12b.o(.ARM.Collect$$$$0000000E)
    __rt_final_cpp                           0x08000101   Thumb Code     0  entry10a.o(.ARM.Collect$$$$0000000F)
    __rt_final_exit                          0x08000101   Thumb Code     0  entry11a.o(.ARM.Collect$$$$00000011)
    DisableInterrupt                         0x08000105   Thumb Code     8  rtos_core.o(.emb_text)
    EnableInterrupt                          0x0800010d   Thumb Code     6  rtos_core.o(.emb_text)
    StartRTOS                                0x08000113   Thumb Code    30  rtos_core.o(.emb_text)
    OpenSchedule                             0x08000139   Thumb Code    10  rtos_core.o(.emb_text)
    PendSV_Handler                           0x08000149   Thumb Code    50  rtos_core.o(.emb_text)
    Reset_Handler                            0x08000185   Thumb Code     8  startup_stm32f10x_md.o(.text)
    ADC1_2_IRQHandler                        0x0800019f   Thumb Code     0  startup_stm32f10x_md.o(.text)
    CAN1_RX1_IRQHandler                      0x0800019f   Thumb Code     0  startup_stm32f10x_md.o(.text)
    CAN1_SCE_IRQHandler                      0x0800019f   Thumb Code     0  startup_stm32f10x_md.o(.text)
    DMA1_Channel1_IRQHandler                 0x0800019f   Thumb Code     0  startup_stm32f10x_md.o(.text)
    DMA1_Channel2_IRQHandler                 0x0800019f   Thumb Code     0  startup_stm32f10x_md.o(.text)
    DMA1_Channel3_IRQHandler                 0x0800019f   Thumb Code     0  startup_stm32f10x_md.o(.text)
    DMA1_Channel4_IRQHandler                 0x0800019f   Thumb Code     0  startup_stm32f10x_md.o(.text)
    DMA1_Channel5_IRQHandler                 0x0800019f   Thumb Code     0  startup_stm32f10x_md.o(.text)
    DMA1_Channel6_IRQHandler                 0x0800019f   Thumb Code     0  startup_stm32f10x_md.o(.text)
    DMA1_Channel7_IRQHandler                 0x0800019f   Thumb Code     0  startup_stm32f10x_md.o(.text)
    EXTI0_IRQHandler                         0x0800019f   Thumb Code     0  startup_stm32f10x_md.o(.text)
    EXTI15_10_IRQHandler                     0x0800019f   Thumb Code     0  startup_stm32f10x_md.o(.text)
    EXTI1_IRQHandler                         0x0800019f   Thumb Code     0  startup_stm32f10x_md.o(.text)
    EXTI2_IRQHandler                         0x0800019f   Thumb Code     0  startup_stm32f10x_md.o(.text)
    EXTI3_IRQHandler                         0x0800019f   Thumb Code     0  startup_stm32f10x_md.o(.text)
    EXTI4_IRQHandler                         0x0800019f   Thumb Code     0  startup_stm32f10x_md.o(.text)
    EXTI9_5_IRQHandler                       0x0800019f   Thumb Code     0  startup_stm32f10x_md.o(.text)
    FLASH_IRQHandler                         0x0800019f   Thumb Code     0  startup_stm32f10x_md.o(.text)
    I2C1_ER_IRQHandler                       0x0800019f   Thumb Code     0  startup_stm32f10x_md.o(.text)
    I2C1_EV_IRQHandler                       0x0800019f   Thumb Code     0  startup_stm32f10x_md.o(.text)
    I2C2_ER_IRQHandler                       0x0800019f   Thumb Code     0  startup_stm32f10x_md.o(.text)
    I2C2_EV_IRQHandler                       0x0800019f   Thumb Code     0  startup_stm32f10x_md.o(.text)
    PVD_IRQHandler                           0x0800019f   Thumb Code     0  startup_stm32f10x_md.o(.text)
    RCC_IRQHandler                           0x0800019f   Thumb Code     0  startup_stm32f10x_md.o(.text)
    RTCAlarm_IRQHandler                      0x0800019f   Thumb Code     0  startup_stm32f10x_md.o(.text)
    RTC_IRQHandler                           0x0800019f   Thumb Code     0  startup_stm32f10x_md.o(.text)
    SPI1_IRQHandler                          0x0800019f   Thumb Code     0  startup_stm32f10x_md.o(.text)
    SPI2_IRQHandler                          0x0800019f   Thumb Code     0  startup_stm32f10x_md.o(.text)
    TAMPER_IRQHandler                        0x0800019f   Thumb Code     0  startup_stm32f10x_md.o(.text)
    TIM1_BRK_IRQHandler                      0x0800019f   Thumb Code     0  startup_stm32f10x_md.o(.text)
    TIM1_CC_IRQHandler                       0x0800019f   Thumb Code     0  startup_stm32f10x_md.o(.text)
    TIM1_TRG_COM_IRQHandler                  0x0800019f   Thumb Code     0  startup_stm32f10x_md.o(.text)
    TIM1_UP_IRQHandler                       0x0800019f   Thumb Code     0  startup_stm32f10x_md.o(.text)
    TIM2_IRQHandler                          0x0800019f   Thumb Code     0  startup_stm32f10x_md.o(.text)
    TIM4_IRQHandler                          0x0800019f   Thumb Code     0  startup_stm32f10x_md.o(.text)
    USART2_IRQHandler                        0x0800019f   Thumb Code     0  startup_stm32f10x_md.o(.text)
    USBWakeUp_IRQHandler                     0x0800019f   Thumb Code     0  startup_stm32f10x_md.o(.text)
    USB_HP_CAN1_TX_IRQHandler                0x0800019f   Thumb Code     0  startup_stm32f10x_md.o(.text)
    USB_LP_CAN1_RX0_IRQHandler               0x0800019f   Thumb Code     0  startup_stm32f10x_md.o(.text)
    WWDG_IRQHandler                          0x0800019f   Thumb Code     0  startup_stm32f10x_md.o(.text)
    __aeabi_fadd                             0x080001a9   Thumb Code   164  fadd.o(.text)
    __aeabi_fsub                             0x0800024d   Thumb Code     6  fadd.o(.text)
    __aeabi_frsub                            0x08000253   Thumb Code     6  fadd.o(.text)
    __aeabi_fmul                             0x08000259   Thumb Code   100  fmul.o(.text)
    __aeabi_dmul                             0x080002bd   Thumb Code   228  dmul.o(.text)
    __aeabi_ddiv                             0x080003a1   Thumb Code   222  ddiv.o(.text)
    __aeabi_i2f                              0x0800047f   Thumb Code    18  fflti.o(.text)
    __aeabi_ui2f                             0x08000491   Thumb Code    10  ffltui.o(.text)
    __aeabi_f2iz                             0x0800049b   Thumb Code    50  ffixi.o(.text)
    __aeabi_f2uiz                            0x080004cd   Thumb Code    40  ffixui.o(.text)
    __aeabi_f2d                              0x080004f5   Thumb Code    38  f2d.o(.text)
    __aeabi_d2f                              0x0800051b   Thumb Code    56  d2f.o(.text)
    __I$use$fp                               0x08000553   Thumb Code     0  iusefp.o(.text)
    _float_round                             0x08000553   Thumb Code    18  fepilogue.o(.text)
    _float_epilogue                          0x08000565   Thumb Code    92  fepilogue.o(.text)
    _double_round                            0x080005c1   Thumb Code    30  depilogue.o(.text)
    _double_epilogue                         0x080005df   Thumb Code   156  depilogue.o(.text)
    __scatterload                            0x0800067d   Thumb Code    28  init.o(.text)
    __scatterload_rt2                        0x0800067d   Thumb Code     0  init.o(.text)
    __aeabi_llsl                             0x080006a1   Thumb Code    30  llshl.o(.text)
    _ll_shift_l                              0x080006a1   Thumb Code     0  llshl.o(.text)
    __aeabi_llsr                             0x080006bf   Thumb Code    32  llushr.o(.text)
    _ll_ushift_r                             0x080006bf   Thumb Code     0  llushr.o(.text)
    BKP_ITConfig                             0x080006e1   Thumb Code     6  stm32f10x_bkp.o(i.BKP_ITConfig)
    BKP_TamperPinCmd                         0x080006ed   Thumb Code     6  stm32f10x_bkp.o(i.BKP_TamperPinCmd)
    BusFault_Handler                         0x080006f9   Thumb Code     4  stm32f10x_it.o(i.BusFault_Handler)
    DebugMon_Handler                         0x080006fd   Thumb Code     2  stm32f10x_it.o(i.DebugMon_Handler)
    GPIO_Init                                0x080006ff   Thumb Code   278  stm32f10x_gpio.o(i.GPIO_Init)
    GPIO_ResetBits                           0x08000815   Thumb Code     4  stm32f10x_gpio.o(i.GPIO_ResetBits)
    HardFault_Handler                        0x08000819   Thumb Code     4  stm32f10x_it.o(i.HardFault_Handler)
    MDInitQueue                              0x0800081d   Thumb Code    26  md_rtu_queue.o(i.MDInitQueue)
    MDMInitSerial                            0x08000839   Thumb Code    50  mdm_rtu_serial.o(i.MDMInitSerial)
    MDMSerialRecvByte                        0x08000879   Thumb Code    30  mdm_rtu_serial.o(i.MDMSerialRecvByte)
    MDMSerialSWRecv_Send                     0x0800089d   Thumb Code     6  mdm_rtu_serial.o(i.MDMSerialSWRecv_Send)
    MDMSerialSendBytes                       0x080008a9   Thumb Code    16  mdm_rtu_serial.o(i.MDMSerialSendBytes)
    MDMTimeHandler100US                      0x080008b9   Thumb Code    30  mdm_rtu_serial.o(i.MDMTimeHandler100US)
    MDM_RTU_APPInit                          0x0800097d   Thumb Code   200  mdm_rtu_app.o(i.MDM_RTU_APPInit)
    MDM_RTU_AddMapItem                       0x08000a91   Thumb Code    32  mdm_rtu_fun.o(i.MDM_RTU_AddMapItem)
    MDM_RTU_CB_Init                          0x08000ab1   Thumb Code    40  mdm_rtu_fun.o(i.MDM_RTU_CB_Init)
    MDM_RTU_CB_OverTimeReset                 0x08000add   Thumb Code    22  mdm_rtu_fun.o(i.MDM_RTU_CB_OverTimeReset)
    MDM_RTU_Init                             0x08000af5   Thumb Code   318  mdm_rtu_fun.o(i.MDM_RTU_Init)
    MDM_RTU_InsideWriteBits                  0x08000c45   Thumb Code   378  mdm_rtu_fun.o(i.MDM_RTU_InsideWriteBits)
    MDM_RTU_InsideWriteRegs                  0x08000dbf   Thumb Code   232  mdm_rtu_fun.o(i.MDM_RTU_InsideWriteRegs)
    MDM_RTU_Loop                             0x08000ea7   Thumb Code     8  mdm_rtu_app.o(i.MDM_RTU_Loop)
    MDM_RTU_NB_ReadCoil                      0x080013a1   Thumb Code    34  mdm_rtu_fun.o(i.MDM_RTU_NB_ReadCoil)
    MDM_RTU_NB_WriteCoils                    0x080013c3   Thumb Code    36  mdm_rtu_fun.o(i.MDM_RTU_NB_WriteCoils)
    MDM_RTU_NB_WriteRegs                     0x080013e7   Thumb Code    36  mdm_rtu_fun.o(i.MDM_RTU_NB_WriteRegs)
    MDM_RTU_QueueInit                        0x0800140b   Thumb Code    28  mdm_rtu_fun.o(i.MDM_RTU_QueueInit)
    MDM_RTU_ReadBits                         0x08001427   Thumb Code   328  mdm_rtu_user_fun.o(i.MDM_RTU_ReadBits)
    MDM_RTU_ReadUint16                       0x08001687   Thumb Code    90  mdm_rtu_fun.o(i.MDM_RTU_ReadUint16)
    MDM_RTU_RecvByte                         0x080016e1   Thumb Code    70  mdm_rtu_fun.o(i.MDM_RTU_RecvByte)
    MDM_RTU_TimeHandler                      0x08001727   Thumb Code    84  mdm_rtu_fun.o(i.MDM_RTU_TimeHandler)
    MDM_RW_CtrlAddRW                         0x08001a93   Thumb Code    34  mdm_rtu_rw_man.o(i.MDM_RW_CtrlAddRW)
    MDM_RW_CtrlLoop                          0x08001ab5   Thumb Code   136  mdm_rtu_rw_man.o(i.MDM_RW_CtrlLoop)
    MDQueueLength                            0x08001b81   Thumb Code    34  md_rtu_queue.o(i.MDQueueLength)
    MDResetQueue                             0x08001ba3   Thumb Code    14  md_rtu_queue.o(i.MDResetQueue)
    MD_CRC16Update                           0x08001bb1   Thumb Code    20  md_rtu_crc16.o(i.MD_CRC16Update)
    MDdeQueue                                0x08001bc9   Thumb Code   134  md_rtu_queue.o(i.MDdeQueue)
    MDenQueue                                0x08001c4f   Thumb Code   138  md_rtu_queue.o(i.MDenQueue)
    MapTableAdd                              0x08001cd9   Thumb Code    48  md_rtu_maptable.o(i.MapTableAdd)
    MemManage_Handler                        0x08001d09   Thumb Code     4  stm32f10x_it.o(i.MemManage_Handler)
    NMI_Handler                              0x08001d0d   Thumb Code     2  stm32f10x_it.o(i.NMI_Handler)
    NVIC_Init                                0x08001d11   Thumb Code   100  misc.o(i.NVIC_Init)
    NVIC_PriorityGroupConfig                 0x08001d81   Thumb Code    10  misc.o(i.NVIC_PriorityGroupConfig)
    OSProcess                                0x08001d95   Thumb Code   114  rtos_task.o(i.OSProcess)
    OSSchedule                               0x08001e11   Thumb Code    14  rtos_task.o(i.OSSchedule)
    OSScheduleProcess                        0x08001e25   Thumb Code    18  rtos_task.o(i.OSScheduleProcess)
    OSTaskSW                                 0x08001e3d   Thumb Code   256  rtos_task.o(i.OSTaskSW)
    RCC_APB1PeriphClockCmd                   0x08001f4d   Thumb Code    26  stm32f10x_rcc.o(i.RCC_APB1PeriphClockCmd)
    RCC_APB2PeriphClockCmd                   0x08001f6d   Thumb Code    26  stm32f10x_rcc.o(i.RCC_APB2PeriphClockCmd)
    RCC_GetClocksFreq                        0x08001f8d   Thumb Code   192  stm32f10x_rcc.o(i.RCC_GetClocksFreq)
    RS485RWConvInit                          0x08002061   Thumb Code    62  usart3.o(i.RS485RWConvInit)
    SVC_Handler                              0x080020a5   Thumb Code     2  stm32f10x_it.o(i.SVC_Handler)
    SysTick_Handler                          0x08002191   Thumb Code     8  rtos_core.o(i.SysTick_Handler)
    SystemInit                               0x08002199   Thumb Code    78  system_stm32f10x.o(i.SystemInit)
    TIM3_IRQHandler                          0x080021f9   Thumb Code    40  tim3.o(i.TIM3_IRQHandler)
    TIM3_Int_Init                            0x08002229   Thumb Code    90  tim3.o(i.TIM3_Int_Init)
    TIM_ClearITPendingBit                    0x08002289   Thumb Code     6  stm32f10x_tim.o(i.TIM_ClearITPendingBit)
    TIM_Cmd                                  0x0800228f   Thumb Code    24  stm32f10x_tim.o(i.TIM_Cmd)
    TIM_GetITStatus                          0x080022a7   Thumb Code    34  stm32f10x_tim.o(i.TIM_GetITStatus)
    TIM_ITConfig                             0x080022c9   Thumb Code    18  stm32f10x_tim.o(i.TIM_ITConfig)
    TIM_TimeBaseInit                         0x080022dd   Thumb Code   122  stm32f10x_tim.o(i.TIM_TimeBaseInit)
    USART1_IRQHandler                        0x08002381   Thumb Code    96  usart.o(i.USART1_IRQHandler)
    USART3_IRQHandler                        0x080023f5   Thumb Code    32  usart3.o(i.USART3_IRQHandler)
    USART_Cmd                                0x08002419   Thumb Code    24  stm32f10x_usart.o(i.USART_Cmd)
    USART_GetFlagStatus                      0x08002431   Thumb Code    26  stm32f10x_usart.o(i.USART_GetFlagStatus)
    USART_GetITStatus                        0x0800244b   Thumb Code    84  stm32f10x_usart.o(i.USART_GetITStatus)
    USART_ITConfig                           0x0800249f   Thumb Code    74  stm32f10x_usart.o(i.USART_ITConfig)
    USART_Init                               0x080024e9   Thumb Code   210  stm32f10x_usart.o(i.USART_Init)
    USART_ReceiveData                        0x080025c1   Thumb Code    10  stm32f10x_usart.o(i.USART_ReceiveData)
    USART_SendData                           0x080025cb   Thumb Code     8  stm32f10x_usart.o(i.USART_SendData)
    UsageFault_Handler                       0x080025d3   Thumb Code     4  stm32f10x_it.o(i.UsageFault_Handler)
    __scatterload_copy                       0x080025d7   Thumb Code    14  handlers.o(i.__scatterload_copy)
    __scatterload_null                       0x080025e5   Thumb Code     2  handlers.o(i.__scatterload_null)
    __scatterload_zeroinit                   0x080025e7   Thumb Code    14  handlers.o(i.__scatterload_zeroinit)
    init_usart3                              0x080025f5   Thumb Code   162  usart3.o(i.init_usart3)
    main                                     0x080026a1   Thumb Code    32  main.o(i.main)
    usart3_send_byte                         0x080026c1   Thumb Code    42  usart3.o(i.usart3_send_byte)
    usart3_send_bytes                        0x080026f1   Thumb Code    24  usart3.o(i.usart3_send_bytes)
    Region$$Table$$Base                      0x08002908   Number         0  anon$$obj.o(Region$$Table)
    Region$$Table$$Limit                     0x08002928   Number         0  anon$$obj.o(Region$$Table)
    sys_tick_100us                           0x20000000   Data           4  tim3.o(.data)
    __stdout                                 0x20000004   Data           4  usart.o(.data)
    sendBytes                                0x20000008   Data           4  usart.o(.data)
    sendLen                                  0x2000000c   Data           2  usart.o(.data)
    sendI                                    0x2000000e   Data           2  usart.o(.data)
    sendFlag                                 0x20000010   Data           1  usart.o(.data)
    pModbusMBase                             0x20000028   Data           4  mdm_rtu_serial.o(.data)
    temp                                     0x200000d8   Data           2  mdm_rtu_app.o(.data)
    temp2                                    0x200000da   Data           2  mdm_rtu_app.o(.data)
    temp1                                    0x200000dc   Data           2  mdm_rtu_app.o(.data)
    data1                                    0x200000de   Data          12  mdm_rtu_app.o(.data)
    data2                                    0x200000ea   Data          12  mdm_rtu_app.o(.data)
    sysClkCount                              0x200000f8   Data           4  rtos_task.o(.data)
    OSLastTaskMem                            0x200000fc   Data           4  rtos_task.o(.data)
    TCBIng                                   0x20000100   Data           4  rtos_task.o(.data)
    exclusiveTemp                            0x20000104   Data           4  rtos_task.o(.data)
    exclusiveCount                           0x20000108   Data           1  rtos_task.o(.data)
    OSScheduleSW                             0x20000109   Data           1  rtos_task.o(.data)
    MDM_RW_CtrlList                          0x20000110   Data         320  mdm_rtu_rw_man.o(.bss)
    modbus_RTU                               0x20000250   Data         388  mdm_rtu_app.o(.bss)
    modbusRWRTUCB                            0x200003d4   Data          24  mdm_rtu_app.o(.bss)
    modbusRWRTUCB1                           0x200003ec   Data          24  mdm_rtu_app.o(.bss)
    modbusRWRTUCB2                           0x20000404   Data          24  mdm_rtu_app.o(.bss)
    modbusRWRTUCB3                           0x2000041c   Data          24  mdm_rtu_app.o(.bss)
    modbusRWRTUCB4                           0x20000434   Data          24  mdm_rtu_app.o(.bss)
    TASK_TCB_LIST                            0x20000550   Data          64  rtos_task.o(.bss)
    __initial_sp                             0x20000d90   Data           0  startup_stm32f10x_md.o(STACK)



==============================================================================

Memory Map of the image

  Image Entry point : 0x080000ed

  Load Region LR_IROM1 (Base: 0x08000000, Size: 0x00002a38, Max: 0x00010000, ABSOLUTE)

    Execution Region ER_IROM1 (Exec base: 0x08000000, Load base: 0x08000000, Size: 0x00002928, Max: 0x00010000, ABSOLUTE)

    Exec Addr    Load Addr    Size         Type   Attr      Idx    E Section Name        Object

    0x08000000   0x08000000   0x000000ec   Data   RO          501    RESET               startup_stm32f10x_md.o
    0x080000ec   0x080000ec   0x00000000   Code   RO         3170  * .ARM.Collect$$$$00000000  mc_w.l(entry.o)
    0x080000ec   0x080000ec   0x00000004   Code   RO         3197    .ARM.Collect$$$$00000001  mc_w.l(entry2.o)
    0x080000f0   0x080000f0   0x00000004   Code   RO         3200    .ARM.Collect$$$$00000004  mc_w.l(entry5.o)
    0x080000f4   0x080000f4   0x00000000   Code   RO         3202    .ARM.Collect$$$$00000008  mc_w.l(entry7b.o)
    0x080000f4   0x080000f4   0x00000000   Code   RO         3204    .ARM.Collect$$$$0000000A  mc_w.l(entry8b.o)
    0x080000f4   0x080000f4   0x00000008   Code   RO         3205    .ARM.Collect$$$$0000000B  mc_w.l(entry9a.o)
    0x080000fc   0x080000fc   0x00000004   Code   RO         3212    .ARM.Collect$$$$0000000E  mc_w.l(entry12b.o)
    0x08000100   0x08000100   0x00000000   Code   RO         3207    .ARM.Collect$$$$0000000F  mc_w.l(entry10a.o)
    0x08000100   0x08000100   0x00000000   Code   RO         3209    .ARM.Collect$$$$00000011  mc_w.l(entry11a.o)
    0x08000100   0x08000100   0x00000004   Code   RO         3198    .ARM.Collect$$$$00002712  mc_w.l(entry2.o)
    0x08000104   0x08000104   0x00000080   Code   RO         2829    .emb_text           rtos_core.o
    0x08000184   0x08000184   0x00000024   Code   RO          502    .text               startup_stm32f10x_md.o
    0x080001a8   0x080001a8   0x000000b0   Code   RO         3173    .text               mf_w.l(fadd.o)
    0x08000258   0x08000258   0x00000064   Code   RO         3175    .text               mf_w.l(fmul.o)
    0x080002bc   0x080002bc   0x000000e4   Code   RO         3179    .text               mf_w.l(dmul.o)
    0x080003a0   0x080003a0   0x000000de   Code   RO         3181    .text               mf_w.l(ddiv.o)
    0x0800047e   0x0800047e   0x00000012   Code   RO         3183    .text               mf_w.l(fflti.o)
    0x08000490   0x08000490   0x0000000a   Code   RO         3185    .text               mf_w.l(ffltui.o)
    0x0800049a   0x0800049a   0x00000032   Code   RO         3187    .text               mf_w.l(ffixi.o)
    0x080004cc   0x080004cc   0x00000028   Code   RO         3189    .text               mf_w.l(ffixui.o)
    0x080004f4   0x080004f4   0x00000026   Code   RO         3191    .text               mf_w.l(f2d.o)
    0x0800051a   0x0800051a   0x00000038   Code   RO         3193    .text               mf_w.l(d2f.o)
    0x08000552   0x08000552   0x00000000   Code   RO         3213    .text               mc_w.l(iusefp.o)
    0x08000552   0x08000552   0x0000006e   Code   RO         3214    .text               mf_w.l(fepilogue.o)
    0x080005c0   0x080005c0   0x000000ba   Code   RO         3216    .text               mf_w.l(depilogue.o)
    0x0800067a   0x0800067a   0x00000002   PAD
    0x0800067c   0x0800067c   0x00000024   Code   RO         3218    .text               mc_w.l(init.o)
    0x080006a0   0x080006a0   0x0000001e   Code   RO         3220    .text               mc_w.l(llshl.o)
    0x080006be   0x080006be   0x00000020   Code   RO         3222    .text               mc_w.l(llushr.o)
    0x080006de   0x080006de   0x00000002   PAD
    0x080006e0   0x080006e0   0x0000000c   Code   RO         1853    i.BKP_ITConfig      stm32f10x_bkp.o
    0x080006ec   0x080006ec   0x0000000c   Code   RO         1857    i.BKP_TamperPinCmd  stm32f10x_bkp.o
    0x080006f8   0x080006f8   0x00000004   Code   RO          156    i.BusFault_Handler  stm32f10x_it.o
    0x080006fc   0x080006fc   0x00000002   Code   RO          157    i.DebugMon_Handler  stm32f10x_it.o
    0x080006fe   0x080006fe   0x00000116   Code   RO          668    i.GPIO_Init         stm32f10x_gpio.o
    0x08000814   0x08000814   0x00000004   Code   RO          675    i.GPIO_ResetBits    stm32f10x_gpio.o
    0x08000818   0x08000818   0x00000004   Code   RO          158    i.HardFault_Handler  stm32f10x_it.o
    0x0800081c   0x0800081c   0x0000001a   Code   RO         1964    i.MDInitQueue       md_rtu_queue.o
    0x08000836   0x08000836   0x00000002   PAD
    0x08000838   0x08000838   0x00000040   Code   RO         2575    i.MDMInitSerial     mdm_rtu_serial.o
    0x08000878   0x08000878   0x00000024   Code   RO         2576    i.MDMSerialRecvByte  mdm_rtu_serial.o
    0x0800089c   0x0800089c   0x0000000c   Code   RO         2577    i.MDMSerialSWRecv_Send  mdm_rtu_serial.o
    0x080008a8   0x080008a8   0x00000010   Code   RO         2578    i.MDMSerialSendBytes  mdm_rtu_serial.o
    0x080008b8   0x080008b8   0x00000024   Code   RO         2579    i.MDMTimeHandler100US  mdm_rtu_serial.o
    0x080008dc   0x080008dc   0x00000044   Code   RO         2700    i.MDM_RTUUserRead   mdm_rtu_app.o
    0x08000920   0x08000920   0x0000005c   Code   RO         2701    i.MDM_RTUUserWrite  mdm_rtu_app.o
    0x0800097c   0x0800097c   0x00000114   Code   RO         2702    i.MDM_RTU_APPInit   mdm_rtu_app.o
    0x08000a90   0x08000a90   0x00000020   Code   RO         2229    i.MDM_RTU_AddMapItem  mdm_rtu_fun.o
    0x08000ab0   0x08000ab0   0x0000002c   Code   RO         2231    i.MDM_RTU_CB_Init   mdm_rtu_fun.o
    0x08000adc   0x08000adc   0x00000016   Code   RO         2232    i.MDM_RTU_CB_OverTimeReset  mdm_rtu_fun.o
    0x08000af2   0x08000af2   0x00000002   PAD
    0x08000af4   0x08000af4   0x00000150   Code   RO         2234    i.MDM_RTU_Init      mdm_rtu_fun.o
    0x08000c44   0x08000c44   0x0000017a   Code   RO         2235    i.MDM_RTU_InsideWriteBits  mdm_rtu_fun.o
    0x08000dbe   0x08000dbe   0x000000e8   Code   RO         2236    i.MDM_RTU_InsideWriteRegs  mdm_rtu_fun.o
    0x08000ea6   0x08000ea6   0x00000008   Code   RO         2703    i.MDM_RTU_Loop      mdm_rtu_app.o
    0x08000eae   0x08000eae   0x00000470   Code   RO         2245    i.MDM_RTU_NB_RW     mdm_rtu_fun.o
    0x0800131e   0x0800131e   0x00000002   PAD
    0x08001320   0x08001320   0x00000040   Code   RO         2704    i.MDM_RTU_NB_RW_CtrlTest0  mdm_rtu_app.o
    0x08001360   0x08001360   0x00000040   Code   RO         2705    i.MDM_RTU_NB_RW_CtrlTest1  mdm_rtu_app.o
    0x080013a0   0x080013a0   0x00000022   Code   RO         2246    i.MDM_RTU_NB_ReadCoil  mdm_rtu_fun.o
    0x080013c2   0x080013c2   0x00000024   Code   RO         2250    i.MDM_RTU_NB_WriteCoils  mdm_rtu_fun.o
    0x080013e6   0x080013e6   0x00000024   Code   RO         2251    i.MDM_RTU_NB_WriteRegs  mdm_rtu_fun.o
    0x0800140a   0x0800140a   0x0000001c   Code   RO         2254    i.MDM_RTU_QueueInit  mdm_rtu_fun.o
    0x08001426   0x08001426   0x00000148   Code   RO         2554    i.MDM_RTU_ReadBits  mdm_rtu_user_fun.o
    0x0800156e   0x0800156e   0x00000118   Code   RO         2259    i.MDM_RTU_ReadFun   mdm_rtu_fun.o
    0x08001686   0x08001686   0x0000005a   Code   RO         2263    i.MDM_RTU_ReadUint16  mdm_rtu_fun.o
    0x080016e0   0x080016e0   0x00000046   Code   RO         2264    i.MDM_RTU_RecvByte  mdm_rtu_fun.o
    0x08001726   0x08001726   0x00000054   Code   RO         2265    i.MDM_RTU_TimeHandler  mdm_rtu_fun.o
    0x0800177a   0x0800177a   0x0000000c   Code   RO         2706    i.MDM_RTU_UserUpdate  mdm_rtu_app.o
    0x08001786   0x08001786   0x000001f4   Code   RO         2267    i.MDM_RTU_WriteFun  mdm_rtu_fun.o
    0x0800197a   0x0800197a   0x00000118   Code   RO         2270    i.MDM_RTU_WriteSingleFun  mdm_rtu_fun.o
    0x08001a92   0x08001a92   0x00000022   Code   RO         2499    i.MDM_RW_CtrlAddRW  mdm_rtu_rw_man.o
    0x08001ab4   0x08001ab4   0x0000008c   Code   RO         2502    i.MDM_RW_CtrlLoop   mdm_rtu_rw_man.o
    0x08001b40   0x08001b40   0x00000040   Code   RO         2503    i.MDM_RW_CtrlNew    mdm_rtu_rw_man.o
    0x08001b80   0x08001b80   0x00000022   Code   RO         1966    i.MDQueueLength     md_rtu_queue.o
    0x08001ba2   0x08001ba2   0x0000000e   Code   RO         1967    i.MDResetQueue      md_rtu_queue.o
    0x08001bb0   0x08001bb0   0x00000018   Code   RO         1926    i.MD_CRC16Update    md_rtu_crc16.o
    0x08001bc8   0x08001bc8   0x00000086   Code   RO         1968    i.MDdeQueue         md_rtu_queue.o
    0x08001c4e   0x08001c4e   0x0000008a   Code   RO         1970    i.MDenQueue         md_rtu_queue.o
    0x08001cd8   0x08001cd8   0x00000030   Code   RO         1943    i.MapTableAdd       md_rtu_maptable.o
    0x08001d08   0x08001d08   0x00000004   Code   RO          159    i.MemManage_Handler  stm32f10x_it.o
    0x08001d0c   0x08001d0c   0x00000002   Code   RO          160    i.NMI_Handler       stm32f10x_it.o
    0x08001d0e   0x08001d0e   0x00000002   PAD
    0x08001d10   0x08001d10   0x00000070   Code   RO          506    i.NVIC_Init         misc.o
    0x08001d80   0x08001d80   0x00000014   Code   RO          507    i.NVIC_PriorityGroupConfig  misc.o
    0x08001d94   0x08001d94   0x0000007c   Code   RO         3011    i.OSProcess         rtos_task.o
    0x08001e10   0x08001e10   0x00000014   Code   RO         3012    i.OSSchedule        rtos_task.o
    0x08001e24   0x08001e24   0x00000018   Code   RO         3014    i.OSScheduleProcess  rtos_task.o
    0x08001e3c   0x08001e3c   0x00000110   Code   RO         3020    i.OSTaskSW          rtos_task.o
    0x08001f4c   0x08001f4c   0x00000020   Code   RO          778    i.RCC_APB1PeriphClockCmd  stm32f10x_rcc.o
    0x08001f6c   0x08001f6c   0x00000020   Code   RO          780    i.RCC_APB2PeriphClockCmd  stm32f10x_rcc.o
    0x08001f8c   0x08001f8c   0x000000d4   Code   RO          788    i.RCC_GetClocksFreq  stm32f10x_rcc.o
    0x08002060   0x08002060   0x00000044   Code   RO          297    i.RS485RWConvInit   usart3.o
    0x080020a4   0x080020a4   0x00000002   Code   RO          161    i.SVC_Handler       stm32f10x_it.o
    0x080020a6   0x080020a6   0x00000008   Code   RO          233    i.SetSysClock       system_stm32f10x.o
    0x080020ae   0x080020ae   0x00000002   PAD
    0x080020b0   0x080020b0   0x000000e0   Code   RO          234    i.SetSysClockTo72   system_stm32f10x.o
    0x08002190   0x08002190   0x00000008   Code   RO         2830    i.SysTick_Handler   rtos_core.o
    0x08002198   0x08002198   0x00000060   Code   RO          236    i.SystemInit        system_stm32f10x.o
    0x080021f8   0x080021f8   0x00000030   Code   RO          267    i.TIM3_IRQHandler   tim3.o
    0x08002228   0x08002228   0x00000060   Code   RO          268    i.TIM3_Int_Init     tim3.o
    0x08002288   0x08002288   0x00000006   Code   RO         1311    i.TIM_ClearITPendingBit  stm32f10x_tim.o
    0x0800228e   0x0800228e   0x00000018   Code   RO         1316    i.TIM_Cmd           stm32f10x_tim.o
    0x080022a6   0x080022a6   0x00000022   Code   RO         1337    i.TIM_GetITStatus   stm32f10x_tim.o
    0x080022c8   0x080022c8   0x00000012   Code   RO         1341    i.TIM_ITConfig      stm32f10x_tim.o
    0x080022da   0x080022da   0x00000002   PAD
    0x080022dc   0x080022dc   0x000000a4   Code   RO         1387    i.TIM_TimeBaseInit  stm32f10x_tim.o
    0x08002380   0x08002380   0x00000074   Code   RO          414    i.USART1_IRQHandler  usart.o
    0x080023f4   0x080023f4   0x00000024   Code   RO          298    i.USART3_IRQHandler  usart3.o
    0x08002418   0x08002418   0x00000018   Code   RO         1124    i.USART_Cmd         stm32f10x_usart.o
    0x08002430   0x08002430   0x0000001a   Code   RO         1127    i.USART_GetFlagStatus  stm32f10x_usart.o
    0x0800244a   0x0800244a   0x00000054   Code   RO         1128    i.USART_GetITStatus  stm32f10x_usart.o
    0x0800249e   0x0800249e   0x0000004a   Code   RO         1130    i.USART_ITConfig    stm32f10x_usart.o
    0x080024e8   0x080024e8   0x000000d8   Code   RO         1131    i.USART_Init        stm32f10x_usart.o
    0x080025c0   0x080025c0   0x0000000a   Code   RO         1138    i.USART_ReceiveData  stm32f10x_usart.o
    0x080025ca   0x080025ca   0x00000008   Code   RO         1141    i.USART_SendData    stm32f10x_usart.o
    0x080025d2   0x080025d2   0x00000004   Code   RO          162    i.UsageFault_Handler  stm32f10x_it.o
    0x080025d6   0x080025d6   0x0000000e   Code   RO         3226    i.__scatterload_copy  mc_w.l(handlers.o)
    0x080025e4   0x080025e4   0x00000002   Code   RO         3227    i.__scatterload_null  mc_w.l(handlers.o)
    0x080025e6   0x080025e6   0x0000000e   Code   RO         3228    i.__scatterload_zeroinit  mc_w.l(handlers.o)
    0x080025f4   0x080025f4   0x000000ac   Code   RO          299    i.init_usart3       usart3.o
    0x080026a0   0x080026a0   0x00000020   Code   RO            1    i.main              main.o
    0x080026c0   0x080026c0   0x00000030   Code   RO          300    i.usart3_send_byte  usart3.o
    0x080026f0   0x080026f0   0x00000018   Code   RO          301    i.usart3_send_bytes  usart3.o
    0x08002708   0x08002708   0x00000200   Data   RO         1927    .constdata          md_rtu_crc16.o
    0x08002908   0x08002908   0x00000020   Data   RO         3224    Region$$Table       anon$$obj.o


    Execution Region RW_IRAM1 (Exec base: 0x20000000, Load base: 0x08002928, Size: 0x00000d90, Max: 0x00005000, ABSOLUTE)

    Exec Addr    Load Addr    Size         Type   Attr      Idx    E Section Name        Object

    0x20000000   0x08002928   0x00000004   Data   RW          269    .data               tim3.o
    0x20000004   0x0800292c   0x0000000d   Data   RW          420    .data               usart.o
    0x20000011   0x08002939   0x00000014   Data   RW          808    .data               stm32f10x_rcc.o
    0x20000025   0x0800294d   0x00000003   PAD
    0x20000028   0x08002950   0x00000004   Data   RW         2580    .data               mdm_rtu_serial.o
    0x2000002c   0x08002954   0x000000ca   Data   RW         2708    .data               mdm_rtu_app.o
    0x200000f6   0x08002a1e   0x00000002   PAD
    0x200000f8   0x08002a20   0x00000018   Data   RW         3022    .data               rtos_task.o
    0x20000110        -       0x00000140   Zero   RW         2506    .bss                mdm_rtu_rw_man.o
    0x20000250        -       0x000002fd   Zero   RW         2707    .bss                mdm_rtu_app.o
    0x2000054d   0x08002a38   0x00000003   PAD
    0x20000550        -       0x00000040   Zero   RW         3021    .bss                rtos_task.o
    0x20000590        -       0x00000800   Zero   RW          499    STACK               startup_stm32f10x_md.o


==============================================================================

Image component sizes


      Code (inc. data)   RO Data    RW Data    ZI Data      Debug   Object Name

        32          0          0          0          0     253343   main.o
        24          4        512          0          0       1089   md_rtu_crc16.o
        48          0          0          0          0       1750   md_rtu_maptable.o
       346         12          0          0          0       3993   md_rtu_queue.o
       584        120          0        202        765       5625   mdm_rtu_app.o
      3618         22          0          0          0      17880   mdm_rtu_fun.o
       238         10          0          0        320       5283   mdm_rtu_rw_man.o
       164         32          0          4          0       3413   mdm_rtu_serial.o
       328          0          0          0          0       1515   mdm_rtu_user_fun.o
       132         22          0          0          0       1463   misc.o
       136         24          0          0          0        994   rtos_core.o
       440         38          0         24         64       3023   rtos_task.o
        36          8        236          0       2048        772   startup_stm32f10x_md.o
        24         12          0          0          0        958   stm32f10x_bkp.o
       282          0          0          0          0       2429   stm32f10x_gpio.o
        22          0          0          0          0     205939   stm32f10x_it.o
       276         32          0         20          0       4310   stm32f10x_rcc.o
       246         42          0          0          0       3406   stm32f10x_tim.o
       442          6          0          0          0       5981   stm32f10x_usart.o
         0          0          0          0          0         32   sys.o
       328         28          0          0          0       1705   system_stm32f10x.o
       144         14          0          4          0       1791   tim3.o
       116         20          0         13          0       2563   usart.o
       348         26          0          0          0       7787   usart3.o

    ----------------------------------------------------------------------
      8366        472        780        272       3200     537044   Object Totals
         0          0         32          0          0          0   (incl. Generated)
        12          0          0          5          3          0   (incl. Padding)

    ----------------------------------------------------------------------

      Code (inc. data)   RO Data    RW Data    ZI Data      Debug   Library Member Name

         0          0          0          0          0          0   entry.o
         0          0          0          0          0          0   entry10a.o
         0          0          0          0          0          0   entry11a.o
         4          0          0          0          0          0   entry12b.o
         8          4          0          0          0          0   entry2.o
         4          0          0          0          0          0   entry5.o
         0          0          0          0          0          0   entry7b.o
         0          0          0          0          0          0   entry8b.o
         8          4          0          0          0          0   entry9a.o
        30          0          0          0          0          0   handlers.o
        36          8          0          0          0         68   init.o
         0          0          0          0          0          0   iusefp.o
        30          0          0          0          0         68   llshl.o
        32          0          0          0          0         68   llushr.o
        56          0          0          0          0         88   d2f.o
       222          0          0          0          0        100   ddiv.o
       186          0          0          0          0        176   depilogue.o
       228          0          0          0          0         96   dmul.o
        38          0          0          0          0         68   f2d.o
       176          0          0          0          0        140   fadd.o
       110          0          0          0          0        168   fepilogue.o
        50          0          0          0          0         68   ffixi.o
        40          0          0          0          0         68   ffixui.o
        18          0          0          0          0         68   fflti.o
        10          0          0          0          0         68   ffltui.o
       100          0          0          0          0         76   fmul.o

    ----------------------------------------------------------------------
      1390         16          0          0          0       1388   Library Totals
         4          0          0          0          0          0   (incl. Padding)

    ----------------------------------------------------------------------

      Code (inc. data)   RO Data    RW Data    ZI Data      Debug   Library Name

       152         16          0          0          0        204   mc_w.l
      1234          0          0          0          0       1184   mf_w.l

    ----------------------------------------------------------------------
      1390         16          0          0          0       1388   Library Totals

    ----------------------------------------------------------------------

==============================================================================


      Code (inc. data)   RO Data    RW Data    ZI Data      Debug   

      9756        488        780        272       3200     533644   Grand Totals
      9756        488        780        272       3200     533644   ELF Image Totals
      9756        488        780        272          0          0   ROM Totals

==============================================================================

    Total RO  Size (Code + RO Data)                10536 (  10.29kB)
    Total RW  Size (RW Data + ZI Data)              3472 (   3.39kB)
    Total ROM Size (Code + RO Data + RW Data)      10808 (  10.55kB)

==============================================================================

