Component: ARM Compiler 5.06 update 6 (build 750) Tool: armlink [4d35ed]

==============================================================================

Section Cross References

    main.o(i.main) refers to delay.o(i.delay_init) for delay_init
    main.o(i.main) refers to misc.o(i.NVIC_PriorityGroupConfig) for NVIC_PriorityGroupConfig
    main.o(i.main) refers to usart.o(i.uart_init) for uart_init
    main.o(i.main) refers to led.o(i.LED_Init) for LED_Init
    main.o(i.main) refers to lcd.o(i.LCD_Init) for LCD_Init
    main.o(i.main) refers to w25qxx.o(i.W25QXX_Init) for W25QXX_Init
    main.o(i.main) refers to lcd.o(i.LCD_ShowString) for LCD_ShowString
    main.o(i.main) refers to delay.o(i.delay_ms) for delay_ms
    main.o(i.main) refers to w25qxx.o(i.W25QXX_ReadID) for W25QXX_ReadID
    main.o(i.main) refers to gbk_libdrive.o(i.GBK_Lib_Init) for GBK_Lib_Init
    main.o(i.main) refers to key.o(i.KEY_Init) for KEY_Init
    main.o(i.main) refers to bsp_amg88xx.o(i.amg88xx_init) for amg88xx_init
    main.o(i.main) refers to lcd.o(i.LCD_Clear) for LCD_Clear
    main.o(i.main) refers to md_rtu_app.o(i.MDS_RTU_APPInit) for MDS_RTU_APPInit
    main.o(i.main) refers to tim3.o(i.TIM3_Int_Init) for TIM3_Int_Init
    main.o(i.main) refers to md_rtu_app.o(i.MDS_RTU_Loop) for MDS_RTU_Loop
    main.o(i.main) refers to lcd.o(.data) for POINT_COLOR
    main.o(i.main) refers to touch.o(.data) for tp_dev
    system_stm32f10x.o(i.SystemCoreClockUpdate) refers to system_stm32f10x.o(.data) for .data
    system_stm32f10x.o(i.SystemInit) refers to system_stm32f10x.o(i.SetSysClockTo72) for SetSysClockTo72
    bsp_amg88xx.o(i.AMG88XX_signedMag12ToFloat) refers to ffltui.o(.text) for __aeabi_ui2f
    bsp_amg88xx.o(i.amg88xx_init) refers to myiic.o(i.IIC_Init) for IIC_Init
    bsp_amg88xx.o(i.amg88xx_init) refers to bsp_amg88xx.o(i.amg88xx_write) for amg88xx_write
    bsp_amg88xx.o(i.amg88xx_readPixels) refers to bsp_amg88xx.o(i.amg88xx_read_len) for amg88xx_read_len
    bsp_amg88xx.o(i.amg88xx_readPixels) refers to bsp_amg88xx.o(i.AMG88XX_signedMag12ToFloat) for AMG88XX_signedMag12ToFloat
    bsp_amg88xx.o(i.amg88xx_readPixels) refers to fscalb.o(.text) for __ARM_scalbnf
    bsp_amg88xx.o(i.amg88xx_readThermistor) refers to bsp_amg88xx.o(i.amg88xx_read_len) for amg88xx_read_len
    bsp_amg88xx.o(i.amg88xx_readThermistor) refers to bsp_amg88xx.o(i.AMG88XX_signedMag12ToFloat) for AMG88XX_signedMag12ToFloat
    bsp_amg88xx.o(i.amg88xx_readThermistor) refers to fscalb.o(.text) for __ARM_scalbnf
    bsp_amg88xx.o(i.amg88xx_read_len) refers to myiic.o(i.IIC_Start) for IIC_Start
    bsp_amg88xx.o(i.amg88xx_read_len) refers to myiic.o(i.IIC_Send_Byte) for IIC_Send_Byte
    bsp_amg88xx.o(i.amg88xx_read_len) refers to myiic.o(i.IIC_Wait_Ack) for IIC_Wait_Ack
    bsp_amg88xx.o(i.amg88xx_read_len) refers to myiic.o(i.IIC_Stop) for IIC_Stop
    bsp_amg88xx.o(i.amg88xx_read_len) refers to myiic.o(i.IIC_Read_Byte) for IIC_Read_Byte
    bsp_amg88xx.o(i.amg88xx_write) refers to myiic.o(i.IIC_Start) for IIC_Start
    bsp_amg88xx.o(i.amg88xx_write) refers to myiic.o(i.IIC_Send_Byte) for IIC_Send_Byte
    bsp_amg88xx.o(i.amg88xx_write) refers to myiic.o(i.IIC_Wait_Ack) for IIC_Wait_Ack
    bsp_amg88xx.o(i.amg88xx_write) refers to myiic.o(i.IIC_Stop) for IIC_Stop
    myiic.o(i.IIC_Ack) refers to delay.o(i.delay_us) for delay_us
    myiic.o(i.IIC_Init) refers to stm32f10x_rcc.o(i.RCC_APB2PeriphClockCmd) for RCC_APB2PeriphClockCmd
    myiic.o(i.IIC_Init) refers to stm32f10x_gpio.o(i.GPIO_Init) for GPIO_Init
    myiic.o(i.IIC_Init) refers to stm32f10x_gpio.o(i.GPIO_SetBits) for GPIO_SetBits
    myiic.o(i.IIC_NAck) refers to delay.o(i.delay_us) for delay_us
    myiic.o(i.IIC_Read_Byte) refers to delay.o(i.delay_us) for delay_us
    myiic.o(i.IIC_Read_Byte) refers to myiic.o(i.IIC_Ack) for IIC_Ack
    myiic.o(i.IIC_Read_Byte) refers to myiic.o(i.IIC_NAck) for IIC_NAck
    myiic.o(i.IIC_Send_Byte) refers to delay.o(i.delay_us) for delay_us
    myiic.o(i.IIC_Start) refers to delay.o(i.delay_us) for delay_us
    myiic.o(i.IIC_Stop) refers to delay.o(i.delay_us) for delay_us
    myiic.o(i.IIC_Wait_Ack) refers to delay.o(i.delay_us) for delay_us
    myiic.o(i.IIC_Wait_Ack) refers to myiic.o(i.IIC_Stop) for IIC_Stop
    led.o(i.LED_Init) refers to stm32f10x_rcc.o(i.RCC_APB2PeriphClockCmd) for RCC_APB2PeriphClockCmd
    led.o(i.LED_Init) refers to stm32f10x_gpio.o(i.GPIO_Init) for GPIO_Init
    led.o(i.LED_Init) refers to stm32f10x_gpio.o(i.GPIO_SetBits) for GPIO_SetBits
    key.o(i.KEY_Init) refers to stm32f10x_rcc.o(i.RCC_APB2PeriphClockCmd) for RCC_APB2PeriphClockCmd
    key.o(i.KEY_Init) refers to stm32f10x_gpio.o(i.GPIO_Init) for GPIO_Init
    key.o(i.KEY_Scan) refers to stm32f10x_gpio.o(i.GPIO_ReadInputDataBit) for GPIO_ReadInputDataBit
    key.o(i.KEY_Scan) refers to delay.o(i.delay_ms) for delay_ms
    key.o(i.KEY_Scan) refers to key.o(.data) for .data
    lcd.o(i.Color_Test) refers to lcd.o(i.LCD_Clear) for LCD_Clear
[...]
    Removing gbk_libdrive.o(i.DrawFont_GBK24B), (52 bytes).
    Removing gbk_libdrive.o(i.DrawFont_GBK32B), (52 bytes).
    Removing gbk_libdrive.o(i.GBK_LibFont_Test), (536 bytes).
    Removing gbk_libdrive.o(i.GBK_Show_StrMid), (108 bytes).
    Removing md_rtu_queue.o(i.MDQueueEmpty), (22 bytes).
    Removing md_rtu_queue.o(i.MDdeQueueF), (48 bytes).
    Removing md_rtu_queue.o(i.MDenQueueH), (64 bytes).
    Removing md_rtu_queue.o(i.MDgetTailQueue), (40 bytes).
    Removing md_rtu_regcoil.o(i.RegCoilListDel), (36 bytes).
    Removing mdm_rtu_app.o(i.MDM_RTU_APPInit), (164 bytes).
    Removing mdm_rtu_app.o(i.MDM_RTU_Loop), (4 bytes).
    Removing mdm_rtu_app.o(i.MDM_RTU_UserUpdate), (148 bytes).
    Removing mdm_rtu_app.o(.bss), (504 bytes).
    Removing mdm_rtu_app.o(.data), (8 bytes).
    Removing mdm_rtu_app.o(.data), (28 bytes).
    Removing mdm_rtu_app.o(.data), (64 bytes).
    Removing mdm_rtu_app.o(.data), (2 bytes).
    Removing mdm_rtu_app.o(.data), (12 bytes).
    Removing mdm_rtu_fun.o(i.MDM_RTU_CB_Init), (28 bytes).
    Removing mdm_rtu_fun.o(i.MDM_RTU_CB_OverTimeReset), (12 bytes).
    Removing mdm_rtu_fun.o(i.MDM_RTU_Init), (236 bytes).
    Removing mdm_rtu_fun.o(i.MDM_RTU_InsideWriteBits), (140 bytes).
    Removing mdm_rtu_fun.o(i.MDM_RTU_InsideWriteRegs), (116 bytes).
    Removing mdm_rtu_fun.o(i.MDM_RTU_NB_RW), (810 bytes).
    Removing mdm_rtu_fun.o(i.MDM_RTU_NB_ReadCoil), (22 bytes).
    Removing mdm_rtu_fun.o(i.MDM_RTU_NB_ReadHoldReg), (22 bytes).
    Removing mdm_rtu_fun.o(i.MDM_RTU_NB_ReadInput), (22 bytes).
    Removing mdm_rtu_fun.o(i.MDM_RTU_NB_ReadInputReg), (22 bytes).
    Removing mdm_rtu_fun.o(i.MDM_RTU_NB_WriteCoils), (22 bytes).
    Removing mdm_rtu_fun.o(i.MDM_RTU_NB_WriteRegs), (22 bytes).
    Removing mdm_rtu_fun.o(i.MDM_RTU_NB_WriteSingleCoil), (34 bytes).
    Removing mdm_rtu_fun.o(i.MDM_RTU_NB_WriteSingleReg), (22 bytes).
    Removing mdm_rtu_fun.o(i.MDM_RTU_RW), (54 bytes).
    Removing mdm_rtu_fun.o(i.MDM_RTU_ReadByte), (50 bytes).
    Removing mdm_rtu_fun.o(i.MDM_RTU_ReadCoil), (22 bytes).
    Removing mdm_rtu_fun.o(i.MDM_RTU_ReadFun), (170 bytes).
    Removing mdm_rtu_fun.o(i.MDM_RTU_ReadHoldReg), (22 bytes).
    Removing mdm_rtu_fun.o(i.MDM_RTU_ReadInput), (22 bytes).
    Removing mdm_rtu_fun.o(i.MDM_RTU_ReadInputReg), (22 bytes).
    Removing mdm_rtu_fun.o(i.MDM_RTU_ReadUint16), (80 bytes).
    Removing mdm_rtu_fun.o(i.MDM_RTU_RecvByte), (58 bytes).
    Removing mdm_rtu_fun.o(i.MDM_RTU_SendByte), (16 bytes).
    Removing mdm_rtu_fun.o(i.MDM_RTU_TimeHandler), (60 bytes).
    Removing mdm_rtu_fun.o(i.MDM_RTU_WriteCoils), (22 bytes).
    Removing mdm_rtu_fun.o(i.MDM_RTU_WriteFun), (342 bytes).
    Removing mdm_rtu_fun.o(i.MDM_RTU_WriteRegs), (22 bytes).
    Removing mdm_rtu_fun.o(i.MDM_RTU_WriteSingleCoil), (34 bytes).
    Removing mdm_rtu_fun.o(i.MDM_RTU_WriteSingleFun), (170 bytes).
    Removing mdm_rtu_fun.o(i.MDM_RTU_WriteSingleReg), (22 bytes).
    Removing mdm_rtu_serial.o(i.MDMInitSerial), (32 bytes).
    Removing mdm_rtu_serial.o(i.MDMSerialSWRecv_Send), (2 bytes).
    Removing mdm_rtu_serial.o(i.MDMSerialSendBytes), (4 bytes).
    Removing mdm_rtu_user_fun.o(i.MDM_RTU_ReadBits), (124 bytes).
    Removing mdm_rtu_user_fun.o(i.MDM_RTU_ReadRegs), (96 bytes).

306 unused section(s) (total 212125 bytes) removed from the image.

==============================================================================

Image Symbol Table

    Local Symbols

    Symbol Name                              Value     Ov Type        Size  Object(Section)

    ../clib/microlib/errno.c                 0x00000000   Number         0  errno.o ABSOLUTE
    ../clib/microlib/init/entry.s            0x00000000   Number         0  entry8a.o ABSOLUTE
    ../clib/microlib/init/entry.s            0x00000000   Number         0  entry7b.o ABSOLUTE
    ../clib/microlib/init/entry.s            0x00000000   Number         0  entry7a.o ABSOLUTE
    ../clib/microlib/init/entry.s            0x00000000   Number         0  entry2.o ABSOLUTE
    ../clib/microlib/init/entry.s            0x00000000   Number         0  entry8b.o ABSOLUTE
    ../clib/microlib/init/entry.s            0x00000000   Number         0  entry11a.o ABSOLUTE
    ../clib/microlib/init/entry.s            0x00000000   Number         0  entry9a.o ABSOLUTE
    ../clib/microlib/init/entry.s            0x00000000   Number         0  entry9b.o ABSOLUTE
    ../clib/microlib/init/entry.s            0x00000000   Number         0  entry10a.o ABSOLUTE
    ../clib/microlib/init/entry.s            0x00000000   Number         0  entry5.o ABSOLUTE
    ../clib/microlib/init/entry.s            0x00000000   Number         0  entry.o ABSOLUTE
    ../clib/microlib/init/entry.s            0x00000000   Number         0  entry10b.o ABSOLUTE
    ../clib/microlib/init/entry.s            0x00000000   Number         0  entry11b.o ABSOLUTE
    ../clib/microlib/longlong.c              0x00000000   Number         0  llshl.o ABSOLUTE
    ../clib/microlib/longlong.c              0x00000000   Number         0  llushr.o ABSOLUTE
    ../clib/microlib/string/strlen.c         0x00000000   Number         0  strlen.o ABSOLUTE
    ../clib/microlib/stubs.s                 0x00000000   Number         0  iusefp.o ABSOLUTE
    ../clib/microlib/stubs.s                 0x00000000   Number         0  useno.o ABSOLUTE
    ../fplib/microlib/d2f.c                  0x00000000   Number         0  d2f.o ABSOLUTE
    ../fplib/microlib/f2d.c                  0x00000000   Number         0  f2d.o ABSOLUTE
    ../fplib/microlib/fpadd.c                0x00000000   Number         0  fadd.o ABSOLUTE
    ../fplib/microlib/fpdiv.c                0x00000000   Number         0  ddiv.o ABSOLUTE
    ../fplib/microlib/fpdiv.c                0x00000000   Number         0  fdiv.o ABSOLUTE
    ../fplib/microlib/fpepilogue.c           0x00000000   Number         0  fepilogue.o ABSOLUTE
    ../fplib/microlib/fpepilogue.c           0x00000000   Number         0  depilogue.o ABSOLUTE
    ../fplib/microlib/fpfix.c                0x00000000   Number         0  dfixui.o ABSOLUTE
    ../fplib/microlib/fpfix.c                0x00000000   Number         0  ffixui.o ABSOLUTE
    ../fplib/microlib/fpfix.c                0x00000000   Number         0  ffixi.o ABSOLUTE
    ../fplib/microlib/fpflt.c                0x00000000   Number         0  fflti.o ABSOLUTE
    ../fplib/microlib/fpflt.c                0x00000000   Number         0  dfltui.o ABSOLUTE
    ../fplib/microlib/fpflt.c                0x00000000   Number         0  ffltui.o ABSOLUTE
    ../fplib/microlib/fpmul.c                0x00000000   Number         0  dmul.o ABSOLUTE
    ../fplib/microlib/fpmul.c                0x00000000   Number         0  fmul.o ABSOLUTE
    ../fplib/microlib/fpscalb.c              0x00000000   Number         0  fscalb.o ABSOLUTE
    ../fplib/microlib/fpsqrt.c               0x00000000   Number         0  dsqrt.o ABSOLUTE
    ../mathlib/sqrt.c                        0x00000000   Number         0  sqrt_x.o ABSOLUTE
    ../mathlib/sqrt.c                        0x00000000   Number         0  sqrt.o ABSOLUTE
    ..\CORE\core_cm3.c                       0x00000000   Number         0  core_cm3.o ABSOLUTE
    ..\CORE\startup_stm32f10x_hd.s           0x00000000   Number         0  startup_stm32f10x_hd.o ABSOLUTE
    ..\HARDWARE\GBK_LibDrive\GBK_LibDrive.c  0x00000000   Number         0  gbk_libdrive.o ABSOLUTE
    ..\HARDWARE\KEY\key.c                    0x00000000   Number         0  key.o ABSOLUTE
    ..\HARDWARE\LCD\Dis_Picture.c            0x00000000   Number         0  dis_picture.o ABSOLUTE
    ..\HARDWARE\LCD\FONT.c                   0x00000000   Number         0  font.o ABSOLUTE
    ..\HARDWARE\LCD\Picture.c                0x00000000   Number         0  picture.o ABSOLUTE
    ..\HARDWARE\LCD\Text.c                   0x00000000   Number         0  text.o ABSOLUTE
    ..\HARDWARE\LCD\lcd.c                    0x00000000   Number         0  lcd.o ABSOLUTE
    ..\HARDWARE\LED\led.c                    0x00000000   Number         0  led.o ABSOLUTE
    ..\HARDWARE\SPI\spi.c                    0x00000000   Number         0  spi.o ABSOLUTE
    ..\HARDWARE\TOUCH\touch.c                0x00000000   Number         0  touch.o ABSOLUTE
    ..\HARDWARE\W25QXX\w25qxx.c              0x00000000   Number         0  w25qxx.o ABSOLUTE
    ..\Modbus\MDM_RTU_APP.c                  0x00000000   Number         0  mdm_rtu_app.o ABSOLUTE
    ..\Modbus\MDM_RTU_Fun.c                  0x00000000   Number         0  mdm_rtu_fun.o ABSOLUTE
    ..\Modbus\MDM_RTU_Serial.c               0x00000000   Number         0  mdm_rtu_serial.o ABSOLUTE
    ..\Modbus\MDM_RTU_User_Fun.c             0x00000000   Number         0  mdm_rtu_user_fun.o ABSOLUTE
    ..\Modbus\MD_RTU_APP.c                   0x00000000   Number         0  md_rtu_app.o ABSOLUTE
    ..\Modbus\MD_RTU_CRC16.c                 0x00000000   Number         0  md_rtu_crc16.o ABSOLUTE
    ..\Modbus\MD_RTU_Fun.c                   0x00000000   Number         0  md_rtu_fun.o ABSOLUTE
    ..\Modbus\MD_RTU_Queue.c                 0x00000000   Number         0  md_rtu_queue.o ABSOLUTE
    ..\Modbus\MD_RTU_RegCoil.c               0x00000000   Number         0  md_rtu_regcoil.o ABSOLUTE
    ..\Modbus\MD_RTU_Serial.c                0x00000000   Number         0  md_rtu_serial.o ABSOLUTE
    ..\Modbus\MD_RTU_User_Fun.c              0x00000000   Number         0  md_rtu_user_fun.o ABSOLUTE
    ..\STM32F10x_FWLib\src\misc.c            0x00000000   Number         0  misc.o ABSOLUTE
    ..\STM32F10x_FWLib\src\stm32f10x_fsmc.c  0x00000000   Number         0  stm32f10x_fsmc.o ABSOLUTE
    ..\STM32F10x_FWLib\src\stm32f10x_gpio.c  0x00000000   Number         0  stm32f10x_gpio.o ABSOLUTE
    ..\STM32F10x_FWLib\src\stm32f10x_rcc.c   0x00000000   Number         0  stm32f10x_rcc.o ABSOLUTE
    ..\STM32F10x_FWLib\src\stm32f10x_spi.c   0x00000000   Number         0  stm32f10x_spi.o ABSOLUTE
    ..\STM32F10x_FWLib\src\stm32f10x_tim.c   0x00000000   Number         0  stm32f10x_tim.o ABSOLUTE
    ..\STM32F10x_FWLib\src\stm32f10x_usart.c 0x00000000   Number         0  stm32f10x_usart.o ABSOLUTE
    ..\SYSTEM\delay\delay.c                  0x00000000   Number         0  delay.o ABSOLUTE
    ..\SYSTEM\sys\sys.c                      0x00000000   Number         0  sys.o ABSOLUTE
    ..\SYSTEM\usart\usart.c                  0x00000000   Number         0  usart.o ABSOLUTE
    ..\\CORE\\core_cm3.c                     0x00000000   Number         0  core_cm3.o ABSOLUTE
    ..\\SYSTEM\\sys\\sys.c                   0x00000000   Number         0  sys.o ABSOLUTE
    bsp_amg88xx.c                            0x00000000   Number         0  bsp_amg88xx.o ABSOLUTE
    cdcmple.s                                0x00000000   Number         0  cdcmple.o ABSOLUTE
    cdrcmple.s                               0x00000000   Number         0  cdrcmple.o ABSOLUTE
    dc.s                                     0x00000000   Number         0  dc.o ABSOLUTE
    handlers.s                               0x00000000   Number         0  handlers.o ABSOLUTE
    init.s                                   0x00000000   Number         0  init.o ABSOLUTE
    main.c                                   0x00000000   Number         0  main.o ABSOLUTE
    myiic.c                                  0x00000000   Number         0  myiic.o ABSOLUTE
    stm32f10x_it.c                           0x00000000   Number         0  stm32f10x_it.o ABSOLUTE
    system_stm32f10x.c                       0x00000000   Number         0  system_stm32f10x.o ABSOLUTE
    tim3.c                                   0x00000000   Number         0  tim3.o ABSOLUTE
    RESET                                    0x08000000   Section      304  startup_stm32f10x_hd.o(RESET)
    .ARM.Collect$$$$00000000                 0x08000130   Section        0  entry.o(.ARM.Collect$$$$00000000)
    .ARM.Collect$$$$00000001                 0x08000130   Section        4  entry2.o(.ARM.Collect$$$$00000001)
    .ARM.Collect$$$$00000004                 0x08000134   Section        4  entry5.o(.ARM.Collect$$$$00000004)
    .ARM.Collect$$$$00000008                 0x08000138   Section        0  entry7b.o(.ARM.Collect$$$$00000008)
    .ARM.Collect$$$$0000000A                 0x08000138   Section        0  entry8b.o(.ARM.Collect$$$$0000000A)
    .ARM.Collect$$$$0000000B                 0x08000138   Section        8  entry9a.o(.ARM.Collect$$$$0000000B)
    .ARM.Collect$$$$0000000D                 0x08000140   Section        0  entry10a.o(.ARM.Collect$$$$0000000D)
    .ARM.Collect$$$$0000000F                 0x08000140   Section        0  entry11a.o(.ARM.Collect$$$$0000000F)
    .ARM.Collect$$$$00002712                 0x08000140   Section        4  entry2.o(.ARM.Collect$$$$00002712)
    __lit__00000000                          0x08000140   Data           4  entry2.o(.ARM.Collect$$$$00002712)
    .text                                    0x08000144   Section       36  startup_stm32f10x_hd.o(.text)
    .text                                    0x08000168   Section        0  fadd.o(.text)
    .text                                    0x08000218   Section        0  fmul.o(.text)
    .text                                    0x0800027c   Section        0  fdiv.o(.text)
    .text                                    0x080002f8   Section        0  fscalb.o(.text)
    .text                                    0x08000310   Section        0  dmul.o(.text)
    .text                                    0x080003f4   Section        0  ddiv.o(.text)
    .text                                    0x080004d2   Section        0  fflti.o(.text)
    .text                                    0x080004e4   Section        0  ffltui.o(.text)
    .text                                    0x080004ee   Section        0  dfltui.o(.text)
    .text                                    0x08000508   Section        0  ffixi.o(.text)
    .text                                    0x0800053a   Section        0  ffixui.o(.text)
    .text                                    0x08000562   Section        0  dfixui.o(.text)
    .text                                    0x08000594   Section        0  f2d.o(.text)
    .text                                    0x080005bc   Section       48  cdcmple.o(.text)
    .text                                    0x080005ec   Section       48  cdrcmple.o(.text)
    .text                                    0x0800061c   Section        0  d2f.o(.text)
    .text                                    0x08000654   Section        0  llushr.o(.text)
    .text                                    0x08000674   Section        0  iusefp.o(.text)
    .text                                    0x08000674   Section        0  fepilogue.o(.text)
    .text                                    0x080006e2   Section        0  depilogue.o(.text)
    .text                                    0x0800079c   Section        0  dsqrt.o(.text)
    .text                                    0x08000840   Section       36  init.o(.text)
    .text                                    0x08000864   Section        0  llshl.o(.text)
    i.BusFault_Handler                       0x08000882   Section        0  stm32f10x_it.o(i.BusFault_Handler)
    i.DebugMon_Handler                       0x08000884   Section        0  stm32f10x_it.o(i.DebugMon_Handler)
    i.DrawFont_GBK16B                        0x08000888   Section        0  gbk_libdrive.o(i.DrawFont_GBK16B)
    i.FSMC_NORSRAMCmd                        0x080008bc   Section        0  stm32f10x_fsmc.o(i.FSMC_NORSRAMCmd)
    i.FSMC_NORSRAMInit                       0x080008dc   Section        0  stm32f10x_fsmc.o(i.FSMC_NORSRAMInit)
    i.FontLib_Read                           0x080009a4   Section        0  gbk_libdrive.o(i.FontLib_Read)
    i.Font_SPI_WR                            0x08000a0c   Section        0  gbk_libdrive.o(i.Font_SPI_WR)
    i.GBK_GetASC_Point                       0x08000a70   Section        0  gbk_libdrive.o(i.GBK_GetASC_Point)
    i.GBK_Lib_GetHz                          0x08000ad0   Section        0  gbk_libdrive.o(i.GBK_Lib_GetHz)
    i.GBK_Lib_Init                           0x08000b58   Section        0  gbk_libdrive.o(i.GBK_Lib_Init)
    i.GBK_ReadID                             0x08000bc0   Section        0  gbk_libdrive.o(i.GBK_ReadID)
    i.GBK_ShowASCII                          0x08000c44   Section        0  gbk_libdrive.o(i.GBK_ShowASCII)
    i.GBK_Show_Font                          0x08000ce2   Section        0  gbk_libdrive.o(i.GBK_Show_Font)
    i.GBK_Show_Str                           0x08000d76   Section        0  gbk_libdrive.o(i.GBK_Show_Str)
    i.GBK_delay                              0x08000e32   Section        0  gbk_libdrive.o(i.GBK_delay)
    i.GPIO_Init                              0x08000e4a   Section        0  stm32f10x_gpio.o(i.GPIO_Init)
    i.GPIO_ReadInputDataBit                  0x08000ee6   Section        0  stm32f10x_gpio.o(i.GPIO_ReadInputDataBit)
    i.GPIO_ResetBits                         0x08000ef4   Section        0  stm32f10x_gpio.o(i.GPIO_ResetBits)
    i.GPIO_SetBits                           0x08000ef8   Section        0  stm32f10x_gpio.o(i.GPIO_SetBits)
    i.HardFault_Handler                      0x08000efc   Section        0  stm32f10x_it.o(i.HardFault_Handler)
    i.IIC_Init                               0x08000f00   Section        0  myiic.o(i.IIC_Init)
    i.IIC_Send_Byte                          0x08000f34   Section        0  myiic.o(i.IIC_Send_Byte)
    i.IIC_Start                              0x08000f9c   Section        0  myiic.o(i.IIC_Start)
    i.IIC_Stop                               0x08000fdc   Section        0  myiic.o(i.IIC_Stop)
    i.IIC_Wait_Ack                           0x08001020   Section        0  myiic.o(i.IIC_Wait_Ack)
    i.KEY_Init                               0x08001078   Section        0  key.o(i.KEY_Init)
    i.LCD_Clear                              0x080010b4   Section        0  lcd.o(i.LCD_Clear)
    i.LCD_Display_Dir                        0x080010f0   Section        0  lcd.o(i.LCD_Display_Dir)
    i.LCD_DrawLine                           0x08001160   Section        0  lcd.o(i.LCD_DrawLine)
    i.LCD_DrawPoint                          0x080011f8   Section        0  lcd.o(i.LCD_DrawPoint)
    i.LCD_Draw_Circle                        0x08001214   Section        0  lcd.o(i.LCD_Draw_Circle)
    i.LCD_Fast_DrawPoint                     0x080012d8   Section        0  lcd.o(i.LCD_Fast_DrawPoint)
    i.LCD_Init                               0x08001314   Section        0  lcd.o(i.LCD_Init)
    i.LCD_Pow                                0x080015d8   Section        0  lcd.o(i.LCD_Pow)
    i.LCD_RD_DATA                            0x080015e8   Section        0  lcd.o(i.LCD_RD_DATA)
    i.LCD_ReadReg                            0x080015fc   Section        0  lcd.o(i.LCD_ReadReg)
    i.LCD_Scan_Dir                           0x08001614   Section        0  lcd.o(i.LCD_Scan_Dir)
    i.LCD_SetCursor                          0x08001694   Section        0  lcd.o(i.LCD_SetCursor)
    i.LCD_Set_Window                         0x080016c8   Section        0  lcd.o(i.LCD_Set_Window)
    i.LCD_ShowChar                           0x08001718   Section        0  lcd.o(i.LCD_ShowChar)
    i.LCD_ShowNum                            0x080017e0   Section        0  lcd.o(i.LCD_ShowNum)
    i.LCD_ShowString                         0x08001854   Section        0  lcd.o(i.LCD_ShowString)
    i.LCD_WriteRAM_Prepare                   0x080018a8   Section        0  lcd.o(i.LCD_WriteRAM_Prepare)
    i.LCD_WriteReg                           0x080018bc   Section        0  lcd.o(i.LCD_WriteReg)
    i.LED_Init                               0x080018cc   Section        0  led.o(i.LED_Init)
    i.MDInitQueue                            0x0800191c   Section        0  md_rtu_queue.o(i.MDInitQueue)
    i.MDMSerialRecvByte                      0x0800193c   Section        0  mdm_rtu_serial.o(i.MDMSerialRecvByte)
    i.MDMTimeHandler100US                    0x08001950   Section        0  mdm_rtu_serial.o(i.MDMTimeHandler100US)
    i.MDQueueLength                          0x08001964   Section        0  md_rtu_queue.o(i.MDQueueLength)
    i.MDResetQueue                           0x08001984   Section        0  md_rtu_queue.o(i.MDResetQueue)
    i.MDSAPPWriteFunciton                    0x08001994   Section        0  md_rtu_app.o(i.MDSAPPWriteFunciton)
    i.MDSInitSerial                          0x080019c4   Section        0  md_rtu_serial.o(i.MDSInitSerial)
    i.MDSSerialRecvByte                      0x080019e4   Section        0  md_rtu_serial.o(i.MDSSerialRecvByte)
    i.MDSSerialSWRecv_Send                   0x080019f8   Section        0  md_rtu_serial.o(i.MDSSerialSWRecv_Send)
    i.MDSSerialSendBytes                     0x080019fa   Section        0  md_rtu_serial.o(i.MDSSerialSendBytes)
    i.MDSTimeHandler100US                    0x08001a00   Section        0  md_rtu_serial.o(i.MDSTimeHandler100US)
    i.MDS_RTU_APPInit                        0x08001a14   Section        0  md_rtu_app.o(i.MDS_RTU_APPInit)
    i.MDS_RTU_Init                           0x08001a6c   Section        0  md_rtu_fun.o(i.MDS_RTU_Init)
    i.MDS_RTU_Loop                           0x08001b70   Section        0  md_rtu_app.o(i.MDS_RTU_Loop)
    i.MDS_RTU_Process                        0x08001b84   Section        0  md_rtu_fun.o(i.MDS_RTU_Process)
    i.MDS_RTU_ReadBits                       0x08001c52   Section        0  md_rtu_user_fun.o(i.MDS_RTU_ReadBits)
    i.MDS_RTU_ReadDataProcess                0x08001cd4   Section        0  md_rtu_fun.o(i.MDS_RTU_ReadDataProcess)
    i.MDS_RTU_ReadRegs                       0x08001ee8   Section        0  md_rtu_user_fun.o(i.MDS_RTU_ReadRegs)
    i.MDS_RTU_RecvByte                       0x08001f4e   Section        0  md_rtu_fun.o(i.MDS_RTU_RecvByte)
    i.MDS_RTU_SendByte                       0x08001f88   Section        0  md_rtu_fun.o(i.MDS_RTU_SendByte)
    MDS_RTU_SendByte                         0x08001f89   Thumb Code    16  md_rtu_fun.o(i.MDS_RTU_SendByte)
    i.MDS_RTU_SendErrorCode                  0x08001f98   Section        0  md_rtu_fun.o(i.MDS_RTU_SendErrorCode)
    MDS_RTU_SendErrorCode                    0x08001f99   Thumb Code    96  md_rtu_fun.o(i.MDS_RTU_SendErrorCode)
    i.MDS_RTU_SerialProcess                  0x08001ff8   Section        0  md_rtu_fun.o(i.MDS_RTU_SerialProcess)
    MDS_RTU_SerialProcess                    0x08001ff9   Thumb Code   116  md_rtu_fun.o(i.MDS_RTU_SerialProcess)
    i.MDS_RTU_SetWriteListenFun              0x0800206c   Section        0  md_rtu_fun.o(i.MDS_RTU_SetWriteListenFun)
    i.MDS_RTU_TimeHandler                    0x08002074   Section        0  md_rtu_fun.o(i.MDS_RTU_TimeHandler)
    i.MDS_RTU_UserUpdate                     0x080020e0   Section        0  md_rtu_app.o(i.MDS_RTU_UserUpdate)
    i.MDS_RTU_WriteBit                       0x0800212c   Section        0  md_rtu_user_fun.o(i.MDS_RTU_WriteBit)
    i.MDS_RTU_WriteBits                      0x08002192   Section        0  md_rtu_user_fun.o(i.MDS_RTU_WriteBits)
    i.MDS_RTU_WriteDataProcess               0x08002224   Section        0  md_rtu_fun.o(i.MDS_RTU_WriteDataProcess)
    i.MDS_RTU_WriteReg                       0x0800255a   Section        0  md_rtu_user_fun.o(i.MDS_RTU_WriteReg)
    i.MDS_RTU_WriteRegs                      0x080025a6   Section        0  md_rtu_user_fun.o(i.MDS_RTU_WriteRegs)
    i.MDdeQueue                              0x08002620   Section        0  md_rtu_queue.o(i.MDdeQueue)
    i.MDenQueue                              0x0800264e   Section        0  md_rtu_queue.o(i.MDenQueue)
    i.MemManage_Handler                      0x08002682   Section        0  stm32f10x_it.o(i.MemManage_Handler)
    i.NMI_Handler                            0x08002684   Section        0  stm32f10x_it.o(i.NMI_Handler)
    i.NVIC_Init                              0x08002688   Section        0  misc.o(i.NVIC_Init)
    i.NVIC_PriorityGroupConfig               0x080026ec   Section        0  misc.o(i.NVIC_PriorityGroupConfig)
    i.PendSV_Handler                         0x08002700   Section        0  stm32f10x_it.o(i.PendSV_Handler)
    i.RCC_AHBPeriphClockCmd                  0x08002704   Section        0  stm32f10x_rcc.o(i.RCC_AHBPeriphClockCmd)
    i.RCC_APB1PeriphClockCmd                 0x0800271c   Section        0  stm32f10x_rcc.o(i.RCC_APB1PeriphClockCmd)
    i.RCC_APB2PeriphClockCmd                 0x08002734   Section        0  stm32f10x_rcc.o(i.RCC_APB2PeriphClockCmd)
    i.RCC_GetClocksFreq                      0x0800274c   Section        0  stm32f10x_rcc.o(i.RCC_GetClocksFreq)
    i.RegCoilListAdd                         0x080027e0   Section        0  md_rtu_regcoil.o(i.RegCoilListAdd)
    i.SPI2_Init                              0x08002800   Section        0  spi.o(i.SPI2_Init)
    i.SPI2_ReadWriteByte                     0x08002894   Section        0  spi.o(i.SPI2_ReadWriteByte)
    i.SPI2_SetSpeed                          0x080028e4   Section        0  spi.o(i.SPI2_SetSpeed)
    i.SPI_Cmd                                0x08002900   Section        0  stm32f10x_spi.o(i.SPI_Cmd)
    i.SPI_I2S_GetFlagStatus                  0x08002914   Section        0  stm32f10x_spi.o(i.SPI_I2S_GetFlagStatus)
    i.SPI_I2S_ReceiveData                    0x08002922   Section        0  stm32f10x_spi.o(i.SPI_I2S_ReceiveData)
    i.SPI_I2S_SendData                       0x08002926   Section        0  stm32f10x_spi.o(i.SPI_I2S_SendData)
    i.SPI_Init                               0x0800292a   Section        0  stm32f10x_spi.o(i.SPI_Init)
    i.SVC_Handler                            0x08002962   Section        0  stm32f10x_it.o(i.SVC_Handler)
    i.SetSysClockTo72                        0x08002964   Section        0  system_stm32f10x.o(i.SetSysClockTo72)
    SetSysClockTo72                          0x08002965   Thumb Code   160  system_stm32f10x.o(i.SetSysClockTo72)
    i.SysTick_CLKSourceConfig                0x08002a0c   Section        0  misc.o(i.SysTick_CLKSourceConfig)
    i.SysTick_Handler                        0x08002a24   Section        0  stm32f10x_it.o(i.SysTick_Handler)
    i.SystemInit                             0x08002a28   Section        0  system_stm32f10x.o(i.SystemInit)
    i.TIM3_IRQHandler                        0x08002a78   Section        0  tim3.o(i.TIM3_IRQHandler)
    i.TIM3_Int_Init                          0x08002ab4   Section        0  tim3.o(i.TIM3_Int_Init)
    i.TIM_ClearITPendingBit                  0x08002b14   Section        0  stm32f10x_tim.o(i.TIM_ClearITPendingBit)
    i.TIM_Cmd                                0x08002b1a   Section        0  stm32f10x_tim.o(i.TIM_Cmd)
    i.TIM_GetITStatus                        0x08002b2e   Section        0  stm32f10x_tim.o(i.TIM_GetITStatus)
    i.TIM_ITConfig                           0x08002b46   Section        0  stm32f10x_tim.o(i.TIM_ITConfig)
    i.TIM_TimeBaseInit                       0x08002b58   Section        0  stm32f10x_tim.o(i.TIM_TimeBaseInit)
    i.TP_Adj_Info_Show                       0x08002bf4   Section        0  touch.o(i.TP_Adj_Info_Show)
    i.TP_Adjust                              0x08002d8c   Section        0  touch.o(i.TP_Adjust)
    i.TP_Drow_Touch_Point                    0x08003340   Section        0  touch.o(i.TP_Drow_Touch_Point)
    i.TP_Get_Adjdata                         0x080033c0   Section        0  touch.o(i.TP_Get_Adjdata)
    i.TP_Init                                0x0800343c   Section        0  touch.o(i.TP_Init)
    i.TP_Read_AD                             0x080034f4   Section        0  touch.o(i.TP_Read_AD)
    i.TP_Read_XOY                            0x08003578   Section        0  touch.o(i.TP_Read_XOY)
    i.TP_Read_XY                             0x080035d8   Section        0  touch.o(i.TP_Read_XY)
    i.TP_Read_XY2                            0x08003600   Section        0  touch.o(i.TP_Read_XY2)
    i.TP_Save_Adjdata                        0x0800367c   Section        0  touch.o(i.TP_Save_Adjdata)
    i.TP_Scan                                0x080036dc   Section        0  touch.o(i.TP_Scan)
    i.TP_Write_Byte                          0x0800377c   Section        0  touch.o(i.TP_Write_Byte)
    i.USART1_IRQHandler                      0x080037c4   Section        0  usart.o(i.USART1_IRQHandler)
    i.USART_Cmd                              0x080037f4   Section        0  stm32f10x_usart.o(i.USART_Cmd)
    i.USART_GetITStatus                      0x08003808   Section        0  stm32f10x_usart.o(i.USART_GetITStatus)
    i.USART_ITConfig                         0x08003846   Section        0  stm32f10x_usart.o(i.USART_ITConfig)
    i.USART_Init                             0x08003878   Section        0  stm32f10x_usart.o(i.USART_Init)
    i.USART_ReceiveData                      0x08003924   Section        0  stm32f10x_usart.o(i.USART_ReceiveData)
    i.UsageFault_Handler                     0x0800392c   Section        0  stm32f10x_it.o(i.UsageFault_Handler)
    i.W25QXX_Erase_Sector                    0x08003930   Section        0  w25qxx.o(i.W25QXX_Erase_Sector)
    i.W25QXX_Init                            0x0800397c   Section        0  w25qxx.o(i.W25QXX_Init)
    i.W25QXX_Read                            0x080039d4   Section        0  w25qxx.o(i.W25QXX_Read)
    i.W25QXX_ReadID                          0x08003a24   Section        0  w25qxx.o(i.W25QXX_ReadID)
    i.W25QXX_ReadSR                          0x08003a68   Section        0  w25qxx.o(i.W25QXX_ReadSR)
    i.W25QXX_Wait_Busy                       0x08003a8c   Section        0  w25qxx.o(i.W25QXX_Wait_Busy)
    i.W25QXX_Write                           0x08003a98   Section        0  w25qxx.o(i.W25QXX_Write)
    i.W25QXX_Write_Enable                    0x08003b34   Section        0  w25qxx.o(i.W25QXX_Write_Enable)
    i.W25QXX_Write_NoCheck                   0x08003b54   Section        0  w25qxx.o(i.W25QXX_Write_NoCheck)
    i.W25QXX_Write_Page                      0x08003b94   Section        0  w25qxx.o(i.W25QXX_Write_Page)
    i.__scatterload_copy                     0x08003bec   Section       14  handlers.o(i.__scatterload_copy)
    i.__scatterload_null                     0x08003bfa   Section        2  handlers.o(i.__scatterload_null)
    i.__scatterload_zeroinit                 0x08003bfc   Section       14  handlers.o(i.__scatterload_zeroinit)
    i.__set_errno                            0x08003c0c   Section        0  errno.o(i.__set_errno)
    i.amg88xx_init                           0x08003c18   Section        0  bsp_amg88xx.o(i.amg88xx_init)
    i.amg88xx_write                          0x08003c3a   Section        0  bsp_amg88xx.o(i.amg88xx_write)
    i.crc16_update                           0x08003c78   Section        0  md_rtu_crc16.o(i.crc16_update)
    i.delay_init                             0x08003c8c   Section        0  delay.o(i.delay_init)
    i.delay_ms                               0x08003cc8   Section        0  delay.o(i.delay_ms)
    i.delay_us                               0x08003cfc   Section        0  delay.o(i.delay_us)
    i.main                                   0x08003d30   Section        0  main.o(i.main)
    i.sqrt                                   0x08003e3c   Section        0  sqrt.o(i.sqrt)
    i.uart_init                              0x08003e88   Section        0  usart.o(i.uart_init)
    i.uart_send_bytes                        0x08003f28   Section        0  usart.o(i.uart_send_bytes)
    .constdata                               0x08003f4c   Section        4  touch.o(.constdata)
    .constdata                               0x08003f50   Section     1140  font.o(.constdata)
    .constdata                               0x080043c4   Section     1520  font.o(.constdata)
    .constdata                               0x080049b4   Section     3420  font.o(.constdata)
    .constdata                               0x08005710   Section       10  md_rtu_app.o(.constdata)
    .constdata                               0x0800571a   Section      512  md_rtu_crc16.o(.constdata)
    crc16_table                              0x0800571a   Data         512  md_rtu_crc16.o(.constdata)
    .conststring                             0x0800591c   Section      121  touch.o(.conststring)
    .data                                    0x20000000   Section       20  system_stm32f10x.o(.data)
    .data                                    0x20000014   Section        4  lcd.o(.data)
    .data                                    0x20000018   Section        2  w25qxx.o(.data)
    .data                                    0x2000001c   Section       64  touch.o(.data)
    .data                                    0x2000005c   Section        4  tim3.o(.data)
    .data                                    0x20000060   Section        4  delay.o(.data)
    fac_us                                   0x20000060   Data           1  delay.o(.data)
    fac_ms                                   0x20000062   Data           2  delay.o(.data)
    .data                                    0x20000064   Section       20  stm32f10x_rcc.o(.data)
    ADCPrescTable                            0x20000064   Data           4  stm32f10x_rcc.o(.data)
    APBAHBPrescTable                         0x20000068   Data          16  stm32f10x_rcc.o(.data)
    .data                                    0x20000078   Section       64  md_rtu_app.o(.data)
    .data                                    0x200000b8   Section       24  md_rtu_app.o(.data)
    .data                                    0x200000d0   Section        8  md_rtu_app.o(.data)
    .data                                    0x200000d8   Section        4  md_rtu_serial.o(.data)
    .data                                    0x200000dc   Section        4  mdm_rtu_serial.o(.data)
    .data                                    0x200000e0   Section        4  errno.o(.data)
    _errno                                   0x200000e0   Data           4  errno.o(.data)
    .bss                                     0x200000e4   Section       14  lcd.o(.bss)
    .bss                                     0x200000f2   Section     4096  w25qxx.o(.bss)
    .bss                                     0x200010f4   Section      912  md_rtu_app.o(.bss)
    STACK                                    0x20001488   Section     1024  startup_stm32f10x_hd.o(STACK)

    Global Symbols

    Symbol Name                              Value     Ov Type        Size  Object(Section)

    BuildAttributes$$THM_ISAv4$P$D$K$B$S$PE$A:L22UL41UL21$X:L11$S22US41US21$IEEE1$IW$USESV6$~STKCKD$USESV7$~SHL$OTIME$ROPI$IEEEJ$EBA8$MICROLIB$REQ8$PRES8$EABIv2 0x00000000   Number         0  anon$$obj.o ABSOLUTE
    __ARM_use_no_argv                        0x00000000   Number         0  main.o ABSOLUTE
    __use_no_errno                           0x00000000   Number         0  useno.o ABSOLUTE
    __use_no_exception_handling              0x00000000   Number         0  useno.o ABSOLUTE
    __use_no_fp                              0x00000000   Number         0  useno.o ABSOLUTE
    __use_no_heap                            0x00000000   Number         0  useno.o ABSOLUTE
    __use_no_heap_region                     0x00000000   Number         0  useno.o ABSOLUTE
    __use_no_semihosting                     0x00000000   Number         0  useno.o ABSOLUTE
    __use_no_semihosting_swi                 0x00000000   Number         0  useno.o ABSOLUTE
    __use_no_signal_handling                 0x00000000   Number         0  useno.o ABSOLUTE
    __cpp_initialize__aeabi_                  - Undefined Weak Reference
    __cxa_finalize                            - Undefined Weak Reference
    __decompress                              - Undefined Weak Reference
    _clock_init                               - Undefined Weak Reference
    _microlib_exit                            - Undefined Weak Reference
    __Vectors_Size                           0x00000130   Number         0  startup_stm32f10x_hd.o ABSOLUTE
    __Vectors                                0x08000000   Data           4  startup_stm32f10x_hd.o(RESET)
    __Vectors_End                            0x08000130   Data           0  startup_stm32f10x_hd.o(RESET)
    __main                                   0x08000131   Thumb Code     0  entry.o(.ARM.Collect$$$$00000000)
    _main_stk                                0x08000131   Thumb Code     0  entry2.o(.ARM.Collect$$$$00000001)
    _main_scatterload                        0x08000135   Thumb Code     0  entry5.o(.ARM.Collect$$$$00000004)
    __main_after_scatterload                 0x08000139   Thumb Code     0  entry5.o(.ARM.Collect$$$$00000004)
    _main_clock                              0x08000139   Thumb Code     0  entry7b.o(.ARM.Collect$$$$00000008)
    _main_cpp_init                           0x08000139   Thumb Code     0  entry8b.o(.ARM.Collect$$$$0000000A)
    _main_init                               0x08000139   Thumb Code     0  entry9a.o(.ARM.Collect$$$$0000000B)
    __rt_final_cpp                           0x08000141   Thumb Code     0  entry10a.o(.ARM.Collect$$$$0000000D)
    __rt_final_exit                          0x08000141   Thumb Code     0  entry11a.o(.ARM.Collect$$$$0000000F)
    Reset_Handler                            0x08000145   Thumb Code     8  startup_stm32f10x_hd.o(.text)
    ADC1_2_IRQHandler                        0x0800015f   Thumb Code     0  startup_stm32f10x_hd.o(.text)
    ADC3_IRQHandler                          0x0800015f   Thumb Code     0  startup_stm32f10x_hd.o(.text)
    CAN1_RX1_IRQHandler                      0x0800015f   Thumb Code     0  startup_stm32f10x_hd.o(.text)
    CAN1_SCE_IRQHandler                      0x0800015f   Thumb Code     0  startup_stm32f10x_hd.o(.text)
    DMA1_Channel1_IRQHandler                 0x0800015f   Thumb Code     0  startup_stm32f10x_hd.o(.text)
    DMA1_Channel2_IRQHandler                 0x0800015f   Thumb Code     0  startup_stm32f10x_hd.o(.text)
    DMA1_Channel3_IRQHandler                 0x0800015f   Thumb Code     0  startup_stm32f10x_hd.o(.text)
    DMA1_Channel4_IRQHandler                 0x0800015f   Thumb Code     0  startup_stm32f10x_hd.o(.text)
    DMA1_Channel5_IRQHandler                 0x0800015f   Thumb Code     0  startup_stm32f10x_hd.o(.text)
    DMA1_Channel6_IRQHandler                 0x0800015f   Thumb Code     0  startup_stm32f10x_hd.o(.text)
    DMA1_Channel7_IRQHandler                 0x0800015f   Thumb Code     0  startup_stm32f10x_hd.o(.text)
    DMA2_Channel1_IRQHandler                 0x0800015f   Thumb Code     0  startup_stm32f10x_hd.o(.text)
    DMA2_Channel2_IRQHandler                 0x0800015f   Thumb Code     0  startup_stm32f10x_hd.o(.text)
    DMA2_Channel3_IRQHandler                 0x0800015f   Thumb Code     0  startup_stm32f10x_hd.o(.text)
    DMA2_Channel4_5_IRQHandler               0x0800015f   Thumb Code     0  startup_stm32f10x_hd.o(.text)
    EXTI0_IRQHandler                         0x0800015f   Thumb Code     0  startup_stm32f10x_hd.o(.text)
    EXTI15_10_IRQHandler                     0x0800015f   Thumb Code     0  startup_stm32f10x_hd.o(.text)
    EXTI1_IRQHandler                         0x0800015f   Thumb Code     0  startup_stm32f10x_hd.o(.text)
    EXTI2_IRQHandler                         0x0800015f   Thumb Code     0  startup_stm32f10x_hd.o(.text)
    EXTI3_IRQHandler                         0x0800015f   Thumb Code     0  startup_stm32f10x_hd.o(.text)
    EXTI4_IRQHandler                         0x0800015f   Thumb Code     0  startup_stm32f10x_hd.o(.text)
    EXTI9_5_IRQHandler                       0x0800015f   Thumb Code     0  startup_stm32f10x_hd.o(.text)
    FLASH_IRQHandler                         0x0800015f   Thumb Code     0  startup_stm32f10x_hd.o(.text)
    FSMC_IRQHandler                          0x0800015f   Thumb Code     0  startup_stm32f10x_hd.o(.text)
    I2C1_ER_IRQHandler                       0x0800015f   Thumb Code     0  startup_stm32f10x_hd.o(.text)
    I2C1_EV_IRQHandler                       0x0800015f   Thumb Code     0  startup_stm32f10x_hd.o(.text)
    I2C2_ER_IRQHandler                       0x0800015f   Thumb Code     0  startup_stm32f10x_hd.o(.text)
    I2C2_EV_IRQHandler                       0x0800015f   Thumb Code     0  startup_stm32f10x_hd.o(.text)
    PVD_IRQHandler                           0x0800015f   Thumb Code     0  startup_stm32f10x_hd.o(.text)
    RCC_IRQHandler                           0x0800015f   Thumb Code     0  startup_stm32f10x_hd.o(.text)
    RTCAlarm_IRQHandler                      0x0800015f   Thumb Code     0  startup_stm32f10x_hd.o(.text)
    RTC_IRQHandler                           0x0800015f   Thumb Code     0  startup_stm32f10x_hd.o(.text)
    SDIO_IRQHandler                          0x0800015f   Thumb Code     0  startup_stm32f10x_hd.o(.text)
    SPI1_IRQHandler                          0x0800015f   Thumb Code     0  startup_stm32f10x_hd.o(.text)
    SPI2_IRQHandler                          0x0800015f   Thumb Code     0  startup_stm32f10x_hd.o(.text)
    SPI3_IRQHandler                          0x0800015f   Thumb Code     0  startup_stm32f10x_hd.o(.text)
    TAMPER_IRQHandler                        0x0800015f   Thumb Code     0  startup_stm32f10x_hd.o(.text)
    TIM1_BRK_IRQHandler                      0x0800015f   Thumb Code     0  startup_stm32f10x_hd.o(.text)
    TIM1_CC_IRQHandler                       0x0800015f   Thumb Code     0  startup_stm32f10x_hd.o(.text)
    TIM1_TRG_COM_IRQHandler                  0x0800015f   Thumb Code     0  startup_stm32f10x_hd.o(.text)
    TIM1_UP_IRQHandler                       0x0800015f   Thumb Code     0  startup_stm32f10x_hd.o(.text)
    TIM2_IRQHandler                          0x0800015f   Thumb Code     0  startup_stm32f10x_hd.o(.text)
    TIM4_IRQHandler                          0x0800015f   Thumb Code     0  startup_stm32f10x_hd.o(.text)
    TIM5_IRQHandler                          0x0800015f   Thumb Code     0  startup_stm32f10x_hd.o(.text)
    TIM6_IRQHandler                          0x0800015f   Thumb Code     0  startup_stm32f10x_hd.o(.text)
    TIM7_IRQHandler                          0x0800015f   Thumb Code     0  startup_stm32f10x_hd.o(.text)
    TIM8_BRK_IRQHandler                      0x0800015f   Thumb Code     0  startup_stm32f10x_hd.o(.text)
    TIM8_CC_IRQHandler                       0x0800015f   Thumb Code     0  startup_stm32f10x_hd.o(.text)
    TIM8_TRG_COM_IRQHandler                  0x0800015f   Thumb Code     0  startup_stm32f10x_hd.o(.text)
    TIM8_UP_IRQHandler                       0x0800015f   Thumb Code     0  startup_stm32f10x_hd.o(.text)
    UART4_IRQHandler                         0x0800015f   Thumb Code     0  startup_stm32f10x_hd.o(.text)
    UART5_IRQHandler                         0x0800015f   Thumb Code     0  startup_stm32f10x_hd.o(.text)
    USART2_IRQHandler                        0x0800015f   Thumb Code     0  startup_stm32f10x_hd.o(.text)
    USART3_IRQHandler                        0x0800015f   Thumb Code     0  startup_stm32f10x_hd.o(.text)
    USBWakeUp_IRQHandler                     0x0800015f   Thumb Code     0  startup_stm32f10x_hd.o(.text)
    USB_HP_CAN1_TX_IRQHandler                0x0800015f   Thumb Code     0  startup_stm32f10x_hd.o(.text)
    USB_LP_CAN1_RX0_IRQHandler               0x0800015f   Thumb Code     0  startup_stm32f10x_hd.o(.text)
    WWDG_IRQHandler                          0x0800015f   Thumb Code     0  startup_stm32f10x_hd.o(.text)
    __aeabi_fadd                             0x08000169   Thumb Code   164  fadd.o(.text)
    __aeabi_fsub                             0x0800020d   Thumb Code     6  fadd.o(.text)
    __aeabi_frsub                            0x08000213   Thumb Code     6  fadd.o(.text)
    __aeabi_fmul                             0x08000219   Thumb Code   100  fmul.o(.text)
    __aeabi_fdiv                             0x0800027d   Thumb Code   124  fdiv.o(.text)
    __ARM_scalbnf                            0x080002f9   Thumb Code    24  fscalb.o(.text)
    scalbnf                                  0x080002f9   Thumb Code     0  fscalb.o(.text)
    __aeabi_dmul                             0x08000311   Thumb Code   228  dmul.o(.text)
    __aeabi_ddiv                             0x080003f5   Thumb Code   222  ddiv.o(.text)
    __aeabi_i2f                              0x080004d3   Thumb Code    18  fflti.o(.text)
    __aeabi_ui2f                             0x080004e5   Thumb Code    10  ffltui.o(.text)
    __aeabi_ui2d                             0x080004ef   Thumb Code    26  dfltui.o(.text)
    __aeabi_f2iz                             0x08000509   Thumb Code    50  ffixi.o(.text)
    __aeabi_f2uiz                            0x0800053b   Thumb Code    40  ffixui.o(.text)
    __aeabi_d2uiz                            0x08000563   Thumb Code    50  dfixui.o(.text)
    __aeabi_f2d                              0x08000595   Thumb Code    38  f2d.o(.text)
    __aeabi_cdcmpeq                          0x080005bd   Thumb Code     0  cdcmple.o(.text)
    __aeabi_cdcmple                          0x080005bd   Thumb Code    48  cdcmple.o(.text)
    __aeabi_cdrcmple                         0x080005ed   Thumb Code    48  cdrcmple.o(.text)
    __aeabi_d2f                              0x0800061d   Thumb Code    56  d2f.o(.text)
    __aeabi_llsr                             0x08000655   Thumb Code    32  llushr.o(.text)
    _ll_ushift_r                             0x08000655   Thumb Code     0  llushr.o(.text)
    __I$use$fp                               0x08000675   Thumb Code     0  iusefp.o(.text)
    _float_round                             0x08000675   Thumb Code    18  fepilogue.o(.text)
    _float_epilogue                          0x08000687   Thumb Code    92  fepilogue.o(.text)
    _double_round                            0x080006e3   Thumb Code    30  depilogue.o(.text)
    _double_epilogue                         0x08000701   Thumb Code   156  depilogue.o(.text)
    _dsqrt                                   0x0800079d   Thumb Code   162  dsqrt.o(.text)
    __scatterload                            0x08000841   Thumb Code    28  init.o(.text)
    __scatterload_rt2                        0x08000841   Thumb Code     0  init.o(.text)
    __aeabi_llsl                             0x08000865   Thumb Code    30  llshl.o(.text)
    _ll_shift_l                              0x08000865   Thumb Code     0  llshl.o(.text)
    BusFault_Handler                         0x08000883   Thumb Code     2  stm32f10x_it.o(i.BusFault_Handler)
    DebugMon_Handler                         0x08000885   Thumb Code     2  stm32f10x_it.o(i.DebugMon_Handler)
    DrawFont_GBK16B                          0x08000889   Thumb Code    44  gbk_libdrive.o(i.DrawFont_GBK16B)
    FSMC_NORSRAMCmd                          0x080008bd   Thumb Code    26  stm32f10x_fsmc.o(i.FSMC_NORSRAMCmd)
    FSMC_NORSRAMInit                         0x080008dd   Thumb Code   200  stm32f10x_fsmc.o(i.FSMC_NORSRAMInit)
    FontLib_Read                             0x080009a5   Thumb Code    98  gbk_libdrive.o(i.FontLib_Read)
    Font_SPI_WR                              0x08000a0d   Thumb Code    90  gbk_libdrive.o(i.Font_SPI_WR)
    GBK_GetASC_Point                         0x08000a71   Thumb Code    76  gbk_libdrive.o(i.GBK_GetASC_Point)
    GBK_Lib_GetHz                            0x08000ad1   Thumb Code   126  gbk_libdrive.o(i.GBK_Lib_GetHz)
    GBK_Lib_Init                             0x08000b59   Thumb Code    96  gbk_libdrive.o(i.GBK_Lib_Init)
    GBK_ReadID                               0x08000bc1   Thumb Code   132  gbk_libdrive.o(i.GBK_ReadID)
    GBK_ShowASCII                            0x08000c45   Thumb Code   158  gbk_libdrive.o(i.GBK_ShowASCII)
    GBK_Show_Font                            0x08000ce3   Thumb Code   148  gbk_libdrive.o(i.GBK_Show_Font)
    GBK_Show_Str                             0x08000d77   Thumb Code   188  gbk_libdrive.o(i.GBK_Show_Str)
    GBK_delay                                0x08000e33   Thumb Code    24  gbk_libdrive.o(i.GBK_delay)
    GPIO_Init                                0x08000e4b   Thumb Code   156  stm32f10x_gpio.o(i.GPIO_Init)
    GPIO_ReadInputDataBit                    0x08000ee7   Thumb Code    14  stm32f10x_gpio.o(i.GPIO_ReadInputDataBit)
    GPIO_ResetBits                           0x08000ef5   Thumb Code     4  stm32f10x_gpio.o(i.GPIO_ResetBits)
    GPIO_SetBits                             0x08000ef9   Thumb Code     4  stm32f10x_gpio.o(i.GPIO_SetBits)
    HardFault_Handler                        0x08000efd   Thumb Code     2  stm32f10x_it.o(i.HardFault_Handler)
    IIC_Init                                 0x08000f01   Thumb Code    46  myiic.o(i.IIC_Init)
    IIC_Send_Byte                            0x08000f35   Thumb Code    94  myiic.o(i.IIC_Send_Byte)
    IIC_Start                                0x08000f9d   Thumb Code    56  myiic.o(i.IIC_Start)
    IIC_Stop                                 0x08000fdd   Thumb Code    58  myiic.o(i.IIC_Stop)
    IIC_Wait_Ack                             0x08001021   Thumb Code    78  myiic.o(i.IIC_Wait_Ack)
    KEY_Init                                 0x08001079   Thumb Code    52  key.o(i.KEY_Init)
    LCD_Clear                                0x080010b5   Thumb Code    52  lcd.o(i.LCD_Clear)
    LCD_Display_Dir                          0x080010f1   Thumb Code   108  lcd.o(i.LCD_Display_Dir)
    LCD_DrawLine                             0x08001161   Thumb Code   152  lcd.o(i.LCD_DrawLine)
    LCD_DrawPoint                            0x080011f9   Thumb Code    20  lcd.o(i.LCD_DrawPoint)
    LCD_Draw_Circle                          0x08001215   Thumb Code   196  lcd.o(i.LCD_Draw_Circle)
    LCD_Fast_DrawPoint                       0x080012d9   Thumb Code    50  lcd.o(i.LCD_Fast_DrawPoint)
    LCD_Init                                 0x08001315   Thumb Code   678  lcd.o(i.LCD_Init)
    LCD_Pow                                  0x080015d9   Thumb Code    16  lcd.o(i.LCD_Pow)
    LCD_RD_DATA                              0x080015e9   Thumb Code    16  lcd.o(i.LCD_RD_DATA)
    LCD_ReadReg                              0x080015fd   Thumb Code    20  lcd.o(i.LCD_ReadReg)
    LCD_Scan_Dir                             0x08001615   Thumb Code   118  lcd.o(i.LCD_Scan_Dir)
    LCD_SetCursor                            0x08001695   Thumb Code    44  lcd.o(i.LCD_SetCursor)
    LCD_Set_Window                           0x080016c9   Thumb Code    72  lcd.o(i.LCD_Set_Window)
    LCD_ShowChar                             0x08001719   Thumb Code   180  lcd.o(i.LCD_ShowChar)
    LCD_ShowNum                              0x080017e1   Thumb Code   116  lcd.o(i.LCD_ShowNum)
    LCD_ShowString                           0x08001855   Thumb Code    84  lcd.o(i.LCD_ShowString)
    LCD_WriteRAM_Prepare                     0x080018a9   Thumb Code    10  lcd.o(i.LCD_WriteRAM_Prepare)
    LCD_WriteReg                             0x080018bd   Thumb Code    10  lcd.o(i.LCD_WriteReg)
    LED_Init                                 0x080018cd   Thumb Code    70  led.o(i.LED_Init)
    MDInitQueue                              0x0800191d   Thumb Code    32  md_rtu_queue.o(i.MDInitQueue)
    MDMSerialRecvByte                        0x0800193d   Thumb Code    16  mdm_rtu_serial.o(i.MDMSerialRecvByte)
    MDMTimeHandler100US                      0x08001951   Thumb Code    16  mdm_rtu_serial.o(i.MDMTimeHandler100US)
    MDQueueLength                            0x08001965   Thumb Code    32  md_rtu_queue.o(i.MDQueueLength)
    MDResetQueue                             0x08001985   Thumb Code    16  md_rtu_queue.o(i.MDResetQueue)
    MDSAPPWriteFunciton                      0x08001995   Thumb Code    44  md_rtu_app.o(i.MDSAPPWriteFunciton)
    MDSInitSerial                            0x080019c5   Thumb Code    20  md_rtu_serial.o(i.MDSInitSerial)
    MDSSerialRecvByte                        0x080019e5   Thumb Code    16  md_rtu_serial.o(i.MDSSerialRecvByte)
    MDSSerialSWRecv_Send                     0x080019f9   Thumb Code     2  md_rtu_serial.o(i.MDSSerialSWRecv_Send)
    MDSSerialSendBytes                       0x080019fb   Thumb Code     4  md_rtu_serial.o(i.MDSSerialSendBytes)
    MDSTimeHandler100US                      0x08001a01   Thumb Code    16  md_rtu_serial.o(i.MDSTimeHandler100US)
    MDS_RTU_APPInit                          0x08001a15   Thumb Code    66  md_rtu_app.o(i.MDS_RTU_APPInit)
    MDS_RTU_Init                             0x08001a6d   Thumb Code   242  md_rtu_fun.o(i.MDS_RTU_Init)
    MDS_RTU_Loop                             0x08001b71   Thumb Code    16  md_rtu_app.o(i.MDS_RTU_Loop)
    MDS_RTU_Process                          0x08001b85   Thumb Code   206  md_rtu_fun.o(i.MDS_RTU_Process)
    MDS_RTU_ReadBits                         0x08001c53   Thumb Code   130  md_rtu_user_fun.o(i.MDS_RTU_ReadBits)
    MDS_RTU_ReadDataProcess                  0x08001cd5   Thumb Code   532  md_rtu_fun.o(i.MDS_RTU_ReadDataProcess)
    MDS_RTU_ReadRegs                         0x08001ee9   Thumb Code   102  md_rtu_user_fun.o(i.MDS_RTU_ReadRegs)
    MDS_RTU_RecvByte                         0x08001f4f   Thumb Code    58  md_rtu_fun.o(i.MDS_RTU_RecvByte)
    MDS_RTU_SetWriteListenFun                0x0800206d   Thumb Code     8  md_rtu_fun.o(i.MDS_RTU_SetWriteListenFun)
    MDS_RTU_TimeHandler                      0x08002075   Thumb Code   108  md_rtu_fun.o(i.MDS_RTU_TimeHandler)
    MDS_RTU_UserUpdate                       0x080020e1   Thumb Code    66  md_rtu_app.o(i.MDS_RTU_UserUpdate)
    MDS_RTU_WriteBit                         0x0800212d   Thumb Code   102  md_rtu_user_fun.o(i.MDS_RTU_WriteBit)
    MDS_RTU_WriteBits                        0x08002193   Thumb Code   146  md_rtu_user_fun.o(i.MDS_RTU_WriteBits)
    MDS_RTU_WriteDataProcess                 0x08002225   Thumb Code   822  md_rtu_fun.o(i.MDS_RTU_WriteDataProcess)
    MDS_RTU_WriteReg                         0x0800255b   Thumb Code    76  md_rtu_user_fun.o(i.MDS_RTU_WriteReg)
    MDS_RTU_WriteRegs                        0x080025a7   Thumb Code   122  md_rtu_user_fun.o(i.MDS_RTU_WriteRegs)
    MDdeQueue                                0x08002621   Thumb Code    46  md_rtu_queue.o(i.MDdeQueue)
    MDenQueue                                0x0800264f   Thumb Code    52  md_rtu_queue.o(i.MDenQueue)
    MemManage_Handler                        0x08002683   Thumb Code     2  stm32f10x_it.o(i.MemManage_Handler)
    NMI_Handler                              0x08002685   Thumb Code     2  stm32f10x_it.o(i.NMI_Handler)
    NVIC_Init                                0x08002689   Thumb Code    94  misc.o(i.NVIC_Init)
    NVIC_PriorityGroupConfig                 0x080026ed   Thumb Code    10  misc.o(i.NVIC_PriorityGroupConfig)
    PendSV_Handler                           0x08002701   Thumb Code     2  stm32f10x_it.o(i.PendSV_Handler)
    RCC_AHBPeriphClockCmd                    0x08002705   Thumb Code    18  stm32f10x_rcc.o(i.RCC_AHBPeriphClockCmd)
    RCC_APB1PeriphClockCmd                   0x0800271d   Thumb Code    18  stm32f10x_rcc.o(i.RCC_APB1PeriphClockCmd)
    RCC_APB2PeriphClockCmd                   0x08002735   Thumb Code    18  stm32f10x_rcc.o(i.RCC_APB2PeriphClockCmd)
    RCC_GetClocksFreq                        0x0800274d   Thumb Code   132  stm32f10x_rcc.o(i.RCC_GetClocksFreq)
    RegCoilListAdd                           0x080027e1   Thumb Code    32  md_rtu_regcoil.o(i.RegCoilListAdd)
    SPI2_Init                                0x08002801   Thumb Code   138  spi.o(i.SPI2_Init)
    SPI2_ReadWriteByte                       0x08002895   Thumb Code    76  spi.o(i.SPI2_ReadWriteByte)
    SPI2_SetSpeed                            0x080028e5   Thumb Code    24  spi.o(i.SPI2_SetSpeed)
    SPI_Cmd                                  0x08002901   Thumb Code    20  stm32f10x_spi.o(i.SPI_Cmd)
    SPI_I2S_GetFlagStatus                    0x08002915   Thumb Code    14  stm32f10x_spi.o(i.SPI_I2S_GetFlagStatus)
    SPI_I2S_ReceiveData                      0x08002923   Thumb Code     4  stm32f10x_spi.o(i.SPI_I2S_ReceiveData)
    SPI_I2S_SendData                         0x08002927   Thumb Code     4  stm32f10x_spi.o(i.SPI_I2S_SendData)
    SPI_Init                                 0x0800292b   Thumb Code    56  stm32f10x_spi.o(i.SPI_Init)
    SVC_Handler                              0x08002963   Thumb Code     2  stm32f10x_it.o(i.SVC_Handler)
    SysTick_CLKSourceConfig                  0x08002a0d   Thumb Code    24  misc.o(i.SysTick_CLKSourceConfig)
    SysTick_Handler                          0x08002a25   Thumb Code     2  stm32f10x_it.o(i.SysTick_Handler)
    SystemInit                               0x08002a29   Thumb Code    64  system_stm32f10x.o(i.SystemInit)
    TIM3_IRQHandler                          0x08002a79   Thumb Code    50  tim3.o(i.TIM3_IRQHandler)
    TIM3_Int_Init                            0x08002ab5   Thumb Code    90  tim3.o(i.TIM3_Int_Init)
    TIM_ClearITPendingBit                    0x08002b15   Thumb Code     6  stm32f10x_tim.o(i.TIM_ClearITPendingBit)
    TIM_Cmd                                  0x08002b1b   Thumb Code    20  stm32f10x_tim.o(i.TIM_Cmd)
    TIM_GetITStatus                          0x08002b2f   Thumb Code    24  stm32f10x_tim.o(i.TIM_GetITStatus)
    TIM_ITConfig                             0x08002b47   Thumb Code    16  stm32f10x_tim.o(i.TIM_ITConfig)
    TIM_TimeBaseInit                         0x08002b59   Thumb Code   114  stm32f10x_tim.o(i.TIM_TimeBaseInit)
    TP_Adj_Info_Show                         0x08002bf5   Thumb Code   358  touch.o(i.TP_Adj_Info_Show)
    TP_Adjust                                0x08002d8d   Thumb Code  1384  touch.o(i.TP_Adjust)
    TP_Drow_Touch_Point                      0x08003341   Thumb Code   122  touch.o(i.TP_Drow_Touch_Point)
    TP_Get_Adjdata                           0x080033c1   Thumb Code   114  touch.o(i.TP_Get_Adjdata)
    TP_Init                                  0x0800343d   Thumb Code   170  touch.o(i.TP_Init)
    TP_Read_AD                               0x080034f5   Thumb Code   124  touch.o(i.TP_Read_AD)
    TP_Read_XOY                              0x08003579   Thumb Code    96  touch.o(i.TP_Read_XOY)
    TP_Read_XY                               0x080035d9   Thumb Code    34  touch.o(i.TP_Read_XY)
    TP_Read_XY2                              0x08003601   Thumb Code   124  touch.o(i.TP_Read_XY2)
    TP_Save_Adjdata                          0x0800367d   Thumb Code    88  touch.o(i.TP_Save_Adjdata)
    TP_Scan                                  0x080036dd   Thumb Code   152  touch.o(i.TP_Scan)
    TP_Write_Byte                            0x0800377d   Thumb Code    62  touch.o(i.TP_Write_Byte)
    USART1_IRQHandler                        0x080037c5   Thumb Code    44  usart.o(i.USART1_IRQHandler)
    USART_Cmd                                0x080037f5   Thumb Code    20  stm32f10x_usart.o(i.USART_Cmd)
    USART_GetITStatus                        0x08003809   Thumb Code    62  stm32f10x_usart.o(i.USART_GetITStatus)
    USART_ITConfig                           0x08003847   Thumb Code    48  stm32f10x_usart.o(i.USART_ITConfig)
    USART_Init                               0x08003879   Thumb Code   166  stm32f10x_usart.o(i.USART_Init)
    USART_ReceiveData                        0x08003925   Thumb Code     8  stm32f10x_usart.o(i.USART_ReceiveData)
    UsageFault_Handler                       0x0800392d   Thumb Code     2  stm32f10x_it.o(i.UsageFault_Handler)
    W25QXX_Erase_Sector                      0x08003931   Thumb Code    72  w25qxx.o(i.W25QXX_Erase_Sector)
    W25QXX_Init                              0x0800397d   Thumb Code    76  w25qxx.o(i.W25QXX_Init)
    W25QXX_Read                              0x080039d5   Thumb Code    76  w25qxx.o(i.W25QXX_Read)
    W25QXX_ReadID                            0x08003a25   Thumb Code    62  w25qxx.o(i.W25QXX_ReadID)
    W25QXX_ReadSR                            0x08003a69   Thumb Code    32  w25qxx.o(i.W25QXX_ReadSR)
    W25QXX_Wait_Busy                         0x08003a8d   Thumb Code    12  w25qxx.o(i.W25QXX_Wait_Busy)
    W25QXX_Write                             0x08003a99   Thumb Code   150  w25qxx.o(i.W25QXX_Write)
    W25QXX_Write_Enable                      0x08003b35   Thumb Code    26  w25qxx.o(i.W25QXX_Write_Enable)
    W25QXX_Write_NoCheck                     0x08003b55   Thumb Code    62  w25qxx.o(i.W25QXX_Write_NoCheck)
    W25QXX_Write_Page                        0x08003b95   Thumb Code    82  w25qxx.o(i.W25QXX_Write_Page)
    __scatterload_copy                       0x08003bed   Thumb Code    14  handlers.o(i.__scatterload_copy)
    __scatterload_null                       0x08003bfb   Thumb Code     2  handlers.o(i.__scatterload_null)
    __scatterload_zeroinit                   0x08003bfd   Thumb Code    14  handlers.o(i.__scatterload_zeroinit)
    __set_errno                              0x08003c0d   Thumb Code     6  errno.o(i.__set_errno)
    amg88xx_init                             0x08003c19   Thumb Code    34  bsp_amg88xx.o(i.amg88xx_init)
    amg88xx_write                            0x08003c3b   Thumb Code    60  bsp_amg88xx.o(i.amg88xx_write)
    crc16_update                             0x08003c79   Thumb Code    16  md_rtu_crc16.o(i.crc16_update)
    delay_init                               0x08003c8d   Thumb Code    46  delay.o(i.delay_init)
    delay_ms                                 0x08003cc9   Thumb Code    46  delay.o(i.delay_ms)
    delay_us                                 0x08003cfd   Thumb Code    46  delay.o(i.delay_us)
    main                                     0x08003d31   Thumb Code   196  main.o(i.main)
    sqrt                                     0x08003e3d   Thumb Code    76  sqrt.o(i.sqrt)
    uart_init                                0x08003e89   Thumb Code   152  usart.o(i.uart_init)
    uart_send_bytes                          0x08003f29   Thumb Code    30  usart.o(i.uart_send_bytes)
    TP_MSG                                   0x08003f4c   Data           4  touch.o(.constdata)
    asc2_1206                                0x08003f50   Data        1140  font.o(.constdata)
    asc2_1608                                0x080043c4   Data        1520  font.o(.constdata)
    asc2_2412                                0x080049b4   Data        3420  font.o(.constdata)
    Region$$Table$$Base                      0x08005998   Number         0  anon$$obj.o(Region$$Table)
    Region$$Table$$Limit                     0x080059b8   Number         0  anon$$obj.o(Region$$Table)
    SystemCoreClock                          0x20000000   Data           4  system_stm32f10x.o(.data)
    AHBPrescTable                            0x20000004   Data          16  system_stm32f10x.o(.data)
    POINT_COLOR                              0x20000014   Data           2  lcd.o(.data)
    BACK_COLOR                               0x20000016   Data           2  lcd.o(.data)
    W25QXX_TYPE                              0x20000018   Data           2  w25qxx.o(.data)
    CMD_RDX                                  0x2000001c   Data           1  touch.o(.data)
    CMD_RDY                                  0x2000001d   Data           1  touch.o(.data)
    TData                                    0x20000020   Data           4  touch.o(.data)
    tp_dev                                   0x20000024   Data          56  touch.o(.data)
    sys_tick_100us                           0x2000005c   Data           4  tim3.o(.data)
    regCoilData0                             0x20000078   Data          64  md_rtu_app.o(.data)
    regCoilItem0                             0x200000b8   Data          12  md_rtu_app.o(.data)
    regCoilItem1                             0x200000c4   Data          12  md_rtu_app.o(.data)
    regCoilData1                             0x200000d0   Data           8  md_rtu_app.o(.data)
    pModbusBase                              0x200000d8   Data           4  md_rtu_serial.o(.data)
    pModbusMBase                             0x200000dc   Data           4  mdm_rtu_serial.o(.data)
    lcddev                                   0x200000e4   Data          14  lcd.o(.bss)
    W25QXX_BUFFER                            0x200000f2   Data        4096  w25qxx.o(.bss)
    modbusS_RTU                              0x200010f4   Data         912  md_rtu_app.o(.bss)
    __initial_sp                             0x20001888   Data           0  startup_stm32f10x_hd.o(STACK)



==============================================================================

Memory Map of the image

  Image Entry point : 0x08000131

  Load Region LR_IROM1 (Base: 0x08000000, Size: 0x00005a9c, Max: 0x00080000, ABSOLUTE)

    Execution Region ER_IROM1 (Exec base: 0x08000000, Load base: 0x08000000, Size: 0x000059b8, Max: 0x00080000, ABSOLUTE)

    Exec Addr    Load Addr    Size         Type   Attr      Idx    E Section Name        Object

    0x08000000   0x08000000   0x00000130   Data   RO         1122    RESET               startup_stm32f10x_hd.o
    0x08000130   0x08000130   0x00000000   Code   RO         3150  * .ARM.Collect$$$$00000000  mc_w.l(entry.o)
    0x08000130   0x08000130   0x00000004   Code   RO         3187    .ARM.Collect$$$$00000001  mc_w.l(entry2.o)
    0x08000134   0x08000134   0x00000004   Code   RO         3190    .ARM.Collect$$$$00000004  mc_w.l(entry5.o)
    0x08000138   0x08000138   0x00000000   Code   RO         3192    .ARM.Collect$$$$00000008  mc_w.l(entry7b.o)
    0x08000138   0x08000138   0x00000000   Code   RO         3194    .ARM.Collect$$$$0000000A  mc_w.l(entry8b.o)
    0x08000138   0x08000138   0x00000008   Code   RO         3195    .ARM.Collect$$$$0000000B  mc_w.l(entry9a.o)
    0x08000140   0x08000140   0x00000000   Code   RO         3197    .ARM.Collect$$$$0000000D  mc_w.l(entry10a.o)
    0x08000140   0x08000140   0x00000000   Code   RO         3199    .ARM.Collect$$$$0000000F  mc_w.l(entry11a.o)
    0x08000140   0x08000140   0x00000004   Code   RO         3188    .ARM.Collect$$$$00002712  mc_w.l(entry2.o)
    0x08000144   0x08000144   0x00000024   Code   RO         1123    .text               startup_stm32f10x_hd.o
    0x08000168   0x08000168   0x000000b0   Code   RO         3155    .text               mf_w.l(fadd.o)
    0x08000218   0x08000218   0x00000064   Code   RO         3157    .text               mf_w.l(fmul.o)
    0x0800027c   0x0800027c   0x0000007c   Code   RO         3159    .text               mf_w.l(fdiv.o)
    0x080002f8   0x080002f8   0x00000018   Code   RO         3161    .text               mf_w.l(fscalb.o)
    0x08000310   0x08000310   0x000000e4   Code   RO         3163    .text               mf_w.l(dmul.o)
    0x080003f4   0x080003f4   0x000000de   Code   RO         3165    .text               mf_w.l(ddiv.o)
    0x080004d2   0x080004d2   0x00000012   Code   RO         3167    .text               mf_w.l(fflti.o)
    0x080004e4   0x080004e4   0x0000000a   Code   RO         3169    .text               mf_w.l(ffltui.o)
    0x080004ee   0x080004ee   0x0000001a   Code   RO         3171    .text               mf_w.l(dfltui.o)
    0x08000508   0x08000508   0x00000032   Code   RO         3173    .text               mf_w.l(ffixi.o)
    0x0800053a   0x0800053a   0x00000028   Code   RO         3175    .text               mf_w.l(ffixui.o)
    0x08000562   0x08000562   0x00000032   Code   RO         3177    .text               mf_w.l(dfixui.o)
    0x08000594   0x08000594   0x00000026   Code   RO         3179    .text               mf_w.l(f2d.o)
    0x080005ba   0x080005ba   0x00000002   PAD
    0x080005bc   0x080005bc   0x00000030   Code   RO         3181    .text               mf_w.l(cdcmple.o)
    0x080005ec   0x080005ec   0x00000030   Code   RO         3183    .text               mf_w.l(cdrcmple.o)
    0x0800061c   0x0800061c   0x00000038   Code   RO         3185    .text               mf_w.l(d2f.o)
    0x08000654   0x08000654   0x00000020   Code   RO         3201    .text               mc_w.l(llushr.o)
    0x08000674   0x08000674   0x00000000   Code   RO         3210    .text               mc_w.l(iusefp.o)
    0x08000674   0x08000674   0x0000006e   Code   RO         3211    .text               mf_w.l(fepilogue.o)
    0x080006e2   0x080006e2   0x000000ba   Code   RO         3213    .text               mf_w.l(depilogue.o)
    0x0800079c   0x0800079c   0x000000a2   Code   RO         3215    .text               mf_w.l(dsqrt.o)
    0x0800083e   0x0800083e   0x00000002   PAD
    0x08000840   0x08000840   0x00000024   Code   RO         3217    .text               mc_w.l(init.o)
    0x08000864   0x08000864   0x0000001e   Code   RO         3219    .text               mc_w.l(llshl.o)
    0x08000882   0x08000882   0x00000002   Code   RO          158    i.BusFault_Handler  stm32f10x_it.o
    0x08000884   0x08000884   0x00000002   Code   RO          159    i.DebugMon_Handler  stm32f10x_it.o
    0x08000886   0x08000886   0x00000002   PAD
    0x08000888   0x08000888   0x00000034   Code   RO         2457    i.DrawFont_GBK16B   gbk_libdrive.o
    0x080008bc   0x080008bc   0x00000020   Code   RO         1174    i.FSMC_NORSRAMCmd   stm32f10x_fsmc.o
    0x080008dc   0x080008dc   0x000000c8   Code   RO         1176    i.FSMC_NORSRAMInit  stm32f10x_fsmc.o
    0x080009a4   0x080009a4   0x00000068   Code   RO         2460    i.FontLib_Read      gbk_libdrive.o
    0x08000a0c   0x08000a0c   0x00000064   Code   RO         2461    i.Font_SPI_WR       gbk_libdrive.o
    0x08000a70   0x08000a70   0x00000060   Code   RO         2462    i.GBK_GetASC_Point  gbk_libdrive.o
    0x08000ad0   0x08000ad0   0x00000088   Code   RO         2464    i.GBK_Lib_GetHz     gbk_libdrive.o
    0x08000b58   0x08000b58   0x00000068   Code   RO         2465    i.GBK_Lib_Init      gbk_libdrive.o
    0x08000bc0   0x08000bc0   0x00000084   Code   RO         2466    i.GBK_ReadID        gbk_libdrive.o
    0x08000c44   0x08000c44   0x0000009e   Code   RO         2467    i.GBK_ShowASCII     gbk_libdrive.o
    0x08000ce2   0x08000ce2   0x00000094   Code   RO         2468    i.GBK_Show_Font     gbk_libdrive.o
    0x08000d76   0x08000d76   0x000000bc   Code   RO         2469    i.GBK_Show_Str      gbk_libdrive.o
    0x08000e32   0x08000e32   0x00000018   Code   RO         2471    i.GBK_delay         gbk_libdrive.o
    0x08000e4a   0x08000e4a   0x0000009c   Code   RO         1289    i.GPIO_Init         stm32f10x_gpio.o
    0x08000ee6   0x08000ee6   0x0000000e   Code   RO         1293    i.GPIO_ReadInputDataBit  stm32f10x_gpio.o
    0x08000ef4   0x08000ef4   0x00000004   Code   RO         1296    i.GPIO_ResetBits    stm32f10x_gpio.o
    0x08000ef8   0x08000ef8   0x00000004   Code   RO         1297    i.GPIO_SetBits      stm32f10x_gpio.o
    0x08000efc   0x08000efc   0x00000002   Code   RO          160    i.HardFault_Handler  stm32f10x_it.o
    0x08000efe   0x08000efe   0x00000002   PAD
    0x08000f00   0x08000f00   0x00000034   Code   RO          325    i.IIC_Init          myiic.o
    0x08000f34   0x08000f34   0x00000068   Code   RO          328    i.IIC_Send_Byte     myiic.o
    0x08000f9c   0x08000f9c   0x00000040   Code   RO          329    i.IIC_Start         myiic.o
    0x08000fdc   0x08000fdc   0x00000044   Code   RO          330    i.IIC_Stop          myiic.o
    0x08001020   0x08001020   0x00000058   Code   RO          331    i.IIC_Wait_Ack      myiic.o
    0x08001078   0x08001078   0x0000003c   Code   RO          390    i.KEY_Init          key.o
    0x080010b4   0x080010b4   0x0000003c   Code   RO          416    i.LCD_Clear         lcd.o
    0x080010f0   0x080010f0   0x00000070   Code   RO          420    i.LCD_Display_Dir   lcd.o
    0x08001160   0x08001160   0x00000098   Code   RO          421    i.LCD_DrawLine      lcd.o
    0x080011f8   0x080011f8   0x0000001c   Code   RO          422    i.LCD_DrawPoint     lcd.o
    0x08001214   0x08001214   0x000000c4   Code   RO          424    i.LCD_Draw_Circle   lcd.o
    0x080012d8   0x080012d8   0x0000003c   Code   RO          425    i.LCD_Fast_DrawPoint  lcd.o
    0x08001314   0x08001314   0x000002c4   Code   RO          427    i.LCD_Init          lcd.o
    0x080015d8   0x080015d8   0x00000010   Code   RO          428    i.LCD_Pow           lcd.o
    0x080015e8   0x080015e8   0x00000014   Code   RO          429    i.LCD_RD_DATA       lcd.o
    0x080015fc   0x080015fc   0x00000018   Code   RO          431    i.LCD_ReadReg       lcd.o
    0x08001614   0x08001614   0x00000080   Code   RO          432    i.LCD_Scan_Dir      lcd.o
    0x08001694   0x08001694   0x00000034   Code   RO          433    i.LCD_SetCursor     lcd.o
    0x080016c8   0x080016c8   0x00000050   Code   RO          434    i.LCD_Set_Window    lcd.o
    0x08001718   0x08001718   0x000000c8   Code   RO          435    i.LCD_ShowChar      lcd.o
    0x080017e0   0x080017e0   0x00000074   Code   RO          436    i.LCD_ShowNum       lcd.o
    0x08001854   0x08001854   0x00000054   Code   RO          437    i.LCD_ShowString    lcd.o
    0x080018a8   0x080018a8   0x00000014   Code   RO          442    i.LCD_WriteRAM_Prepare  lcd.o
    0x080018bc   0x080018bc   0x00000010   Code   RO          443    i.LCD_WriteReg      lcd.o
    0x080018cc   0x080018cc   0x00000050   Code   RO          378    i.LED_Init          led.o
    0x0800191c   0x0800191c   0x00000020   Code   RO         2700    i.MDInitQueue       md_rtu_queue.o
    0x0800193c   0x0800193c   0x00000014   Code   RO         3088    i.MDMSerialRecvByte  mdm_rtu_serial.o
    0x08001950   0x08001950   0x00000014   Code   RO         3091    i.MDMTimeHandler100US  mdm_rtu_serial.o
    0x08001964   0x08001964   0x00000020   Code   RO         2702    i.MDQueueLength     md_rtu_queue.o
    0x08001984   0x08001984   0x00000010   Code   RO         2703    i.MDResetQueue      md_rtu_queue.o
    0x08001994   0x08001994   0x00000030   Code   RO         2568    i.MDSAPPWriteFunciton  md_rtu_app.o
    0x080019c4   0x080019c4   0x00000020   Code   RO         2820    i.MDSInitSerial     md_rtu_serial.o
    0x080019e4   0x080019e4   0x00000014   Code   RO         2821    i.MDSSerialRecvByte  md_rtu_serial.o
    0x080019f8   0x080019f8   0x00000002   Code   RO         2822    i.MDSSerialSWRecv_Send  md_rtu_serial.o
    0x080019fa   0x080019fa   0x00000004   Code   RO         2823    i.MDSSerialSendBytes  md_rtu_serial.o
    0x080019fe   0x080019fe   0x00000002   PAD
    0x08001a00   0x08001a00   0x00000014   Code   RO         2824    i.MDSTimeHandler100US  md_rtu_serial.o
    0x08001a14   0x08001a14   0x00000058   Code   RO         2569    i.MDS_RTU_APPInit   md_rtu_app.o
    0x08001a6c   0x08001a6c   0x00000104   Code   RO         2637    i.MDS_RTU_Init      md_rtu_fun.o
    0x08001b70   0x08001b70   0x00000014   Code   RO         2570    i.MDS_RTU_Loop      md_rtu_app.o
    0x08001b84   0x08001b84   0x000000ce   Code   RO         2638    i.MDS_RTU_Process   md_rtu_fun.o
    0x08001c52   0x08001c52   0x00000082   Code   RO         2778    i.MDS_RTU_ReadBits  md_rtu_user_fun.o
    0x08001cd4   0x08001cd4   0x00000214   Code   RO         2639    i.MDS_RTU_ReadDataProcess  md_rtu_fun.o
    0x08001ee8   0x08001ee8   0x00000066   Code   RO         2779    i.MDS_RTU_ReadRegs  md_rtu_user_fun.o
    0x08001f4e   0x08001f4e   0x0000003a   Code   RO         2640    i.MDS_RTU_RecvByte  md_rtu_fun.o
    0x08001f88   0x08001f88   0x00000010   Code   RO         2641    i.MDS_RTU_SendByte  md_rtu_fun.o
    0x08001f98   0x08001f98   0x00000060   Code   RO         2642    i.MDS_RTU_SendErrorCode  md_rtu_fun.o
    0x08001ff8   0x08001ff8   0x00000074   Code   RO         2643    i.MDS_RTU_SerialProcess  md_rtu_fun.o
    0x0800206c   0x0800206c   0x00000008   Code   RO         2644    i.MDS_RTU_SetWriteListenFun  md_rtu_fun.o
    0x08002074   0x08002074   0x0000006c   Code   RO         2645    i.MDS_RTU_TimeHandler  md_rtu_fun.o
    0x080020e0   0x080020e0   0x0000004c   Code   RO         2571    i.MDS_RTU_UserUpdate  md_rtu_app.o
    0x0800212c   0x0800212c   0x00000066   Code   RO         2780    i.MDS_RTU_WriteBit  md_rtu_user_fun.o
    0x08002192   0x08002192   0x00000092   Code   RO         2781    i.MDS_RTU_WriteBits  md_rtu_user_fun.o
    0x08002224   0x08002224   0x00000336   Code   RO         2646    i.MDS_RTU_WriteDataProcess  md_rtu_fun.o
    0x0800255a   0x0800255a   0x0000004c   Code   RO         2782    i.MDS_RTU_WriteReg  md_rtu_user_fun.o
    0x080025a6   0x080025a6   0x0000007a   Code   RO         2783    i.MDS_RTU_WriteRegs  md_rtu_user_fun.o
    0x08002620   0x08002620   0x0000002e   Code   RO         2704    i.MDdeQueue         md_rtu_queue.o
    0x0800264e   0x0800264e   0x00000034   Code   RO         2706    i.MDenQueue         md_rtu_queue.o
    0x08002682   0x08002682   0x00000002   Code   RO          161    i.MemManage_Handler  stm32f10x_it.o
    0x08002684   0x08002684   0x00000002   Code   RO          162    i.NMI_Handler       stm32f10x_it.o
    0x08002686   0x08002686   0x00000002   PAD
    0x08002688   0x08002688   0x00000064   Code   RO         1127    i.NVIC_Init         misc.o
    0x080026ec   0x080026ec   0x00000014   Code   RO         1128    i.NVIC_PriorityGroupConfig  misc.o
    0x08002700   0x08002700   0x00000002   Code   RO          163    i.PendSV_Handler    stm32f10x_it.o
    0x08002702   0x08002702   0x00000002   PAD
    0x08002704   0x08002704   0x00000018   Code   RO         1398    i.RCC_AHBPeriphClockCmd  stm32f10x_rcc.o
    0x0800271c   0x0800271c   0x00000018   Code   RO         1399    i.RCC_APB1PeriphClockCmd  stm32f10x_rcc.o
    0x08002734   0x08002734   0x00000018   Code   RO         1401    i.RCC_APB2PeriphClockCmd  stm32f10x_rcc.o
    0x0800274c   0x0800274c   0x00000094   Code   RO         1409    i.RCC_GetClocksFreq  stm32f10x_rcc.o
    0x080027e0   0x080027e0   0x00000020   Code   RO         2760    i.RegCoilListAdd    md_rtu_regcoil.o
    0x08002800   0x08002800   0x00000094   Code   RO          647    i.SPI2_Init         spi.o
    0x08002894   0x08002894   0x00000050   Code   RO          648    i.SPI2_ReadWriteByte  spi.o
    0x080028e4   0x080028e4   0x0000001c   Code   RO          649    i.SPI2_SetSpeed     spi.o
    0x08002900   0x08002900   0x00000014   Code   RO         1602    i.SPI_Cmd           stm32f10x_spi.o
    0x08002914   0x08002914   0x0000000e   Code   RO         1610    i.SPI_I2S_GetFlagStatus  stm32f10x_spi.o
    0x08002922   0x08002922   0x00000004   Code   RO         1613    i.SPI_I2S_ReceiveData  stm32f10x_spi.o
    0x08002926   0x08002926   0x00000004   Code   RO         1614    i.SPI_I2S_SendData  stm32f10x_spi.o
    0x0800292a   0x0800292a   0x00000038   Code   RO         1615    i.SPI_Init          stm32f10x_spi.o
    0x08002962   0x08002962   0x00000002   Code   RO          164    i.SVC_Handler       stm32f10x_it.o
    0x08002964   0x08002964   0x000000a8   Code   RO          247    i.SetSysClockTo72   system_stm32f10x.o
    0x08002a0c   0x08002a0c   0x00000018   Code   RO         1131    i.SysTick_CLKSourceConfig  misc.o
    0x08002a24   0x08002a24   0x00000002   Code   RO          165    i.SysTick_Handler   stm32f10x_it.o
    0x08002a26   0x08002a26   0x00000002   PAD
    0x08002a28   0x08002a28   0x00000050   Code   RO          249    i.SystemInit        system_stm32f10x.o
    0x08002a78   0x08002a78   0x0000003c   Code   RO          974    i.TIM3_IRQHandler   tim3.o
    0x08002ab4   0x08002ab4   0x00000060   Code   RO          975    i.TIM3_Int_Init     tim3.o
    0x08002b14   0x08002b14   0x00000006   Code   RO         1930    i.TIM_ClearITPendingBit  stm32f10x_tim.o
    0x08002b1a   0x08002b1a   0x00000014   Code   RO         1935    i.TIM_Cmd           stm32f10x_tim.o
    0x08002b2e   0x08002b2e   0x00000018   Code   RO         1956    i.TIM_GetITStatus   stm32f10x_tim.o
    0x08002b46   0x08002b46   0x00000010   Code   RO         1960    i.TIM_ITConfig      stm32f10x_tim.o
    0x08002b56   0x08002b56   0x00000002   PAD
    0x08002b58   0x08002b58   0x0000009c   Code   RO         2006    i.TIM_TimeBaseInit  stm32f10x_tim.o
    0x08002bf4   0x08002bf4   0x00000198   Code   RO          779    i.TP_Adj_Info_Show  touch.o
    0x08002d8c   0x08002d8c   0x000005b4   Code   RO          780    i.TP_Adjust         touch.o
    0x08003340   0x08003340   0x00000080   Code   RO          782    i.TP_Drow_Touch_Point  touch.o
    0x080033c0   0x080033c0   0x0000007c   Code   RO          783    i.TP_Get_Adjdata    touch.o
    0x0800343c   0x0800343c   0x000000b8   Code   RO          784    i.TP_Init           touch.o
    0x080034f4   0x080034f4   0x00000084   Code   RO          785    i.TP_Read_AD        touch.o
    0x08003578   0x08003578   0x00000060   Code   RO          786    i.TP_Read_XOY       touch.o
    0x080035d8   0x080035d8   0x00000028   Code   RO          787    i.TP_Read_XY        touch.o
    0x08003600   0x08003600   0x0000007c   Code   RO          788    i.TP_Read_XY2       touch.o
    0x0800367c   0x0800367c   0x00000060   Code   RO          789    i.TP_Save_Adjdata   touch.o
    0x080036dc   0x080036dc   0x000000a0   Code   RO          790    i.TP_Scan           touch.o
    0x0800377c   0x0800377c   0x00000048   Code   RO          791    i.TP_Write_Byte     touch.o
    0x080037c4   0x080037c4   0x00000030   Code   RO         1062    i.USART1_IRQHandler  usart.o
    0x080037f4   0x080037f4   0x00000014   Code   RO         1745    i.USART_Cmd         stm32f10x_usart.o
    0x08003808   0x08003808   0x0000003e   Code   RO         1749    i.USART_GetITStatus  stm32f10x_usart.o
    0x08003846   0x08003846   0x00000030   Code   RO         1751    i.USART_ITConfig    stm32f10x_usart.o
    0x08003876   0x08003876   0x00000002   PAD
    0x08003878   0x08003878   0x000000ac   Code   RO         1752    i.USART_Init        stm32f10x_usart.o
    0x08003924   0x08003924   0x00000008   Code   RO         1759    i.USART_ReceiveData  stm32f10x_usart.o
    0x0800392c   0x0800392c   0x00000002   Code   RO          166    i.UsageFault_Handler  stm32f10x_it.o
    0x0800392e   0x0800392e   0x00000002   PAD
    0x08003930   0x08003930   0x0000004c   Code   RO          675    i.W25QXX_Erase_Sector  w25qxx.o
    0x0800397c   0x0800397c   0x00000058   Code   RO          676    i.W25QXX_Init       w25qxx.o
    0x080039d4   0x080039d4   0x00000050   Code   RO          678    i.W25QXX_Read       w25qxx.o
    0x08003a24   0x08003a24   0x00000044   Code   RO          679    i.W25QXX_ReadID     w25qxx.o
    0x08003a68   0x08003a68   0x00000024   Code   RO          680    i.W25QXX_ReadSR     w25qxx.o
    0x08003a8c   0x08003a8c   0x0000000c   Code   RO          682    i.W25QXX_Wait_Busy  w25qxx.o
    0x08003a98   0x08003a98   0x0000009c   Code   RO          683    i.W25QXX_Write      w25qxx.o
    0x08003b34   0x08003b34   0x00000020   Code   RO          685    i.W25QXX_Write_Enable  w25qxx.o
    0x08003b54   0x08003b54   0x0000003e   Code   RO          686    i.W25QXX_Write_NoCheck  w25qxx.o
    0x08003b92   0x08003b92   0x00000002   PAD
    0x08003b94   0x08003b94   0x00000058   Code   RO          687    i.W25QXX_Write_Page  w25qxx.o
    0x08003bec   0x08003bec   0x0000000e   Code   RO         3223    i.__scatterload_copy  mc_w.l(handlers.o)
    0x08003bfa   0x08003bfa   0x00000002   Code   RO         3224    i.__scatterload_null  mc_w.l(handlers.o)
    0x08003bfc   0x08003bfc   0x0000000e   Code   RO         3225    i.__scatterload_zeroinit  mc_w.l(handlers.o)
    0x08003c0a   0x08003c0a   0x00000002   PAD
    0x08003c0c   0x08003c0c   0x0000000c   Code   RO         3205    i.__set_errno       mc_w.l(errno.o)
    0x08003c18   0x08003c18   0x00000022   Code   RO          277    i.amg88xx_init      bsp_amg88xx.o
    0x08003c3a   0x08003c3a   0x0000003c   Code   RO          281    i.amg88xx_write     bsp_amg88xx.o
    0x08003c76   0x08003c76   0x00000002   PAD
    0x08003c78   0x08003c78   0x00000014   Code   RO         2620    i.crc16_update      md_rtu_crc16.o
    0x08003c8c   0x08003c8c   0x0000003c   Code   RO         1007    i.delay_init        delay.o
    0x08003cc8   0x08003cc8   0x00000034   Code   RO         1008    i.delay_ms          delay.o
    0x08003cfc   0x08003cfc   0x00000034   Code   RO         1009    i.delay_us          delay.o
    0x08003d30   0x08003d30   0x0000010c   Code   RO            1    i.main              main.o
    0x08003e3c   0x08003e3c   0x0000004c   Code   RO         3143    i.sqrt              m_ws.l(sqrt.o)
    0x08003e88   0x08003e88   0x000000a0   Code   RO         1065    i.uart_init         usart.o
    0x08003f28   0x08003f28   0x00000024   Code   RO         1066    i.uart_send_bytes   usart.o
    0x08003f4c   0x08003f4c   0x00000004   Data   RO          792    .constdata          touch.o
    0x08003f50   0x08003f50   0x00000474   Data   RO          892    .constdata          font.o
    0x080043c4   0x080043c4   0x000005f0   Data   RO          893    .constdata          font.o
    0x080049b4   0x080049b4   0x00000d5c   Data   RO          894    .constdata          font.o
    0x08005710   0x08005710   0x0000000a   Data   RO         2573    .constdata          md_rtu_app.o
    0x0800571a   0x0800571a   0x00000200   Data   RO         2621    .constdata          md_rtu_crc16.o
    0x0800591a   0x0800591a   0x00000002   PAD
    0x0800591c   0x0800591c   0x00000079   Data   RO          793    .conststring        touch.o
    0x08005995   0x08005995   0x00000003   PAD
    0x08005998   0x08005998   0x00000020   Data   RO         3221    Region$$Table       anon$$obj.o


    Execution Region RW_IRAM1 (Exec base: 0x20000000, Load base: 0x080059b8, Size: 0x00001888, Max: 0x00010000, ABSOLUTE)

    Exec Addr    Load Addr    Size         Type   Attr      Idx    E Section Name        Object

    0x20000000   0x080059b8   0x00000014   Data   RW          250    .data               system_stm32f10x.o
    0x20000014   0x080059cc   0x00000004   Data   RW          447    .data               lcd.o
    0x20000018   0x080059d0   0x00000002   Data   RW          690    .data               w25qxx.o
    0x2000001a   0x080059d2   0x00000002   PAD
    0x2000001c   0x080059d4   0x00000040   Data   RW          794    .data               touch.o
    0x2000005c   0x08005a14   0x00000004   Data   RW          976    .data               tim3.o
    0x20000060   0x08005a18   0x00000004   Data   RW         1010    .data               delay.o
    0x20000064   0x08005a1c   0x00000014   Data   RW         1429    .data               stm32f10x_rcc.o
    0x20000078   0x08005a30   0x00000040   Data   RW         2574    .data               md_rtu_app.o
    0x200000b8   0x08005a70   0x00000018   Data   RW         2575    .data               md_rtu_app.o
    0x200000d0   0x08005a88   0x00000008   Data   RW         2576    .data               md_rtu_app.o
    0x200000d8   0x08005a90   0x00000004   Data   RW         2825    .data               md_rtu_serial.o
    0x200000dc   0x08005a94   0x00000004   Data   RW         3092    .data               mdm_rtu_serial.o
    0x200000e0   0x08005a98   0x00000004   Data   RW         3206    .data               mc_w.l(errno.o)
    0x200000e4        -       0x0000000e   Zero   RW          445    .bss                lcd.o
    0x200000f2        -       0x00001000   Zero   RW          689    .bss                w25qxx.o
    0x200010f2   0x08005a9c   0x00000002   PAD
    0x200010f4        -       0x00000390   Zero   RW         2572    .bss                md_rtu_app.o
    0x20001484   0x08005a9c   0x00000004   PAD
    0x20001488        -       0x00000400   Zero   RW         1120    STACK               startup_stm32f10x_hd.o


==============================================================================

Image component sizes


      Code (inc. data)   RO Data    RW Data    ZI Data      Debug   Object Name

        94          0          0          0          0       1047   bsp_amg88xx.o
       164         26          0          4          0       1655   delay.o
         0          0       6080          0          0       1150   font.o
      1242         62          0          0          0       9553   gbk_libdrive.o
        60          8          0          0          0        479   key.o
      2072        138          0          4         14      18882   lcd.o
        80         10          0          0          0        491   led.o
       268         72          0          0          0     268063   main.o
       232         40         10         96        912       6926   md_rtu_app.o
        20          4        512          0          0        979   md_rtu_crc16.o
      2222         18          0          0          0       8823   md_rtu_fun.o
       178          0          0          0          0       2837   md_rtu_queue.o
        32          0          0          0          0        989   md_rtu_regcoil.o
        78         20          0          4          0       3088   md_rtu_serial.o
       678          0          0          0          0       5856   md_rtu_user_fun.o
        40          8          0          4          0       1205   mdm_rtu_serial.o
       144         16          0          0          0       2025   misc.o
       376         44          0          0          0       2437   myiic.o
       256         18          0          0          0       1745   spi.o
        36          8        304          0       1024        780   startup_stm32f10x_hd.o
       232          6          0          0          0       1841   stm32f10x_fsmc.o
       178          0          0          0          0       3656   stm32f10x_gpio.o
        18          0          0          0          0     208270   stm32f10x_it.o
       220         34          0         20          0       5006   stm32f10x_rcc.o
        98          0          0          0          0       3758   stm32f10x_spi.o
       222         42          0          0          0       4421   stm32f10x_tim.o
       310          6          0          0          0       5090   stm32f10x_usart.o
         0          0          0          0          0         32   sys.o
       248         24          0         20          0       1665   system_stm32f10x.o
       156         16          0          4          0       1795   tim3.o
      3024        280        125         64          0      10676   touch.o
       244         18          0          0          0       2194   usart.o
       698         48          0          2       4096       6819   w25qxx.o

    ----------------------------------------------------------------------
     13942        966       7068        224       6052     594233   Object Totals
         0          0         32          0          0          0   (incl. Generated)
        22          0          5          2          6          0   (incl. Padding)

    ----------------------------------------------------------------------

      Code (inc. data)   RO Data    RW Data    ZI Data      Debug   Library Member Name

        76          0          0          0          0         84   sqrt.o
         0          0          0          0          0          0   entry.o
         0          0          0          0          0          0   entry10a.o
         0          0          0          0          0          0   entry11a.o
         8          4          0          0          0          0   entry2.o
         4          0          0          0          0          0   entry5.o
         0          0          0          0          0          0   entry7b.o
         0          0          0          0          0          0   entry8b.o
         8          4          0          0          0          0   entry9a.o
        12          6          0          4          0         68   errno.o
        30          0          0          0          0          0   handlers.o
        36          8          0          0          0         68   init.o
         0          0          0          0          0          0   iusefp.o
        30          0          0          0          0         68   llshl.o
        32          0          0          0          0         68   llushr.o
        48          0          0          0          0         68   cdcmple.o
        48          0          0          0          0         68   cdrcmple.o
        56          0          0          0          0         88   d2f.o
       222          0          0          0          0        100   ddiv.o
       186          0          0          0          0        176   depilogue.o
        50          0          0          0          0         76   dfixui.o
        26          0          0          0          0         76   dfltui.o
       228          0          0          0          0         96   dmul.o
       162          0          0          0          0        100   dsqrt.o
        38          0          0          0          0         68   f2d.o
       176          0          0          0          0        140   fadd.o
       124          0          0          0          0         88   fdiv.o
       110          0          0          0          0        168   fepilogue.o
        50          0          0          0          0         68   ffixi.o
        40          0          0          0          0         68   ffixui.o
        18          0          0          0          0         68   fflti.o
        10          0          0          0          0         68   ffltui.o
       100          0          0          0          0         76   fmul.o
        24          0          0          0          0         68   fscalb.o

    ----------------------------------------------------------------------
      1958         22          0          4          0       2084   Library Totals
         6          0          0          0          0          0   (incl. Padding)

    ----------------------------------------------------------------------

      Code (inc. data)   RO Data    RW Data    ZI Data      Debug   Library Name

        76          0          0          0          0         84   m_ws.l
       160         22          0          4          0        272   mc_w.l
      1716          0          0          0          0       1728   mf_w.l

    ----------------------------------------------------------------------
      1958         22          0          4          0       2084   Library Totals

    ----------------------------------------------------------------------

==============================================================================


      Code (inc. data)   RO Data    RW Data    ZI Data      Debug   

     15900        988       7068        228       6052     587993   Grand Totals
     15900        988       7068        228       6052     587993   ELF Image Totals
     15900        988       7068        228          0          0   ROM Totals

==============================================================================

    Total RO  Size (Code + RO Data)                22968 (  22.43kB)
    Total RW  Size (RW Data + ZI Data)              6280 (   6.13kB)
    Total ROM Size (Code + RO Data + RW Data)      23196 (  22.65kB)

==============================================================================

